   Compiling unicode-ident v1.0.24
   Compiling windows-sys v0.61.2
   Compiling crossbeam-utils v0.8.22
   Compiling proc-macro2 v1.0.107
   Compiling quote v1.0.47
   Compiling anstyle-wincon v3.0.11
   Compiling syn v2.0.119
   Compiling anstyle-query v1.1.5
   Compiling syn v3.0.3
   Compiling anstream v1.0.0
   Compiling clap_lex v1.1.0
   Compiling anyhow v1.0.104
   Compiling clap_builder v4.6.6
   Compiling windows-implement v0.60.2
   Compiling windows-interface v0.59.3
   Compiling clap_derive v4.6.4
   Compiling windows-core v0.62.2
   Compiling cpal v0.18.2 (C:\Users\linorman\NeonMix-test-20261001\vendor\cpal)
   Compiling windows-collections v0.3.2
   Compiling windows-numerics v0.3.1
   Compiling windows-future v0.3.2
   Compiling clap v4.6.6
   Compiling windows v0.62.2
   Compiling ringbuf v0.4.8
   Compiling hound v3.5.1
warning: function `frames_to_duration` is never used
   --> src\host\mod.rs:242:15
    |
242 | pub(crate) fn frames_to_duration(
    |               ^^^^^^^^^^^^^^^^^^
    |
    = note: `#[warn(dead_code)]` (part of `#[warn(unused)]`) on by default

warning: `cpal` (lib test) generated 1 warning
    Finished `test` profile [unoptimized + debuginfo] target(s) in 1m 33s
     Running unittests src\lib.rs (target\aarch64-pc-windows-gnullvm\debug\deps\cpal-02559e6724adcea8.exe)

running 1 test
test host::wasapi::stream::capture_packet_tests::initial_and_resumed_packets_do_not_report_transition_as_xrun ... ok

test result: ok. 1 passed; 0 failed; 0 ignored; 0 measured; 15 filtered out; finished in 0.00s

