    Checking neonmix-core v0.1.0 (/Volumes/projects-mac/NeonMix/crates/audio-core)
    Checking neonmix-control v0.1.0 (/Volumes/projects-mac/NeonMix/crates/control)
    Checking neonmix-airplay-ipc v0.1.0 (/Volumes/projects-mac/NeonMix/crates/airplay-ipc)
    Checking neonmix-identity v0.1.0 (/Volumes/projects-mac/NeonMix/crates/identity)
    Checking neonmix-output-binding v0.1.0 (/Volumes/projects-mac/NeonMix/crates/output-binding)
    Checking neonmix-hal v0.1.0 (/Volumes/projects-mac/NeonMix/drivers/macos/hal)
   Compiling neonmix-hub v0.1.0 (/Volumes/projects-mac/NeonMix/apps/hub)
    Checking neonmix-io v0.1.0 (/Volumes/projects-mac/NeonMix/crates/audio-io)
    Checking neonmix-media v0.1.0 (/Volumes/projects-mac/NeonMix/crates/media)
    Checking neonmix-airplay-adapter v0.1.0 (/Volumes/projects-mac/NeonMix/crates/airplay-adapter)
    Checking neonmix-macos v0.1.0 (/Volumes/projects-mac/NeonMix/adapters/macos)
    Checking neonmix-desktop-service v0.1.0 (/Volumes/projects-mac/NeonMix/crates/desktop-service)
    Checking neonmix-windows v0.1.0 (/Volumes/projects-mac/NeonMix/adapters/windows)
    Checking neonmix-linux v0.1.0 (/Volumes/projects-mac/NeonMix/adapters/linux)
    Checking neonmix-audio v0.1.0 (/Volumes/projects-mac/NeonMix/apps/audio)
    Checking neonmix-desktop v0.1.0 (/Volumes/projects-mac/NeonMix/apps/desktop)
       Fixed apps/hub/src/airplay.rs (2 fixes)
       Fixed apps/desktop/src/animation.rs (1 fix)
       Fixed apps/desktop/src/widgets.rs (2 fixes)
       Fixed apps/desktop/src/main.rs (8 fixes)
    Finished `dev` profile [unoptimized + debuginfo] target(s) in 16.60s
