Traceback (most recent call last):
  File "/Volumes/projects-mac/NeonMix/tools/macos_ui_workflow_probe.py", line 71, in <module>
    main()
    ~~~~^^
  File "/Volumes/projects-mac/NeonMix/tools/macos_ui_workflow_probe.py", line 57, in main
    probe.main()
    ~~~~~~~~~~^^
  File "/Volumes/projects-mac/NeonMix/tools/e07_native_ui_probe.py", line 112, in main
    app.press('总静音');wait_for(lambda:ipc(state,'snapshot',credential='hub/admin.json',hub=URL)['output']['muted'])
    ~~~~~~~~~^^^^^^^^^^
  File "/Volumes/projects-mac/NeonMix/tools/macos_ui_workflow_probe.py", line 51, in press
    click_native_button(self, label, last=label == "退出后台")
    ~~~~~~~~~~~~~~~~~~~^^^^^^^^^^^^^^^^^^^^^^^^^^^^^^^^^^^^^^^
  File "/Volumes/projects-mac/NeonMix/tools/macos_ui_visual_probe.py", line 60, in click_native_button
                values = app.ax(f'''set e to {target}
                         ~~~~~~^^^^^^^^^^^^^^^^^^^^^^
    if not enabled of e then return "disabled"
    ^^^^^^^^^^^^^^^^^^^^^^^^^^^^^^^^^^^^^^^^^^
    ...<3 lines>...
    set ws to size of window 1 of p
    ^^^^^^^^^^^^^^^^^^^^^^^^^^^^^^^
    return (item 1 of xy as text) & "," & (item 2 of xy as text) & "," & (item 1 of wh as text) & "," & (item 2 of wh as text) & "," & (item 2 of wp as text) & "," & (item 2 of ws as text)''')
    ^^^^^^^^^^^^^^^^^^^^^^^^^^^^^^^^^^^^^^^^^^^^^^^^^^^^^^^^^^^^^^^^^^^^^^^^^^^^^^^^^^^^^^^^^^^^^^^^^^^^^^^^^^^^^^^^^^^^^^^^^^^^^^^^^^^^^^^^^^^^^^^^^^^^^^^^^^^^^^^^^^^^^^^^^^^^^^^^^^^^^^^^^^^^
  File "/Volumes/projects-mac/NeonMix/tools/macos_ui_workflow_probe.py", line 37, in ax
    result = super().ax(body)
  File "/Volumes/projects-mac/NeonMix/tools/e07_native_ui_probe.py", line 27, in ax
    result=subprocess.run([str(DEV),'/usr/bin/osascript','-e',script],capture_output=True,text=True,cwd=ROOT,timeout=12)
  File "/opt/homebrew/Cellar/python@3.14/3.14.6/Frameworks/Python.framework/Versions/3.14/lib/python3.14/subprocess.py", line 557, in run
    stdout, stderr = process.communicate(input, timeout=timeout)
                     ~~~~~~~~~~~~~~~~~~~^^^^^^^^^^^^^^^^^^^^^^^^
  File "/opt/homebrew/Cellar/python@3.14/3.14.6/Frameworks/Python.framework/Versions/3.14/lib/python3.14/subprocess.py", line 1221, in communicate
    stdout, stderr = self._communicate(input, endtime, timeout)
                     ~~~~~~~~~~~~~~~~~^^^^^^^^^^^^^^^^^^^^^^^^^
  File "/opt/homebrew/Cellar/python@3.14/3.14.6/Frameworks/Python.framework/Versions/3.14/lib/python3.14/subprocess.py", line 2154, in _communicate
    self._check_timeout(endtime, orig_timeout, stdout, stderr)
    ~~~~~~~~~~~~~~~~~~~^^^^^^^^^^^^^^^^^^^^^^^^^^^^^^^^^^^^^^^
  File "/opt/homebrew/Cellar/python@3.14/3.14.6/Frameworks/Python.framework/Versions/3.14/lib/python3.14/subprocess.py", line 1268, in _check_timeout
    raise TimeoutExpired(
    ...<2 lines>...
            stderr=b''.join(stderr_seq) if stderr_seq else None)
subprocess.TimeoutExpired: Command '['/Volumes/projects-mac/NeonMix/tools/dev', '/usr/bin/osascript', '-e', 'tell application "System Events"\nset p to first application process whose unix id is 91782\nset e to button "总静音" of group 1 of window 1 of p\nif not enabled of e then return "disabled"\nset xy to position of e\nset wh to size of e\nset wp to position of window 1 of p\nset ws to size of window 1 of p\nreturn (item 1 of xy as text) & "," & (item 2 of xy as text) & "," & (item 1 of wh as text) & "," & (item 2 of wh as text) & "," & (item 2 of wp as text) & "," & (item 2 of ws as text)\nend tell']' timed out after 12 seconds
