    Blocking waiting for file lock on package cache
 Downloading crates ...
  Downloaded signal-hook-registry v1.4.8
  Downloaded async-recursion v1.1.1
  Downloaded async-process v2.5.0
  Downloaded async-signal v0.2.14
    Blocking waiting for file lock on build directory
   Compiling memchr v2.8.3
   Compiling libc v0.2.189
   Compiling rustix v1.1.5
   Compiling winnow v1.0.4
    Checking linux-raw-sys v0.12.1
   Compiling toml_datetime v1.1.1+spec-1.1.0
    Checking once_cell v1.21.4
    Checking log v0.4.34
   Compiling syn v3.0.6
   Compiling syn v2.0.119
    Checking smallvec v1.16.2
    Checking pin-project-lite v0.2.17
    Checking libloading v0.8.9
   Compiling hashbrown v0.17.1
   Compiling equivalent v1.0.2
    Checking dlib v0.5.3
   Compiling wayland-sys v0.31.11
    Checking slab v0.4.12
   Compiling zerocopy v0.8.59
   Compiling wayland-backend v0.3.17
    Checking parking v2.2.1
    Checking downcast-rs v1.2.1
    Checking scoped-tls v1.0.1
   Compiling indexmap v2.14.2
    Checking futures-core v0.3.34
   Compiling quick-xml v0.41.0
   Compiling serde_core v1.0.229
   Compiling crossbeam-utils v0.8.23
   Compiling toml_parser v1.1.3+spec-1.1.0
   Compiling wayland-client v0.31.15
    Checking tracing-core v0.1.36
   Compiling serde v1.0.229
   Compiling toml_edit v0.25.15+spec-1.1.0
    Checking futures-io v0.3.34
   Compiling nom v7.1.3
   Compiling toml v1.1.6+spec-1.1.0
   Compiling wayland-scanner v0.31.11
    Checking event-listener v5.4.2
   Compiling proc-macro-crate v3.5.0
   Compiling generic-array v0.14.7
    Checking fastrand v2.5.0
    Checking stable_deref_trait v1.2.1
   Compiling system-deps v7.0.8
    Checking event-listener-strategy v0.5.4
    Checking concurrent-queue v2.5.0
   Compiling zvariant_utils v2.1.0
    Checking typenum v1.20.1
    Checking futures-lite v2.6.1
   Compiling endi v1.1.1
   Compiling synstructure v0.14.0
   Compiling cexpr v0.6.0
    Checking static_assertions v1.1.0
   Compiling memoffset v0.9.1
    Checking getrandom v0.2.17
    Checking async-task v4.7.1
    Checking atomic-waker v1.1.2
    Checking piper v0.2.5
   Compiling bindgen v0.72.1
    Checking rand_core v0.6.4
    Checking ppv-lite86 v0.2.21
    Checking async-channel v2.5.0
    Checking block-buffer v0.10.4
    Checking crypto-common v0.1.7
   Compiling nix v0.29.0
   Compiling async-io v2.6.0
   Compiling thiserror v1.0.69
    Checking rand_chacha v0.3.1
    Checking digest v0.10.7
    Checking blocking v1.7.0
    Checking async-lock v3.4.2
   Compiling getrandom v0.3.4
    Checking cpufeatures v0.2.17
    Checking futures-sink v0.3.34
    Checking futures-task v0.3.34
    Checking polling v3.11.0
    Checking sha1 v0.10.7
    Checking rand v0.8.8
    Checking async-executor v1.14.0
    Checking async-broadcast v0.7.2
    Checking async-fs v2.2.0
    Checking xdg-home v1.3.0
    Checking ordered-stream v0.2.0
   Compiling ahash v0.8.12
   Compiling rustix v0.38.44
    Checking litemap v0.8.3
    Checking writeable v0.6.4
    Checking hex v0.4.3
   Compiling x11-dl v2.21.0
    Checking xcursor v0.3.11
    Checking utf8_iter v1.0.4
    Checking simd-adler32 v0.3.10
    Checking cursor-icon v1.2.0
    Checking xkeysym v0.2.1
    Checking linux-raw-sys v0.4.15
    Checking percent-encoding v2.3.2
   Compiling icu_normalizer_data v2.3.0
   Compiling icu_properties_data v2.3.0
    Checking wayland-csd-frame v0.3.0
   Compiling parking_lot_core v0.9.12
   Compiling libspa v0.10.1
   Compiling enumflags2_derive v0.7.12
   Compiling zvariant_derive v4.2.0
   Compiling tracing-attributes v0.1.31
   Compiling thiserror-impl v1.0.69
   Compiling zbus_macros v4.4.0
    Checking memmap2 v0.9.11
   Compiling serde_derive v1.0.229
   Compiling zerofrom-derive v0.1.8
   Compiling yoke-derive v0.8.3
   Compiling zerovec-derive v0.11.6
   Compiling bytemuck_derive v1.12.1
   Compiling displaydoc v0.2.7
    Checking wayland-protocols v0.32.13
   Compiling thiserror-impl v2.0.21
   Compiling futures-macro v0.3.34
    Checking tracing v0.1.44
   Compiling async-trait v0.1.92
    Checking zerofrom v0.1.8
    Checking bytemuck v1.25.2
   Compiling serde_repr v0.1.21
    Checking wayland-cursor v0.31.14
    Checking adler2 v2.0.1
    Checking yoke v0.8.3
    Checking futures-util v0.3.34
    Checking accesskit v0.17.1
    Checking scopeguard v1.2.0
    Checking lock_api v0.4.14
   Compiling crc32fast v1.5.2
    Checking calloop v0.13.0
    Checking gethostname v1.1.0
    Checking nom v8.0.0
    Checking zerovec v0.11.8
    Checking zerotrie v0.2.5
    Checking ttf-parser v0.25.1
   Compiling smithay-client-toolkit v0.19.2
    Checking x11rb-protocol v0.13.2
    Checking thiserror v2.0.21
    Checking arrayvec v0.7.8
    Checking foldhash v0.1.5
    Checking as-raw-xcb-connection v1.0.1
    Checking immutable-chunkmap v2.1.4
    Checking hashbrown v0.15.5
    Checking tinystr v0.8.4
    Checking icu_locale_core v2.3.0
    Checking potential_utf v0.1.6
    Checking icu_collections v2.3.0
    Checking enumflags2 v0.7.12
    Checking quick-xml v0.30.0
    Checking wayland-protocols-wlr v0.3.12
    Checking owned_ttf_parser v0.25.1
    Checking icu_provider v2.3.1
    Checking parking_lot v0.12.5
    Checking calloop-wayland-source v0.3.0
    Checking icu_properties v2.3.0
    Checking icu_normalizer v2.3.0
    Checking alsa-sys v0.4.0
    Checking emath v0.31.1
    Checking miniz_oxide v0.9.1
    Checking zvariant v4.2.0
    Checking raw-window-handle v0.6.2
    Checking ab_glyph_rasterizer v0.1.10
    Checking alsa v0.11.0
    Checking ab_glyph v0.2.32
    Checking neonmix-core v0.1.0 (/Volumes/projects-mac/NeonMix/crates/audio-core)
   Compiling winit v0.30.13
    Checking ecolor v0.31.1
    Checking flate2 v1.1.10
    Checking wayland-protocols-plasma v0.3.12
    Checking accesskit_consumer v0.26.0
    Checking idna_adapter v1.2.2
    Checking miniz_oxide v0.8.9
    Checking calloop v0.14.4
   Compiling libspa-sys v0.10.1
   Compiling pipewire-sys v0.10.1
    Checking xkbcommon-dl v0.4.2
    Checking fdeflate v0.3.7
   Compiling glutin_glx_sys v0.6.1
   Compiling smithay-client-toolkit v0.20.0
    Checking smol_str v0.2.2
    Checking epaint_default_fonts v0.31.1
    Checking nohash-hasher v0.2.0
    Checking pxfm v0.1.30
    Checking dpi v0.1.2
    Checking profiling v1.0.18
    Checking epaint v0.31.1
    Checking calloop-wayland-source v0.4.1
    Checking png v0.18.1
   Compiling glutin_egl_sys v0.7.1
    Checking idna v1.1.0
    Checking wayland-protocols-experimental v20250721.0.1
    Checking wayland-protocols-misc v0.3.12
    Checking form_urlencoded v1.2.2
    Checking byteorder-lite v0.1.0
   Compiling glutin v0.32.3
    Checking url v2.5.8
    Checking egui v0.31.1
   Compiling glutin-winit v0.5.0
    Checking web-time v1.1.0
    Checking glow v0.16.0
    Checking serde_json v1.0.151
   Compiling clap_derive v4.6.7
    Checking zbus_names v3.0.0
    Checking webbrowser v1.2.4
    Checking zbus_xml v4.0.0
    Checking zbus v4.4.0
    Checking smithay-clipboard v0.7.3
    Checking moxcms v0.8.1
    Checking zbus-lockstep v0.4.4
   Compiling zbus-lockstep-macros v0.4.4
    Checking clap v4.6.7
    Checking egui_glow v0.31.1
    Checking x11rb v0.13.2
    Checking image v0.25.10
    Checking arboard v3.6.1
    Checking atspi-common v0.6.0
    Checking pipewire v0.10.0
    Checking cpal v0.18.2 (/Volumes/projects-mac/NeonMix/vendor/cpal)
    Checking neonmix-io v0.1.0 (/Volumes/projects-mac/NeonMix/crates/audio-io)
    Checking atspi-proxies v0.6.0
    Checking accesskit_atspi_common v0.10.1
    Checking neonmix-linux v0.1.0 (/Volumes/projects-mac/NeonMix/adapters/linux)
    Checking neonmix-macos v0.1.0 (/Volumes/projects-mac/NeonMix/adapters/macos)
    Checking neonmix-windows v0.1.0 (/Volumes/projects-mac/NeonMix/adapters/windows)
    Checking neonmix-audio v0.1.0 (/Volumes/projects-mac/NeonMix/apps/audio)
    Checking atspi-connection v0.6.0
    Checking atspi v0.22.0
    Checking accesskit_unix v0.13.1
    Checking accesskit_winit v0.23.1
    Checking egui-winit v0.31.1
    Checking eframe v0.31.1
    Checking neonmix-desktop v0.1.0 (/Volumes/projects-mac/NeonMix/apps/desktop)
    Finished `dev` profile [unoptimized + debuginfo] target(s) in 30.82s
