{
  "passed": true,
  "capture_exit_code": 0,
  "output_exit_code": 0,
  "requested_output_rate": 44100,
  "requested_capture_rate": 44100,
  "expected_signal": "tone",
  "signal_matches": true,
  "callbacks_within_budget": true,
  "scope": "virtual-device digital bridge, not analog latency or end-to-end networking",
  "stats": {
    "callback_max_ns": 22458,
    "callback_over_budget": 0,
    "callbacks": 430,
    "clock_epoch": 1,
    "discontinuities": 1,
    "dropped_frames": 0,
    "errors": 0,
    "frames": 220160,
    "last_arrival_ns": 5110654375,
    "last_device_ns": 319624331040814,
    "last_error": 0,
    "native_device_frame_position": null,
    "native_internal_frames": null,
    "native_stream_frames": null,
    "no_data_intervals": 0,
    "peak": 0.0,
    "period_max": 512,
    "period_min": 512,
    "presented_frames": 0,
    "silent_frames": 87824,
    "stale_frames": 0,
    "submitted_frames": 0
  },
  "measurement": {
    "analyzed_frames": 220160,
    "estimated_frequency_hz": 436.9972520609543,
    "peak": 0.015848984941840172,
    "positive_zero_crossings": 1310,
    "rms": 0.00867820024326768
  },
  "expected_frequency_hz": 437.0,
  "frequency_matches": true,
  "native_clock_advances": true,
  "output_stats": {
    "callback_max_ns": 372458,
    "callback_over_budget": 0,
    "callbacks": 260,
    "clock_epoch": 1,
    "discontinuities": 0,
    "dropped_frames": 0,
    "errors": 0,
    "frames": 133120,
    "last_arrival_ns": 3068069875,
    "last_device_ns": 319622833353727,
    "last_error": 0,
    "native_device_frame_position": 132608,
    "native_internal_frames": 144335,
    "native_stream_frames": 132608,
    "no_data_intervals": 0,
    "peak": 0.0,
    "period_max": 512,
    "period_min": 512,
    "presented_frames": 132097,
    "silent_frames": 784,
    "stale_frames": 0,
    "submitted_frames": 133120
  },
  "clock": {
    "callback_frames": 512,
    "clock_timestamp_ns": 319622821743750,
    "device_timestamp_ns": 319622833353727,
    "epoch": 1,
    "epoch_exhausted": false,
    "internal_frames": 143779,
    "native_device_frame_position": 132608,
    "native_internal_frames": 144335,
    "native_stream_frames": 132608,
    "presented_frames": 132097,
    "reset": false,
    "sample_rate": 44100,
    "submitted_frames": 133120
  }
}
