    Checking neonmix-desktop v0.1.0 (/Volumes/projects-mac/NeonMix/apps/desktop)
error: function `ease_out_cubic` is never used
 --> apps/desktop/src/animation.rs:5:8
  |
5 | pub fn ease_out_cubic(t: f32) -> f32 {
  |        ^^^^^^^^^^^^^^
  |
  = note: `-D dead-code` implied by `-D warnings`
  = help: to override `-D warnings` add `#[expect(dead_code)]` or `#[allow(dead_code)]`

error: function `smooth_scroll_offset` is never used
  --> apps/desktop/src/animation.rs:63:8
   |
63 | pub fn smooth_scroll_offset(ui: &mut egui::Ui, id: impl Into<egui::Id>, target: f32) -> f32 {
   |        ^^^^^^^^^^^^^^^^^^^^

error: constant `SURFACE_5` is never used
 --> apps/desktop/src/theme.rs:9:11
  |
9 | pub const SURFACE_5: Color32 = Color32::from_rgb(0x28, 0x3e, 0x51); // 最亮表面
  |           ^^^^^^^^^

error: constant `TEXT_DISABLED` is never used
  --> apps/desktop/src/theme.rs:15:11
   |
15 | pub const TEXT_DISABLED: Color32 = Color32::from_rgb(0x4a, 0x5b, 0x69);
   |           ^^^^^^^^^^^^^

error: constant `ACCENT_HOVER` is never used
  --> apps/desktop/src/theme.rs:19:11
   |
19 | pub const ACCENT_HOVER: Color32 = Color32::from_rgb(0x4d, 0xcb, 0xfa);
   |           ^^^^^^^^^^^^

error: constant `ACCENT_ACTIVE` is never used
  --> apps/desktop/src/theme.rs:20:11
   |
20 | pub const ACCENT_ACTIVE: Color32 = Color32::from_rgb(0x27, 0xa7, 0xde);
   |           ^^^^^^^^^^^^^

error: constant `ACCENT_MUTED` is never used
  --> apps/desktop/src/theme.rs:21:11
   |
21 | pub const ACCENT_MUTED: Color32 = Color32::from_rgb(0x2d, 0x7a, 0x9a); // 低饱和辅助色
   |           ^^^^^^^^^^^^

error: constant `BACKGROUND` is never used
  --> apps/desktop/src/theme.rs:35:11
   |
35 | pub const BACKGROUND: Color32 = SURFACE_1;
   |           ^^^^^^^^^^

error: constant `SURFACE` is never used
  --> apps/desktop/src/theme.rs:36:11
   |
36 | pub const SURFACE: Color32 = SURFACE_2;
   |           ^^^^^^^

error: constant `TEXT` is never used
  --> apps/desktop/src/theme.rs:37:11
   |
37 | pub const TEXT: Color32 = TEXT_PRIMARY;
   |           ^^^^

error: constant `MUTED` is never used
  --> apps/desktop/src/theme.rs:38:11
   |
38 | pub const MUTED: Color32 = TEXT_MUTED;
   |           ^^^^^

error: constant `PRIMARY` is never used
  --> apps/desktop/src/theme.rs:39:11
   |
39 | pub const PRIMARY: Color32 = ACCENT;
   |           ^^^^^^^

error: function `section` is never used
  --> apps/desktop/src/widgets.rs:72:8
   |
72 | pub fn section(ui: &mut egui::Ui, title: &str, content: impl FnOnce(&mut egui::Ui)) {
   |        ^^^^^^^

error: variant `Danger` is never constructed
   --> apps/desktop/src/widgets.rs:228:5
    |
225 | pub enum BadgeStatus {
    |          ----------- variant in this enum
...
228 |     Danger,
    |     ^^^^^^

error: function `icon_button` is never used
   --> apps/desktop/src/widgets.rs:511:8
    |
511 | pub fn icon_button(ui: &mut egui::Ui, icon: &str, tooltip: &str) -> egui::Response {
    |        ^^^^^^^^^^^

error: function `grid` is never used
   --> apps/desktop/src/widgets.rs:584:8
    |
584 | pub fn grid(
    |        ^^^^

error: function `loading_pulse` is never used
   --> apps/desktop/src/widgets.rs:606:8
    |
606 | pub fn loading_pulse(ui: &mut egui::Ui, text: &str) {
    |        ^^^^^^^^^^^^^

error: function `progress_bar` is never used
   --> apps/desktop/src/widgets.rs:639:8
    |
639 | pub fn progress_bar(ui: &mut egui::Ui, progress: f32, label: Option<&str>) {
    |        ^^^^^^^^^^^^

error: function `info_box` is never used
   --> apps/desktop/src/widgets.rs:669:8
    |
669 | pub fn info_box(ui: &mut egui::Ui, icon: &str, text: &str, color: egui::Color32) {
    |        ^^^^^^^^

error: function `spinner` is never used
   --> apps/desktop/src/widgets.rs:710:8
    |
710 | pub fn spinner(ui: &mut egui::Ui, size: f32) {
    |        ^^^^^^^

error: function `skeleton_box` is never used
   --> apps/desktop/src/widgets.rs:747:8
    |
747 | pub fn skeleton_box(ui: &mut egui::Ui, width: f32, height: f32) {
    |        ^^^^^^^^^^^^

error: function `metric_card` is never used
   --> apps/desktop/src/widgets.rs:901:8
    |
901 | pub fn metric_card(ui: &mut egui::Ui, label: &str, value: &str, trend: Option<&str>) {
    |        ^^^^^^^^^^^

error: function `toggle` is never used
   --> apps/desktop/src/widgets.rs:929:8
    |
929 | pub fn toggle(ui: &mut egui::Ui, value: &mut bool, label: &str) -> egui::Response {
    |        ^^^^^^

error: function `compact_status_bar` is never used
   --> apps/desktop/src/widgets.rs:978:8
    |
978 | pub fn compact_status_bar(ui: &mut egui::Ui, items: &[(&str, &str, egui::Color32)]) {
    |        ^^^^^^^^^^^^^^^^^^

error: function `key_value` is never used
   --> apps/desktop/src/widgets.rs:989:8
    |
989 | pub fn key_value(ui: &mut egui::Ui, key: &str, value: &str) {
    |        ^^^^^^^^^

error: function `code_block_with_copy` is never used
   --> apps/desktop/src/widgets.rs:999:8
    |
999 | pub fn code_block_with_copy(ui: &mut egui::Ui, code: &str, label: &str) -> bool {
    |        ^^^^^^^^^^^^^^^^^^^^

error: function `collapsible_detail` is never used
    --> apps/desktop/src/widgets.rs:1035:8
     |
1035 | pub fn collapsible_detail(
     |        ^^^^^^^^^^^^^^^^^^

error: returning the result of a `let` binding from a block
  --> apps/desktop/src/animation.rs:38:5
   |
35 | /     let current = ui
36 | |         .ctx()
37 | |         .animate_value_with_time(id, target, duration.as_secs_f32());
   | |_____________________________________________________________________- unnecessary `let` binding
38 |       current
   |       ^^^^^^^
   |
   = help: for further information visit https://rust-lang.github.io/rust-clippy/rust-1.95.0/index.html#let_and_return
   = note: `-D clippy::let-and-return` implied by `-D warnings`
   = help: to override `-D warnings` add `#[allow(clippy::let_and_return)]`
help: return the expression directly
   |
35 ~     
36 ~     ui
37 +         .ctx()
38 +         .animate_value_with_time(id, target, duration.as_secs_f32())
   |

error: redundant closure
  --> apps/desktop/src/widgets.rs:87:28
   |
87 |     let peak_db = peak.map(|p| db_value(p));
   |                            ^^^^^^^^^^^^^^^ help: replace the closure with the function itself: `db_value`
   |
   = help: for further information visit https://rust-lang.github.io/rust-clippy/rust-1.95.0/index.html#redundant_closure
   = note: `-D clippy::redundant-closure` implied by `-D warnings`
   = help: to override `-D warnings` add `#[allow(clippy::redundant_closure)]`

error: redundant closure
  --> apps/desktop/src/widgets.rs:88:26
   |
88 |     let rms_db = rms.map(|r| db_value(r));
   |                          ^^^^^^^^^^^^^^^ help: replace the closure with the function itself: `db_value`
   |
   = help: for further information visit https://rust-lang.github.io/rust-clippy/rust-1.95.0/index.html#redundant_closure

error: this `if` statement can be collapsed
   --> apps/desktop/src/main.rs:777:25
    |
777 | /                         if response.clicked() {
778 | |                             if self.page != page {
779 | |                                 animation::reset_page_transition(ctx, page);
780 | |                                 self.prev_page = Some(self.page);
...   |
784 | |                         }
    | |_________________________^
    |
    = help: for further information visit https://rust-lang.github.io/rust-clippy/rust-1.95.0/index.html#collapsible_if
    = note: `-D clippy::collapsible-if` implied by `-D warnings`
    = help: to override `-D warnings` add `#[allow(clippy::collapsible_if)]`
help: collapse nested if block
    |
777 ~                         if response.clicked()
778 ~                             && self.page != page {
779 |                                 animation::reset_page_transition(ctx, page);
...
782 |                                 self.page_transition_start = Some(Instant::now());
783 ~                             }
    |

error: this `if` statement can be collapsed
    --> apps/desktop/src/main.rs:1172:17
     |
1172 | /                 if !running && configured {
1173 | |                     if widgets::primary_button(ui, "开始共享").clicked() {
1174 | |                         self.request(Request::HubStart);
1175 | |                     }
1176 | |                 }
     | |_________________^
     |
     = help: for further information visit https://rust-lang.github.io/rust-clippy/rust-1.95.0/index.html#collapsible_if
help: collapse nested if block
     |
1172 ~                 if !running && configured
1173 ~                     && widgets::primary_button(ui, "开始共享").clicked() {
1174 |                         self.request(Request::HubStart);
1175 ~                     }
     |

error: this `if` statement can be collapsed
    --> apps/desktop/src/main.rs:1177:17
     |
1177 | /                 if running {
1178 | |                     if widgets::danger_button(ui, "停止共享").clicked() {
1179 | |                         self.request(Request::HubStop);
1180 | |                     }
1181 | |                 }
     | |_________________^
     |
     = help: for further information visit https://rust-lang.github.io/rust-clippy/rust-1.95.0/index.html#collapsible_if
help: collapse nested if block
     |
1177 ~                 if running
1178 ~                     && widgets::danger_button(ui, "停止共享").clicked() {
1179 |                         self.request(Request::HubStop);
1180 ~                     }
     |

error: this `if` statement can be collapsed
    --> apps/desktop/src/main.rs:1261:21
     |
1261 | /                     if let Some(invitation_id) = self.invite_id {
1262 | |                         if widgets::secondary_button(ui, "取消邀请").clicked() {
1263 | |                             self.request(Request::CancelInvite {
1264 | |                                 credential: self.credential.clone(),
...    |
1269 | |                     }
     | |_____________________^
     |
     = help: for further information visit https://rust-lang.github.io/rust-clippy/rust-1.95.0/index.html#collapsible_if
help: collapse nested if block
     |
1261 ~                     if let Some(invitation_id) = self.invite_id
1262 ~                         && widgets::secondary_button(ui, "取消邀请").clicked() {
1263 |                             self.request(Request::CancelInvite {
 ...
1267 |                             });
1268 ~                         }
     |

error: this `if` statement can be collapsed
    --> apps/desktop/src/main.rs:2030:33
     |
2030 | / ...                   if let Some(diag) = &self.diagnostics {
2031 | | ...                       if let Some(queues) =
2032 | | ...                           diag.get("queues").and_then(Value::as_array)
...    |
2041 | | ...                   }
     | |_______________________^
     |
     = help: for further information visit https://rust-lang.github.io/rust-clippy/rust-1.95.0/index.html#collapsible_if
help: collapse nested if block
     |
2030 ~                                 if let Some(diag) = &self.diagnostics
2031 ~                                     && let Some(queues) =
2032 |                                         diag.get("queues").and_then(Value::as_array)
 ...
2039 |                                         }
2040 ~                                     }
     |

error: this `if` statement can be collapsed
    --> apps/desktop/src/main.rs:2031:37
     |
2031 | / ...                   if let Some(queues) =
2032 | | ...                       diag.get("queues").and_then(Value::as_array)
2033 | | ...                   {
2034 | | ...                       if let Some(queue_frames) =
...    |
2040 | | ...                   }
     | |_______________________^
     |
     = help: for further information visit https://rust-lang.github.io/rust-clippy/rust-1.95.0/index.html#collapsible_if
help: collapse nested if block
     |
2032 ~                                         diag.get("queues").and_then(Value::as_array)
2033 ~                                         && let Some(queue_frames) =
2034 |                                             queues.get(stream.id as usize).and_then(Value::as_f64)
 ...
2037 |                                             stats.push(("缓冲", format!("{:.1} ms", latency_ms)));
2038 ~                                         }
     |

error: this `if` statement can be collapsed
    --> apps/desktop/src/main.rs:2140:41
     |
2140 | / ...                   if self.admin() {
2141 | | ...                       if widgets::danger_button(ui, "断开设备").clicked()
2142 | | ...                       {
2143 | | ...                           self.operation(Operation::Disconnect {
...    |
2147 | | ...                   }
     | |_______________________^
     |
     = help: for further information visit https://rust-lang.github.io/rust-clippy/rust-1.95.0/index.html#collapsible_if
help: collapse nested if block
     |
2140 ~                                         if self.admin()
2141 ~                                             && widgets::danger_button(ui, "断开设备").clicked()
2142 |                                             {
 ...
2145 |                                                 });
2146 ~                                             }
     |

error: could not compile `neonmix-desktop` (bin "neonmix-desktop") due to 37 previous errors
warning: build failed, waiting for other jobs to finish...
error: could not compile `neonmix-desktop` (bin "neonmix-desktop" test) due to 37 previous errors
