{
  "passed": true,
  "sdk_version": "27.0",
  "sdk": {
    "SMPTETime.size": 24,
    "SMPTETime.mCounter": 4,
    "AudioTimeStamp.size": 64,
    "AudioStreamBasicDescription.size": 40,
    "AudioServerPlugInClientInfo.size": 24,
    "AudioServerPlugInClientInfo.mBundleID": 16,
    "AudioServerPlugInIOCycleInfo.size": 224,
    "AudioServerPlugInIOCycleInfo.mInputTime": 80,
    "AudioServerPlugInIOCycleInfo.mOutputTime": 144,
    "AudioServerPlugInDriverInterface.size": 184,
    "AudioServerPlugInDriverInterface.StartIO": 128,
    "AudioServerPlugInDriverInterface.DoIOOperation": 168,
    "Thread": 1953002084,
    "Cycle": 1668899692,
    "ReadInput": 1919246692,
    "ConvertInput": 1667853936,
    "ProcessInput": 1885957744,
    "ProcessOutput": 1886352756,
    "MixOutput": 1835628655,
    "ProcessMix": 1886218616,
    "ConvertMix": 1668114808,
    "WriteMix": 1919513701
  },
  "rust": {
    "AudioTimeStamp.size": 64,
    "SMPTETime.size": 24,
    "SMPTETime.mCounter": 4,
    "AudioStreamBasicDescription.size": 40,
    "AudioServerPlugInClientInfo.size": 24,
    "AudioServerPlugInClientInfo.mBundleID": 16,
    "AudioServerPlugInIOCycleInfo.size": 224,
    "AudioServerPlugInIOCycleInfo.mInputTime": 80,
    "AudioServerPlugInIOCycleInfo.mOutputTime": 144,
    "AudioServerPlugInDriverInterface.size": 184,
    "AudioServerPlugInDriverInterface.StartIO": 128,
    "AudioServerPlugInDriverInterface.DoIOOperation": 168,
    "Thread": 1953002084,
    "Cycle": 1668899692,
    "ReadInput": 1919246692,
    "ConvertInput": 1667853936,
    "ProcessInput": 1885957744,
    "ProcessOutput": 1886352756,
    "MixOutput": 1835628655,
    "ProcessMix": 1886218616,
    "ConvertMix": 1668114808,
    "WriteMix": 1919513701
  },
  "differences": {}
}
