{
  "pe_file_count": 159,
  "external_system_dlls": [
    "advapi32.dll",
    "api-ms-win-core-synch-l1-2-0.dll",
    "api-ms-win-core-winrt-error-l1-1-0.dll",
    "api-ms-win-core-winrt-l1-1-0.dll",
    "api-ms-win-core-winrt-string-l1-1-0.dll",
    "api-ms-win-crt-conio-l1-1-0.dll",
    "api-ms-win-crt-convert-l1-1-0.dll",
    "api-ms-win-crt-environment-l1-1-0.dll",
    "api-ms-win-crt-filesystem-l1-1-0.dll",
    "api-ms-win-crt-heap-l1-1-0.dll",
    "api-ms-win-crt-locale-l1-1-0.dll",
    "api-ms-win-crt-math-l1-1-0.dll",
    "api-ms-win-crt-multibyte-l1-1-0.dll",
    "api-ms-win-crt-private-l1-1-0.dll",
    "api-ms-win-crt-process-l1-1-0.dll",
    "api-ms-win-crt-runtime-l1-1-0.dll",
    "api-ms-win-crt-stdio-l1-1-0.dll",
    "api-ms-win-crt-string-l1-1-0.dll",
    "api-ms-win-crt-time-l1-1-0.dll",
    "api-ms-win-crt-utility-l1-1-0.dll",
    "avrt.dll",
    "bcrypt.dll",
    "bcryptprimitives.dll",
    "combase.dll",
    "comctl32.dll",
    "crypt32.dll",
    "d3d11.dll",
    "d3d12.dll",
    "dnsapi.dll",
    "dwmapi.dll",
    "dwrite.dll",
    "dxgi.dll",
    "gdi32.dll",
    "imm32.dll",
    "iphlpapi.dll",
    "kernel32.dll",
    "mmdevapi.dll",
    "msimg32.dll",
    "msvcrt.dll",
    "ntdll.dll",
    "ole32.dll",
    "oleaut32.dll",
    "opengl32.dll",
    "propsys.dll",
    "shell32.dll",
    "shlwapi.dll",
    "uiautomationcore.dll",
    "user32.dll",
    "userenv.dll",
    "uxtheme.dll",
    "winmm.dll",
    "ws2_32.dll",
"wsock32.dll"
  ],
  "missing_dlls": []
}
