{
  "scope": "Relocated directory extracted from final zip; no tools/dev or developer PATH in children",
  "relocation_directory": "E:\\Desktop\\NeonMix-test\\r05\\package verification with spaces\\NeonMix-windows-x64-20261004-source322fda1b",
  "zip_sha256": "46823171e47bf939c70cad966b522fbb61989587ed41cad20786480dd5dfdfd7",
  "archive_member_count": 985,
  "archive_forbidden_runtime_members": [],
  "cases": {
    "relocated-runtime": {
      "exit_code": 0
    },
    "relocated-devices": {
      "exit_code": 0
    },
    "relocated-output": {
      "exit_code": 0,
      "events": [
        {
          "event": "output_opened",
          "info": {
            "actual_period_frames": 480,
            "backend": "wasapi",
            "device_id": "wasapi:{0.0.0.00000000}.{b5553555-0ff1-440a-a2a0-c2cc504e62d6}",
            "format": {
              "channel_layout": "stereo",
              "sample_rate": 48000
            },
            "requested_period_frames": null,
            "resampler_delay_frames": 0,
            "sample_type": "f32",
            "stream_epoch": 1
          },
          "position_basis": "native_device_clock_plus_separate_presentation_estimate"
        },
        {
          "clock": {
            "callback_frames": 480,
            "clock_timestamp_ns": 49142999444600,
            "device_timestamp_ns": 49143041382100,
            "epoch": 1,
            "epoch_exhausted": false,
            "internal_frames": 47043,
            "native_device_frame_position": 47043,
            "native_internal_frames": 47043,
            "native_stream_frames": 47043,
            "presented_frames": 47043,
            "reset": false,
            "sample_rate": 48000,
            "submitted_frames": 49536
          },
          "event": "output_stats",
          "stats": {
            "callback_max_ns": 20300,
            "callback_over_budget": 0,
            "callbacks": 94,
            "clock_epoch": 1,
            "discontinuities": 0,
            "dropped_frames": 0,
            "errors": 0,
            "frames": 49536,
            "last_arrival_ns": 1038119500,
            "last_device_ns": 49143041382100,
            "last_error": 0,
            "native_device_frame_position": 47043,
            "native_internal_frames": 47043,
            "native_stream_frames": 47043,
            "no_data_intervals": 0,
            "peak": 0.015848834067583084,
            "period_max": 1056,
            "period_min": 480,
            "presented_frames": 47043,
            "silent_frames": 2,
            "stale_frames": 0,
            "submitted_frames": 49536
          }
        },
        {
          "clock": {
            "callback_frames": 960,
            "clock_timestamp_ns": 49143980043800,
            "device_timestamp_ns": 49144020939634,
            "epoch": 1,
            "epoch_exhausted": false,
            "internal_frames": 94133,
            "native_device_frame_position": 94133,
            "native_internal_frames": 94133,
            "native_stream_frames": 94133,
            "presented_frames": 94133,
            "reset": false,
            "sample_rate": 48000,
            "submitted_frames": 97056
          },
          "event": "output_stats",
          "stats": {
            "callback_max_ns": 21100,
            "callback_over_budget": 0,
            "callbacks": 185,
            "clock_epoch": 1,
            "discontinuities": 0,
            "dropped_frames": 0,
            "errors": 0,
            "frames": 97056,
            "last_arrival_ns": 2018730700,
            "last_device_ns": 49144020939634,
            "last_error": 0,
            "native_device_frame_position": 94133,
            "native_internal_frames": 94133,
            "native_stream_frames": 94133,
            "no_data_intervals": 0,
            "peak": 0.015848923474550247,
            "period_max": 1056,
            "period_min": 480,
            "presented_frames": 94133,
            "silent_frames": 3,
            "stale_frames": 0,
            "submitted_frames": 97056
          }
        },
        {
          "clock": {
            "callback_frames": 480,
            "clock_timestamp_ns": 49145008898200,
            "device_timestamp_ns": 49145050835700,
            "epoch": 1,
            "epoch_exhausted": false,
            "internal_frames": 143523,
            "native_device_frame_position": 143523,
            "native_internal_frames": 143523,
            "native_stream_frames": 143523,
            "presented_frames": 143523,
            "reset": false,
            "sample_rate": 48000,
            "submitted_frames": 146016
          },
          "event": "output_complete",
          "info": {
            "actual_period_frames": 480,
            "backend": "wasapi",
            "device_id": "wasapi:{0.0.0.00000000}.{b5553555-0ff1-440a-a2a0-c2cc504e62d6}",
            "format": {
              "channel_layout": "stereo",
              "sample_rate": 48000
            },
            "requested_period_frames": null,
            "resampler_delay_frames": 0,
            "sample_type": "f32",
            "stream_epoch": 1
          },
          "stats": {
            "callback_max_ns": 23800,
            "callback_over_budget": 0,
            "callbacks": 279,
            "clock_epoch": 1,
            "discontinuities": 0,
            "dropped_frames": 0,
            "errors": 0,
            "frames": 146016,
            "last_arrival_ns": 3047577500,
            "last_device_ns": 49145050835700,
            "last_error": 0,
            "native_device_frame_position": 143523,
            "native_internal_frames": 143523,
            "native_stream_frames": 143523,
            "no_data_intervals": 0,
            "peak": 0.0,
            "period_max": 1056,
            "period_min": 480,
            "presented_frames": 143523,
            "silent_frames": 724,
            "stale_frames": 0,
            "submitted_frames": 146016
          }
        }
      ]
    },
    "relocated-background": {
      "status_ok": true,
      "shutdown_ok": true,
      "exit_code": 0
    },
    "relocated-hub": {
      "output_frames": 132576,
      "output_errors": 0,
      "underrun_frames": 0
    },
    "relocated-airplay": {
      "status": {
        "active": false,
        "admission_denials": {},
        "discovery_state": "published",
        "enabled": true,
        "error": null,
        "failure_stage": null,
        "format": null,
        "ingress": {
          "accepted_packets": 0,
          "clock_resets": 0,
          "future_packets": 0,
          "identity_rejections": 0,
          "last_mapping_id": 0,
          "last_presentation_time_ns": 0,
          "last_source_rate": 0,
          "last_source_sample_position": 0,
          "last_uncertainty_ns": 0,
          "late_packets": 0,
          "latency_advance_ns": 0,
          "malformed_packets": 0,
          "output_latency_ns": 41854167,
          "overflow_packets": 0,
          "pending_bytes": 0,
          "pending_frames": 0,
          "playout_lead_ns": 0,
          "protocol_lead_ns": 0,
          "released_packets": 0,
          "timeline_rejections": 0
        },
        "last_media_reset": null,
        "max_control_ns": 330300,
        "max_loop_gap_ns": 2697000,
        "max_pcm_ns": 2000,
        "media_resets": 0,
        "mix": {
          "gain_db": 0.0,
          "muted": false,
          "solo": false
        },
        "pairing_pin": "[redacted]",
        "pairing_window_open": true,
        "pairing_window_remaining_seconds": 600,
        "playback_allowed": true,
        "playback_mode": "low_latency",
        "protocol_events": [],
        "protocol_events_dropped": 0,
        "queued_blocks": 0,
        "ready": true,
        "received_blocks": 0,
        "rejected_blocks": 0,
        "released_blocks": 0,
        "revision": 3,
        "source_id": null,
        "source_name": null,
        "source_revoked": false,
        "visibility_reason": "available"
      },
      "ready": true
    }
  },
  "loaded_modules": {
    "background": {
      "paths": [
        "E:\\Desktop\\NeonMix-test\\r05\\package verification with spaces\\NeonMix-windows-x64-20261004-source322fda1b\\bin\\neonmix-background.exe",
        "C:\\Windows\\SYSTEM32\\ntdll.dll",
        "C:\\Windows\\System32\\KERNEL32.DLL",
        "C:\\Windows\\System32\\KERNELBASE.dll",
        "C:\\Windows\\System32\\bcryptprimitives.dll",
        "C:\\Windows\\System32\\advapi32.dll",
        "C:\\Windows\\System32\\msvcrt.dll",
        "C:\\Windows\\System32\\sechost.dll",
        "C:\\Windows\\System32\\RPCRT4.dll",
        "C:\\Windows\\System32\\ucrtbase.dll",
        "E:\\Desktop\\NeonMix-test\\r05\\package verification with spaces\\NeonMix-windows-x64-20261004-source322fda1b\\bin\\VCRUNTIME140.dll",
"C:\\Windows\\SYSTEM32\\ntmarta.dll"
      ],
      "outside_package_or_windows": []
    },
    "hub": {
      "paths": [
        "E:\\Desktop\\NeonMix-test\\r05\\package verification with spaces\\NeonMix-windows-x64-20261004-source322fda1b\\bin\\neonmix-hub.exe",
        "C:\\Windows\\SYSTEM32\\ntdll.dll",
        "C:\\Windows\\System32\\KERNEL32.DLL",
        "C:\\Windows\\System32\\KERNELBASE.dll",
        "C:\\Windows\\System32\\oleaut32.dll",
        "C:\\Windows\\System32\\msvcp_win.dll",
        "C:\\Windows\\System32\\ucrtbase.dll",
        "C:\\Windows\\System32\\combase.dll",
        "C:\\Windows\\System32\\RPCRT4.dll",
        "C:\\Windows\\System32\\ole32.dll",
        "C:\\Windows\\System32\\GDI32.dll",
        "C:\\Windows\\System32\\win32u.dll",
        "C:\\Windows\\System32\\gdi32full.dll",
        "C:\\Windows\\System32\\USER32.dll",
        "C:\\Windows\\System32\\advapi32.dll",
        "C:\\Windows\\System32\\msvcrt.dll",
        "C:\\Windows\\System32\\sechost.dll",
        "C:\\Windows\\System32\\bcryptprimitives.dll",
        "C:\\Windows\\System32\\ws2_32.dll",
        "C:\\Windows\\SYSTEM32\\mmdevapi.dll",
        "C:\\Windows\\SYSTEM32\\avrt.dll",
        "C:\\Windows\\SYSTEM32\\iphlpapi.dll",
        "C:\\Windows\\SYSTEM32\\propsys.dll",
        "E:\\Desktop\\NeonMix-test\\r05\\package verification with spaces\\NeonMix-windows-x64-20261004-source322fda1b\\bin\\gstrtp-1.0-0.dll",
        "E:\\Desktop\\NeonMix-test\\r05\\package verification with spaces\\NeonMix-windows-x64-20261004-source322fda1b\\bin\\gstreamer-1.0-0.dll",
        "E:\\Desktop\\NeonMix-test\\r05\\package verification with spaces\\NeonMix-windows-x64-20261004-source322fda1b\\bin\\gobject-2.0-0.dll",
        "E:\\Desktop\\NeonMix-test\\r05\\package verification with spaces\\NeonMix-windows-x64-20261004-source322fda1b\\bin\\glib-2.0-0.dll",
        "E:\\Desktop\\NeonMix-test\\r05\\package verification with spaces\\NeonMix-windows-x64-20261004-source322fda1b\\bin\\gstapp-1.0-0.dll",
        "E:\\Desktop\\NeonMix-test\\r05\\package verification with spaces\\NeonMix-windows-x64-20261004-source322fda1b\\bin\\gio-2.0-0.dll",
        "C:\\Windows\\System32\\SHELL32.dll",
        "C:\\Windows\\SYSTEM32\\bcrypt.dll",
        "C:\\Windows\\System32\\SHLWAPI.dll",
        "C:\\Windows\\System32\\wintypes.dll",
        "E:\\Desktop\\NeonMix-test\\r05\\package verification with spaces\\NeonMix-windows-x64-20261004-source322fda1b\\bin\\VCRUNTIME140.dll",
        "E:\\Desktop\\NeonMix-test\\r05\\package verification with spaces\\NeonMix-windows-x64-20261004-source322fda1b\\bin\\gstbase-1.0-0.dll",
        "E:\\Desktop\\NeonMix-test\\r05\\package verification with spaces\\NeonMix-windows-x64-20261004-source322fda1b\\bin\\intl-8.dll",
        "E:\\Desktop\\NeonMix-test\\r05\\package verification with spaces\\NeonMix-windows-x64-20261004-source322fda1b\\bin\\gmodule-2.0-0.dll",
        "E:\\Desktop\\NeonMix-test\\r05\\package verification with spaces\\NeonMix-windows-x64-20261004-source322fda1b\\bin\\ffi-7.dll",
        "E:\\Desktop\\NeonMix-test\\r05\\package verification with spaces\\NeonMix-windows-x64-20261004-source322fda1b\\bin\\pcre2-8-0.dll",
        "E:\\Desktop\\NeonMix-test\\r05\\package verification with spaces\\NeonMix-windows-x64-20261004-source322fda1b\\bin\\z-1.dll",
        "C:\\Windows\\SYSTEM32\\DNSAPI.dll",
        "C:\\Windows\\SYSTEM32\\CRYPTBASE.DLL",
        "C:\\Windows\\System32\\NSI.dll",
        "C:\\Windows\\SYSTEM32\\kernel.appcore.dll",
        "C:\\Windows\\SYSTEM32\\ntmarta.dll",
        "C:\\Windows\\System32\\shcore.dll",
        "C:\\Windows\\System32\\clbcatq.dll",
        "C:\\Windows\\SYSTEM32\\DEVOBJ.dll",
        "C:\\Windows\\SYSTEM32\\cfgmgr32.dll",
        "C:\\Windows\\SYSTEM32\\AUDIOSES.DLL",
        "C:\\Windows\\SYSTEM32\\resourcepolicyclient.dll",
        "C:\\Windows\\SYSTEM32\\powrprof.dll",
        "C:\\Windows\\SYSTEM32\\UMPDC.dll",
        "C:\\Windows\\system32\\mswsock.dll",
        "C:\\Windows\\SYSTEM32\\dhcpcsvc6.DLL",
        "C:\\Windows\\SYSTEM32\\dhcpcsvc.DLL",
        "C:\\Windows\\System32\\AppXDeploymentClient.dll",
        "C:\\Windows\\System32\\Windows.ApplicationModel.dll",
        "C:\\Windows\\System32\\Windows.StateRepositoryPS.dll",
        "C:\\Windows\\System32\\Windows.StateRepositoryBroker.dll",
        "C:\\Windows\\SYSTEM32\\mrmcorer.dll",
        "C:\\Windows\\SYSTEM32\\iertutil.dll",
        "C:\\Windows\\SYSTEM32\\srvcli.dll",
        "C:\\Windows\\SYSTEM32\\netutils.dll",
        "C:\\Windows\\SYSTEM32\\windows.staterepositorycore.dll",
        "C:\\Windows\\SYSTEM32\\profapi.dll",
        "C:\\Windows\\System32\\Windows.UI.dll",
        "C:\\Windows\\SYSTEM32\\bcp47mrm.dll",
        "C:\\Windows\\SYSTEM32\\windows.storage.dll",
        "C:\\Windows\\System32\\Windows.FileExplorer.Common.dll",
        "C:\\Windows\\SYSTEM32\\apphelp.dll",
        "C:\\Windows\\system32\\NetworkExplorer.dll",
        "C:\\Windows\\system32\\mssprxy.dll",
"C:\\Windows\\SYSTEM32\\windows.staterepositoryclient.dll"
      ],
      "outside_package_or_windows": []
    },
    "worker": {
      "paths": [
        "E:\\Desktop\\NeonMix-test\\r05\\package verification with spaces\\NeonMix-windows-x64-20261004-source322fda1b\\bin\\neonmix-airplay-worker.exe",
        "C:\\Windows\\SYSTEM32\\ntdll.dll",
        "C:\\Windows\\System32\\KERNEL32.DLL",
        "C:\\Windows\\System32\\KERNELBASE.dll",
        "C:\\Windows\\System32\\ADVAPI32.dll",
        "C:\\Windows\\System32\\msvcrt.dll",
        "C:\\Windows\\System32\\sechost.dll",
        "C:\\Windows\\System32\\RPCRT4.dll",
        "C:\\Windows\\System32\\WS2_32.dll",
        "E:\\Desktop\\NeonMix-test\\r05\\package verification with spaces\\NeonMix-windows-x64-20261004-source322fda1b\\bin\\libcrypto-3-x64.dll",
        "C:\\Windows\\System32\\CRYPT32.dll",
        "C:\\Windows\\System32\\ucrtbase.dll",
        "C:\\Windows\\System32\\USER32.dll",
        "C:\\Windows\\System32\\win32u.dll",
        "C:\\Windows\\System32\\GDI32.dll",
        "C:\\Windows\\System32\\gdi32full.dll",
        "C:\\Windows\\System32\\msvcp_win.dll",
        "E:\\Desktop\\NeonMix-test\\r05\\package verification with spaces\\NeonMix-windows-x64-20261004-source322fda1b\\bin\\glib-2.0-0.dll",
        "C:\\Windows\\System32\\SHELL32.dll",
        "C:\\Windows\\System32\\wintypes.dll",
        "C:\\Windows\\System32\\combase.dll",
        "C:\\Windows\\System32\\ole32.dll",
        "E:\\Desktop\\NeonMix-test\\r05\\package verification with spaces\\NeonMix-windows-x64-20261004-source322fda1b\\bin\\gstapp-1.0-0.dll",
        "E:\\Desktop\\NeonMix-test\\r05\\package verification with spaces\\NeonMix-windows-x64-20261004-source322fda1b\\bin\\gstreamer-1.0-0.dll",
        "E:\\Desktop\\NeonMix-test\\r05\\package verification with spaces\\NeonMix-windows-x64-20261004-source322fda1b\\bin\\VCRUNTIME140.dll",
        "E:\\Desktop\\NeonMix-test\\r05\\package verification with spaces\\NeonMix-windows-x64-20261004-source322fda1b\\bin\\intl-8.dll",
        "E:\\Desktop\\NeonMix-test\\r05\\package verification with spaces\\NeonMix-windows-x64-20261004-source322fda1b\\bin\\pcre2-8-0.dll",
        "E:\\Desktop\\NeonMix-test\\r05\\package verification with spaces\\NeonMix-windows-x64-20261004-source322fda1b\\bin\\gstbase-1.0-0.dll",
        "E:\\Desktop\\NeonMix-test\\r05\\package verification with spaces\\NeonMix-windows-x64-20261004-source322fda1b\\bin\\gobject-2.0-0.dll",
        "E:\\Desktop\\NeonMix-test\\r05\\package verification with spaces\\NeonMix-windows-x64-20261004-source322fda1b\\bin\\gmodule-2.0-0.dll",
        "E:\\Desktop\\NeonMix-test\\r05\\package verification with spaces\\NeonMix-windows-x64-20261004-source322fda1b\\bin\\ffi-7.dll",
        "E:\\Desktop\\NeonMix-test\\r05\\package verification with spaces\\NeonMix-windows-x64-20261004-source322fda1b\\bin\\libgcc_s_seh-1.dll",
        "E:\\Desktop\\NeonMix-test\\r05\\package verification with spaces\\NeonMix-windows-x64-20261004-source322fda1b\\bin\\libwinpthread-1.dll",
        "E:\\Desktop\\NeonMix-test\\r05\\package verification with spaces\\NeonMix-windows-x64-20261004-source322fda1b\\bin\\libstdc++-6.dll",
        "C:\\Windows\\SYSTEM32\\CRYPTBASE.DLL",
        "C:\\Windows\\System32\\bcryptPrimitives.dll",
        "C:\\Windows\\SYSTEM32\\ntmarta.dll",
        "C:\\Windows\\System32\\shcore.dll",
"C:\\Windows\\system32\\mswsock.dll"
      ],
      "outside_package_or_windows": []
    }
  },
  "runtime_environment": {
    "PATH": "E:\\Desktop\\NeonMix-test\\r05\\package verification with spaces\\NeonMix-windows-x64-20261004-source322fda1b\\bin;C:\\Windows\\System32;C:\\Windows",
    "GST_PLUGIN_SYSTEM_PATH_1_0": "E:\\Desktop\\NeonMix-test\\r05\\package verification with spaces\\NeonMix-windows-x64-20261004-source322fda1b\\lib\\gstreamer-1.0",
    "GST_REGISTRY": "E:\\Desktop\\NeonMix-test\\r05\\package verification with spaces\\NeonMix-windows-x64-20261004-source322fda1b\\data\\registry.bin",
    "GST_PLUGIN_SCANNER": "E:\\Desktop\\NeonMix-test\\r05\\package verification with spaces\\NeonMix-windows-x64-20261004-source322fda1b\\libexec\\gstreamer-1.0\\gst-plugin-scanner.exe",
    "NEONMIX_AIRPLAY_RUNTIME": "E:\\Desktop\\NeonMix-test\\r05\\package verification with spaces\\NeonMix-windows-x64-20261004-source322fda1b\\runtime\\airplay",
    "TEMP": "E:\\Desktop\\NeonMix-test\\r05\\package verification with spaces\\NeonMix-windows-x64-20261004-source322fda1b\\data\\tmp"
  },
  "verified_binary_hashes": {
    "neonmix-airplay-profile.exe": "21762b7a5d5607a33b0283be32d411a4119cbae5ae92500120856254df261e1b",
    "neonmix-airplay-worker.exe": "57a07e6a304228c06c0511aff7cfcf10c5e5041f9f1e375d668550ef28a44d39",
    "neonmix-audio.exe": "76b2ba9b0cb923781cb9b2d04f332a6b71d9c8086bb2f6c8643bcba47b4076f3",
    "neonmix-background.exe": "d280772c33f601a754f9b783008e588f9adb7e2ad67b5cd074bb76b2b3bdf297",
    "neonmix-desktop.exe": "c0b72f9733cfe26ffd7d623cc32b1976a367558d317f24d0a16968c4dd62458e",
    "neonmix-hub.exe": "16a2e673412e0463d046cac0255bdd6722922fda2e492747016d717e41814933"
  },
  "all_binary_hashes_match": true,
  "remaining_test_processes": [],
  "verification_copy_removed": true
}
