{
  "platform": "win32",
  "checks": {
    "v1": "same identity and signature",
    "ring_v2": "same identity and signature",
    "legacy_ring_v2": "same identity and signature",
    "crlf_v2": "same identity and signature",
    "missing": "clean rejection",
    "empty": "clean rejection",
    "truncated_pem": "clean rejection",
    "truncated_der": "clean rejection",
    "wrong_algorithm": "clean rejection",
    "wrong_v2_public": "clean rejection",
    "wrong_v2_seed": "clean rejection",
    "wrong_version": "clean rejection",
    "wrong_public_tag": "clean rejection",
    "trailing_der": "clean rejection",
    "trailing_pem": "clean rejection",
    "encrypted_label": "clean rejection",
    "oversized": "clean rejection"
  },
  "worker_startup": true,
  "fixtures": "RFC 8032 section 7.1 test 1",
  "probe_sha256": "a3482de72db410c5709fbf5342e8383c0be8dc567dbb2ad88de663aaaca4180d",
  "worker_sha256": "57a07e6a304228c06c0511aff7cfcf10c5e5041f9f1e375d668550ef28a44d39",
  "startup": {
    "v1": {
      "exit_code": 0,
      "ready": true,
      "errors": []
    },
    "ring_v2": {
      "exit_code": 0,
      "ready": true,
      "errors": []
    },
    "legacy_ring_v2": {
      "exit_code": 0,
      "ready": true,
      "errors": []
    },
    "crlf_v2": {
      "exit_code": 0,
      "ready": true,
      "errors": []
    },
    "missing": {
      "exit_code": 1,
      "ready": false,
      "errors": [
"private key open failed"
      ]
    },
    "empty": {
      "exit_code": 1,
      "ready": false,
      "errors": [
"receiver identity initialization failed"
      ]
    },
    "truncated_pem": {
      "exit_code": 1,
      "ready": false,
      "errors": [
"receiver identity initialization failed"
      ]
    },
    "truncated_der": {
      "exit_code": 1,
      "ready": false,
      "errors": [
"receiver identity initialization failed"
      ]
    },
    "wrong_algorithm": {
      "exit_code": 1,
      "ready": false,
      "errors": [
"receiver identity initialization failed"
      ]
    },
    "wrong_v2_public": {
      "exit_code": 1,
      "ready": false,
      "errors": [
"receiver identity initialization failed"
      ]
    },
    "wrong_v2_seed": {
      "exit_code": 1,
      "ready": false,
      "errors": [
"receiver identity initialization failed"
      ]
    },
    "wrong_version": {
      "exit_code": 1,
      "ready": false,
      "errors": [
"receiver identity initialization failed"
      ]
    },
    "wrong_public_tag": {
      "exit_code": 1,
      "ready": false,
      "errors": [
"receiver identity initialization failed"
      ]
    },
    "trailing_der": {
      "exit_code": 1,
      "ready": false,
      "errors": [
"receiver identity initialization failed"
      ]
    },
    "trailing_pem": {
      "exit_code": 1,
      "ready": false,
      "errors": [
"receiver identity initialization failed"
      ]
    },
    "encrypted_label": {
      "exit_code": 1,
      "ready": false,
      "errors": [
"receiver identity initialization failed"
      ]
    },
    "oversized": {
      "exit_code": 1,
      "ready": false,
      "errors": [
"receiver identity initialization failed"
      ]
    }
  }
}
