    Checking subtle v2.6.1
   Compiling num-traits v0.2.19
   Compiling libdbus-sys v0.2.7
   Compiling syn v2.0.119
   Compiling ring v0.17.14
    Checking block-padding v0.3.3
    Checking spin v0.9.9
    Checking futures-sink v0.3.34
    Checking futures-core v0.3.34
    Checking mio v1.2.3
    Checking socket-pktinfo v0.4.1
    Checking if-addrs v0.15.0
    Checking inout v0.1.4
    Checking flume v0.12.0
    Checking digest v0.10.7
    Checking cipher v0.4.4
    Checking sha2 v0.10.9
    Checking hmac v0.12.1
    Checking mdns-sd v0.21.4
    Checking aes v0.8.4
    Checking cbc v0.1.2
    Checking hkdf v0.12.4
    Checking neonmix-control v0.1.0 (/Volumes/projects-mac/NeonMix/crates/control)
    Checking num-integer v0.1.47
    Checking num-complex v0.4.6
    Checking num-bigint v0.4.8
    Checking num-iter v0.1.46
   Compiling rustls v0.23.45
   Compiling zeroize_derive v1.5.0
    Checking num-rational v0.4.2
    Checking num v0.4.3
    Checking zeroize v1.9.0
    Checking rustls-pki-types v1.15.1
    Checking rustls-webpki v0.103.15
    Checking rustls-pemfile v2.2.0
    Checking dbus v0.9.12
    Checking dbus-secret-service v4.1.0
    Checking keyring v3.6.2
    Checking neonmix-identity v0.1.0 (/Volumes/projects-mac/NeonMix/crates/identity)
    Finished `dev` profile [unoptimized + debuginfo] target(s) in 5.71s
