    Checking cfg-if v1.0.5
    Checking typenum v1.20.1
    Checking windows-link v0.2.1
   Compiling serde_core v1.0.229
   Compiling getrandom v0.4.3
   Compiling zmij v1.0.23
   Compiling generic-array v0.14.7
   Compiling serde_json v1.0.151
   Compiling thiserror v2.0.21
   Compiling ring v0.17.14
   Compiling serde v1.0.229
   Compiling windows_x86_64_gnu v0.52.6
    Checking cpufeatures v0.2.17
    Checking windows-sys v0.61.2
    Checking itoa v1.0.18
    Checking scopeguard v1.2.0
    Checking zeroize v1.9.0
    Checking memchr v2.8.3
    Checking getrandom v0.2.17
    Checking lock_api v0.4.14
    Checking untrusted v0.9.0
    Checking log v0.4.34
    Checking windows-targets v0.52.6
    Checking futures-sink v0.3.34
    Checking rustls-pki-types v1.15.1
   Compiling rustls v0.23.45
    Checking futures-core v0.3.34
    Checking spin v0.9.9
    Checking fastrand v2.5.0
    Checking block-buffer v0.10.4
    Checking crypto-common v0.1.7
    Checking windows-sys v0.59.0
    Checking byteorder v1.5.0
    Checking subtle v2.6.1
    Checking once_cell v1.21.4
    Checking rustls-pemfile v2.2.0
    Checking flume v0.12.0
    Checking socket2 v0.6.5
    Checking mio v1.2.3
    Checking if-addrs v0.15.0
    Checking digest v0.10.7
    Checking sha2 v0.10.9
    Checking socket-pktinfo v0.4.1
    Checking uuid v1.26.1
    Checking mdns-sd v0.21.4
    Checking keyring v3.6.2
    Checking rustls-webpki v0.103.15
    Checking neonmix-control v0.1.0 (/Volumes/projects-mac/NeonMix/crates/control)
    Checking neonmix-identity v0.1.0 (/Volumes/projects-mac/NeonMix/crates/identity)
    Finished `dev` profile [unoptimized + debuginfo] target(s) in 4.92s
