   Compiling proc-macro2 v1.0.107
   Compiling unicode-ident v1.0.26
   Compiling quote v1.0.47
   Compiling windows-link v0.2.1
   Compiling cfg-if v1.0.5
   Compiling log v0.4.34
   Compiling windows-sys v0.61.2
   Compiling syn v3.0.6
   Compiling once_cell v1.21.4
   Compiling heck v0.5.0
   Compiling pin-project-lite v0.2.17
   Compiling autocfg v1.5.1
   Compiling winnow v1.0.4
   Compiling toml_datetime v1.1.1+spec-1.1.0
   Compiling target-lexicon v0.13.5
   Compiling toml_parser v1.1.3+spec-1.1.0
   Compiling syn v2.0.119
   Compiling windows_x86_64_msvc v0.52.6
   Compiling futures-core v0.3.34
   Compiling serde_spanned v1.1.1
   Compiling smallvec v1.16.2
   Compiling cfg-expr v0.20.9
   Compiling toml v1.1.6+spec-1.1.0
   Compiling version-compare v0.2.1
   Compiling pkg-config v0.3.34
   Compiling system-deps v7.0.8
   Compiling itoa v1.0.18
   Compiling windows-targets v0.52.6
   Compiling thiserror v2.0.21
   Compiling num-traits v0.2.19
   Compiling thiserror-impl v2.0.21
   Compiling version_check v0.9.5
   Compiling futures-sink v0.3.34
   Compiling serde_core v1.0.229
   Compiling bitflags v2.13.2
   Compiling bytes v1.12.1
   Compiling synstructure v0.14.0
   Compiling socket2 v0.6.5
   Compiling zerofrom-derive v0.1.8
   Compiling mio v1.2.3
   Compiling serde v1.0.229
   Compiling libc v0.2.189
   Compiling zerofrom v0.1.8
   Compiling yoke-derive v0.8.3
   Compiling serde_derive v1.0.229
   Compiling find-msvc-tools v0.1.14
   Compiling shlex v2.0.1
   Compiling stable_deref_trait v1.2.1
   Compiling zeroize v1.9.0
   Compiling rustls-pki-types v1.15.1
   Compiling yoke v0.8.3
   Compiling cc v1.5.1
   Compiling tokio-macros v2.7.2
   Compiling slab v0.4.12
   Compiling memchr v2.8.3
   Compiling tokio v1.53.1
   Compiling ring v0.17.14
   Compiling num-integer v0.1.47
   Compiling tracing-core v0.1.36
   Compiling zerovec-derive v0.11.6
   Compiling zerovec v0.11.8
   Compiling tracing v0.1.44
   Compiling generic-array v0.14.7
   Compiling futures-macro v0.3.34
   Compiling displaydoc v0.2.7
   Compiling futures-task v0.3.34
   Compiling futures-util v0.3.34
   Compiling getrandom v0.2.17
   Compiling zmij v1.0.23
   Compiling zerocopy v0.8.59
   Compiling typenum v1.20.1
   Compiling untrusted v0.9.0
   Compiling glib-sys v0.20.10
   Compiling serde_json v1.0.151
   Compiling scopeguard v1.2.0
   Compiling lock_api v0.4.14
   Compiling tinystr v0.8.4
   Compiling http v1.5.0
   Compiling windows-sys v0.59.0
   Compiling gobject-sys v0.20.10
   Compiling writeable v0.6.4
   Compiling percent-encoding v2.3.2
   Compiling paste v1.0.15
   Compiling litemap v0.8.3
   Compiling rustls v0.23.45
   Compiling icu_locale_core v2.3.0
   Compiling rustls-webpki v0.103.15
   Compiling block-buffer v0.10.4
   Compiling crypto-common v0.1.7
   Compiling zerotrie v0.2.5
   Compiling potential_utf v0.1.6
   Compiling futures-channel v0.3.34
   Compiling cfg_aliases v0.2.2
   Compiling khronos_api v3.1.0
   Compiling icu_normalizer_data v2.3.0
   Compiling icu_properties_data v2.3.0
   Compiling utf8_iter v1.0.4
   Compiling subtle v2.6.1
   Compiling icu_collections v2.3.0
   Compiling icu_provider v2.3.1
   Compiling digest v0.10.7
   Compiling rubato v0.16.2
   Compiling windows-implement v0.60.2
   Compiling windows-interface v0.59.3
   Compiling windows-strings v0.5.1
   Compiling windows-result v0.4.1
   Compiling rtrb v0.3.2
   Compiling cpufeatures v0.2.17
   Compiling getrandom v0.4.3
   Compiling neonmix-core v0.1.0 (D:\a\NeonMix\NeonMix\crates\audio-core)
   Compiling windows-core v0.62.2
   Compiling gstreamer-sys v0.23.6
   Compiling bytemuck_derive v1.12.1
   Compiling httparse v1.10.1
   Compiling hashbrown v0.17.1
   Compiling equivalent v1.0.2
   Compiling xml-rs v0.8.29
   Compiling gl_generator v0.14.0
   Compiling indexmap v2.14.2
   Compiling bytemuck v1.25.2
   Compiling icu_properties v2.3.0
   Compiling icu_normalizer v2.3.0
   Compiling form_urlencoded v1.2.2
   Compiling http-body v1.1.0
   Compiling simd-adler32 v0.3.10
   Compiling uuid v1.26.1
   Compiling idna_adapter v1.2.2
   Compiling toml_edit v0.25.15+spec-1.1.0
   Compiling gstreamer-base-sys v0.23.6
   Compiling gio-sys v0.20.10
   Compiling windows-threading v0.2.1
   Compiling anstyle v1.0.14
   Compiling once_cell_polyfill v1.70.2
   Compiling utf8parse v0.2.2
   Compiling crc32fast v1.5.2
   Compiling adler2 v2.0.1
   Compiling tower-service v0.3.3
   Compiling getrandom v0.3.4
   Compiling parking_lot_core v0.9.12
   Compiling anstyle-parse v1.0.0
   Compiling anstyle-wincon v3.0.11
   Compiling windows-future v0.3.2
   Compiling proc-macro-crate v3.5.0
   Compiling idna v1.1.0
   Compiling windows-collections v0.3.2
   Compiling windows-numerics v0.3.1
   Compiling tokio-util v0.7.19
   Compiling ahash v0.8.12
   Compiling windows-result v0.2.0
   Compiling windows-sys v0.52.0
   Compiling anstyle-query v1.1.5
   Compiling fnv v1.0.7
   Compiling dpi v0.1.2
   Compiling colorchoice v1.0.5
   Compiling windows_x86_64_msvc v0.53.1
   Compiling cpal v0.18.2 (D:\a\NeonMix\NeonMix\vendor\cpal)
   Compiling try-lock v0.2.5
   Compiling is_terminal_polyfill v1.70.2
   Compiling crossbeam-utils v0.8.23
   Compiling accesskit v0.17.1
   Compiling ttf-parser v0.25.1
   Compiling atomic-waker v1.1.2
   Compiling base64 v0.23.1
   Compiling owned_ttf_parser v0.25.1
   Compiling h2 v0.4.19
   Compiling anstream v1.0.0
   Compiling want v0.3.1
   Compiling windows-strings v0.1.0
   Compiling windows v0.62.2
   Compiling url v2.5.8
   Compiling glib-macros v0.20.12
   Compiling miniz_oxide v0.9.1
   Compiling emath v0.31.1
   Compiling sha2 v0.10.9
   Compiling winit v0.30.13
   Compiling spin v0.9.9
   Compiling futures-executor v0.3.34
   Compiling rustls-pemfile v2.2.0
   Compiling windows-interface v0.58.0
   Compiling windows-implement v0.58.0
   Compiling audio_thread_priority v0.35.1
   Compiling either v1.18.0
   Compiling httpdate v1.0.3
   Compiling raw-window-handle v0.6.2
   Compiling ab_glyph_rasterizer v0.1.10
   Compiling clap_lex v1.1.1
   Compiling dasp_sample v0.11.0
   Compiling arrayvec v0.7.8
   Compiling strsim v0.11.1
   Compiling foldhash v0.1.5
   Compiling hashbrown v0.15.5
   Compiling clap_builder v4.6.7
   Compiling immutable-chunkmap v2.1.4
warning: function `frames_to_duration` is never used
   --> vendor\cpal\src\host\mod.rs:242:15
    |
242 | pub(crate) fn frames_to_duration(
    |               ^^^^^^^^^^^^^^^^^^
    |
    = note: `#[warn(dead_code)]` (part of `#[warn(unused)]`) on by default

warning: `cpal` (lib) generated 1 warning
   Compiling ab_glyph v0.2.32
   Compiling hyper v1.11.1
   Compiling itertools v0.14.0
   Compiling windows-core v0.58.0
   Compiling glib v0.20.12
   Compiling flume v0.12.0
   Compiling ecolor v0.31.1
   Compiling flate2 v1.1.10
   Compiling rand_core v0.9.5
   Compiling parking_lot v0.12.5
   Compiling miniz_oxide v0.8.9
   Compiling fdeflate v0.3.7
   Compiling glutin_wgl_sys v0.6.1
   Compiling glutin_egl_sys v0.7.1
   Compiling tokio-rustls v0.26.6
   Compiling option-operations v0.5.0
   Compiling ppv-lite86 v0.2.21
   Compiling num-rational v0.4.2
   Compiling webpki-roots v1.0.9
   Compiling socket-pktinfo v0.4.1
   Compiling sync_wrapper v1.0.2
   Compiling clap_derive v4.6.7
   Compiling if-addrs v0.15.0
   Compiling ipnet v2.12.2
   Compiling muldiv v1.0.1
   Compiling fastrand v2.5.0
   Compiling epaint_default_fonts v0.31.1
   Compiling profiling v1.0.18
   Compiling unicode-segmentation v1.13.3
   Compiling tower-layer v0.3.3
   Compiling pxfm v0.1.30
   Compiling smol_str v0.2.2
   Compiling nohash-hasher v0.2.0
   Compiling byteorder v1.5.0
   Compiling cursor-icon v1.2.0
   Compiling moxcms v0.8.1
   Compiling keyring v3.6.2
   Compiling epaint v0.31.1
   Compiling mdns-sd v0.21.4
   Compiling hyper-util v0.1.21
   Compiling gstreamer v0.23.7
   Compiling clap v4.6.7
   Compiling rand_chacha v0.9.0
   Compiling png v0.18.1
   Compiling windows-targets v0.53.5
   Compiling windows v0.58.0
   Compiling neonmix-io v0.1.0 (D:\a\NeonMix\NeonMix\crates\audio-io)
   Compiling accesskit_consumer v0.26.0
   Compiling neonmix-control v0.1.0 (D:\a\NeonMix\NeonMix\crates\control)
   Compiling glutin v0.32.3
   Compiling neonmix-airplay-ipc v0.1.0 (D:\a\NeonMix\NeonMix\crates\airplay-ipc)
   Compiling gstreamer-app-sys v0.23.5
   Compiling gstreamer-rtp-sys v0.23.5
   Compiling memoffset v0.9.1
   Compiling error-code v3.4.0
   Compiling byteorder-lite v0.1.0
   Compiling static_assertions v1.1.0
   Compiling rustversion v1.0.23
   Compiling accesskit_windows v0.24.1
   Compiling image v0.25.10
   Compiling clipboard-win v5.4.1
   Compiling neonmix-airplay-adapter v0.1.0 (D:\a\NeonMix\NeonMix\crates\airplay-adapter)
   Compiling windows-sys v0.60.2
   Compiling rand v0.9.5
   Compiling neonmix-identity v0.1.0 (D:\a\NeonMix\NeonMix\crates\identity)
   Compiling egui v0.31.1
   Compiling tower v0.5.3
   Compiling http-body-util v0.1.5
   Compiling sha1 v0.10.7
   Compiling glutin-winit v0.5.0
   Compiling fs-err v3.3.1
   Compiling libloading v0.8.9
   Compiling winapi v0.3.9
   Compiling data-encoding v2.11.1
   Compiling num-conv v0.2.2
   Compiling muda v0.21.0
   Compiling atomic_refcell v0.1.14
   Compiling powerfmt v0.2.0
   Compiling deranged v0.5.8
   Compiling ryu v1.0.23
   Compiling time-core v0.1.9
   Compiling time v0.3.55
   Compiling serde_urlencoded v0.7.1
   Compiling gstreamer-base v0.23.6
   Compiling tungstenite v0.29.0
   Compiling arboard v3.6.1
   Compiling accesskit_winit v0.23.1
   Compiling webpki-roots v0.26.11
   Compiling crossbeam-channel v0.5.17
   Compiling webbrowser v1.2.4
   Compiling keyboard-types v0.8.3
   Compiling web-time v1.1.0
   Compiling base64 v0.22.1
   Compiling litrs v1.0.0
   Compiling glow v0.16.0
   Compiling tray-icon v0.26.0
   Compiling mime v0.3.17
   Compiling axum-core v0.5.6
   Compiling egui_glow v0.31.1
   Compiling document-features v0.2.12
   Compiling egui-winit v0.31.1
   Compiling arc-swap v1.9.2
   Compiling tokio-tungstenite v0.29.0
   Compiling gstreamer-rtp v0.23.5
   Compiling gstreamer-app v0.23.5
   Compiling yasna v0.6.0
   Compiling tower-http v0.6.11
   Compiling neonmix-desktop-service v0.1.0 (D:\a\NeonMix\NeonMix\crates\desktop-service)
   Compiling neonmix-windows v0.1.0 (D:\a\NeonMix\NeonMix\adapters\windows)
   Compiling hyper-rustls v0.27.10
   Compiling pem v4.0.0
   Compiling neonmix-output-binding v0.1.0 (D:\a\NeonMix\NeonMix\crates\output-binding)
   Compiling serde_path_to_error v0.1.20
   Compiling neonmix-hub v0.1.0 (D:\a\NeonMix\NeonMix\apps\hub)
   Compiling matchit v0.8.4
   Compiling axum v0.8.9
   Compiling rcgen v0.14.10
   Compiling reqwest v0.12.28
   Compiling eframe v0.31.1
   Compiling axum-server v0.7.3
   Compiling neonmix-media v0.1.0 (D:\a\NeonMix\NeonMix\crates\media)
   Compiling tympan-aspl v0.1.0 (D:\a\NeonMix\NeonMix\vendor\tympan-aspl)
warning: function `set_name` is never used
   --> vendor\tympan-aspl\src\raw\output_controls.rs:248:15
    |
248 | pub(crate) fn set_name(runtime: &DriverRuntime, value: String) {
    |               ^^^^^^^^
    |
    = note: `#[warn(dead_code)]` (part of `#[warn(unused)]`) on by default

warning: `tympan-aspl` (lib) generated 1 warning
   Compiling neonmix-hal v0.1.0 (D:\a\NeonMix\NeonMix\drivers\macos\hal)
   Compiling neonmix-desktop v0.1.0 (D:\a\NeonMix\NeonMix\apps\desktop)
error[E0599]: no method named `with_icon_templated` found for struct `TrayIconBuilder` in the current scope
  --> apps\desktop\src\tray.rs:62:14
   |
60 |           let icon = TrayIconBuilder::new()
   |  ____________________-
61 | |             .with_tooltip("NeonMix · 后台音频")
62 | |             .with_icon_templated(icon)
   | |_____________-^^^^^^^^^^^^^^^^^^^
   |
help: there is a method `with_icon_as_template` with a similar name
   |
62 -             .with_icon_templated(icon)
62 +             .with_icon_as_template(icon)
   |

For more information about this error, try `rustc --explain E0599`.
error: could not compile `neonmix-desktop` (bin "neonmix-desktop") due to 1 previous error
warning: build failed, waiting for other jobs to finish...
