   Compiling windows-sys v0.61.2
   Compiling serde_core v1.0.229
   Compiling syn v3.0.6
   Compiling log v0.4.34
   Compiling socket2 v0.6.5
   Compiling serde_json v1.0.151
   Compiling futures-core v0.3.34
   Compiling futures-sink v0.3.34
   Compiling rustls v0.23.45
   Compiling flume v0.12.0
   Compiling socket-pktinfo v0.4.1
   Compiling windows-sys v0.59.0
   Compiling mio v1.2.3
   Compiling serde_derive v1.0.229
   Compiling thiserror-impl v2.0.21
   Compiling if-addrs v0.15.0
   Compiling once_cell v1.21.4
   Compiling memchr v2.8.3
   Compiling serde v1.0.229
   Compiling mdns-sd v0.21.4
   Compiling keyring v3.6.2
   Compiling thiserror v2.0.21
   Compiling uuid v1.26.1
   Compiling neonmix-identity v0.1.0 (D:\a\NeonMix\NeonMix\crates\identity)
    Finished `test` profile [unoptimized + debuginfo] target(s) in 32.18s
     Running tests\native_vault.rs (target\debug\deps\native_vault-17c26cfc4557a429.exe)

running 1 test
test native_credential_round_trip_and_deletion ... ok

test result: ok. 1 passed; 0 failed; 0 ignored; 0 measured; 0 filtered out; finished in 0.02s

