   Compiling windows-sys v0.61.2
   Compiling syn v3.0.6
   Compiling thiserror-impl v2.0.21
   Compiling serde_derive v1.0.229
   Compiling thiserror v2.0.21
   Compiling socket2 v0.6.5
   Compiling anstyle-wincon v3.0.11
   Compiling num-integer v0.1.47
   Compiling mio v1.2.3
   Compiling serde v1.0.229
   Compiling anstyle-query v1.1.5
   Compiling anstream v1.0.0
   Compiling rubato v0.16.2
   Compiling windows-sys v0.59.0
   Compiling socket-pktinfo v0.4.1
   Compiling if-addrs v0.15.0
   Compiling clap_builder v4.6.7
   Compiling keyring v3.6.2
   Compiling clap_derive v4.6.7
   Compiling neonmix-core v0.1.0 (D:\a\NeonMix\NeonMix\crates\audio-core)
   Compiling mdns-sd v0.21.4
   Compiling neonmix-airplay-ipc v0.1.0 (D:\a\NeonMix\NeonMix\crates\airplay-ipc)
   Compiling tokio-macros v2.7.2
   Compiling tokio v1.53.1
   Compiling neonmix-identity v0.1.0 (D:\a\NeonMix\NeonMix\crates\identity)
   Compiling neonmix-airplay-adapter v0.1.0 (D:\a\NeonMix\NeonMix\crates\airplay-adapter)
   Compiling clap v4.6.7
   Compiling neonmix-control v0.1.0 (D:\a\NeonMix\NeonMix\crates\control)
   Compiling neonmix-desktop-service v0.1.0 (D:\a\NeonMix\NeonMix\crates\desktop-service)
    Finished `test` profile [unoptimized + debuginfo] target(s) in 50.46s
     Running tests\windows_native_ipc.rs (target\debug\deps\windows_native_ipc-537ca6dbc37dea0e.exe)

running 1 test
test current_user_pipe_rejects_duplicate_owner_and_reopens_after_shutdown ... ok

test result: ok. 1 passed; 0 failed; 0 ignored; 0 measured; 0 filtered out; finished in 0.06s

