    Updating crates.io index
 Downloading crates ...
  Downloaded byteorder-lite v0.1.0
  Downloaded glutin_wgl_sys v0.6.1
  Downloaded anstyle-wincon v3.0.11
  Downloaded is_terminal_polyfill v1.70.2
  Downloaded httpdate v1.0.3
  Downloaded pem v4.0.0
  Downloaded scopeguard v1.2.0
  Downloaded quote v1.0.47
  Downloaded type-map v0.5.1
  Downloaded untrusted v0.9.0
  Downloaded serde v1.0.229
  Downloaded rustls v0.23.45
  Downloaded windows-core v0.62.2
  Downloaded unicode-segmentation v1.13.3
  Downloaded tracing v0.1.44
  Downloaded webpki-roots v0.26.11
  Downloaded zerofrom-derive v0.1.8
  Downloaded zerovec-derive v0.11.6
  Downloaded zeroize_derive v1.5.0
  Downloaded zeroize v1.9.0
  Downloaded wgpu-types v24.0.0
  Downloaded wgpu-core v24.0.5
  Downloaded syn v3.0.6
  Downloaded syn v2.0.119
  Downloaded yoke v0.8.3
  Downloaded wgpu-hal v24.0.4
  Downloaded yasna v0.6.0
  Downloaded xml-rs v0.8.29
  Downloaded zerofrom v0.1.8
  Downloaded yoke-derive v0.8.3
  Downloaded windows-result v0.4.1
  Downloaded windows-strings v0.5.1
  Downloaded windows-strings v0.1.0
  Downloaded winapi v0.3.9
  Downloaded openssl-src v300.6.1+3.6.3
  Downloaded zune-core v0.5.3
  Downloaded vcpkg v0.2.15
  Downloaded uuid v1.26.1
  Downloaded webpki-roots v1.0.9
  Downloaded wgpu v24.0.5
  Downloaded url v2.5.8
  Downloaded zmij v1.0.23
  Downloaded windows-numerics v0.3.1
  Downloaded windows-interface v0.58.0
  Downloaded windows-result v0.2.0
  Downloaded windows-link v0.2.1
  Downloaded windows-interface v0.59.3
  Downloaded windows-implement v0.60.2
  Downloaded windows-implement v0.58.0
  Downloaded windows-future v0.3.2
  Downloaded writeable v0.6.4
  Downloaded windows-threading v0.2.1
  Downloaded windows-targets v0.53.5
  Downloaded windows-targets v0.52.6
  Downloaded weezl v0.1.12
  Downloaded webbrowser v1.2.4
  Downloaded unicode-width v0.1.14
  Downloaded typenum v1.20.1
  Downloaded ttf-parser v0.25.1
  Downloaded web-time v1.1.0
  Downloaded want v0.3.1
  Downloaded version_check v0.9.5
  Downloaded version-compare v0.2.1
  Downloaded utf8parse v0.2.2
  Downloaded utf8_iter v1.0.4
  Downloaded tungstenite v0.29.0
  Downloaded tray-icon v0.26.0
  Downloaded toml_edit v0.25.15+spec-1.1.0
  Downloaded tokio v1.53.1
  Downloaded naga v24.0.0
  Downloaded libc v0.2.189
  Downloaded tower-http v0.6.11
  Downloaded tokio-util v0.7.19
  Downloaded khronos_api v3.1.0
  Downloaded icu_normalizer v2.3.0
  Downloaded tower v0.5.3
  Downloaded time v0.3.55
  Downloaded tiff v0.11.3
  Downloaded serde_json v1.0.151
  Downloaded openssl v0.10.81
  Downloaded gstreamer v0.23.7
  Downloaded windows-core v0.58.0
  Downloaded windows-collections v0.3.2
  Downloaded winapi-util v0.1.11
  Downloaded ring v0.17.14
  Downloaded image v0.25.10
  Downloaded glib v0.20.12
  Downloaded moxcms v0.8.1
  Downloaded mdns-sd v0.21.4
  Downloaded itertools v0.14.0
  Downloaded icu_properties_data v2.3.0
  Downloaded hashbrown v0.17.1
  Downloaded h2 v0.4.19
  Downloaded glow v0.16.0
  Downloaded rustls-webpki v0.103.15
  Downloaded reqwest v0.12.28
  Downloaded rand v0.10.3
  Downloaded rand v0.9.5
  Downloaded num-bigint v0.4.8
  Downloaded nom v7.1.3
  Downloaded muda v0.21.0
  Downloaded keyboard-types v0.8.3
  Downloaded indexmap v2.14.2
  Downloaded idna v1.1.0
  Downloaded windows v0.62.2
  Downloaded icu_properties v2.3.0
  Downloaded hyper-util v0.1.21
  Downloaded hyper v1.11.1
  Downloaded http v1.5.0
  Downloaded hashbrown v0.15.5
  Downloaded gstreamer-sys v0.23.6
  Downloaded windows v0.58.0
  Downloaded unicode-xid v0.2.6
  Downloaded unicode-ident v1.0.26
  Downloaded try-lock v0.2.5
  Downloaded tracing-core v0.1.36
  Downloaded tracing-attributes v0.1.31
  Downloaded winnow v1.0.4
  Downloaded tower-service v0.3.3
  Downloaded tower-layer v0.3.3
  Downloaded toml_writer v1.1.2+spec-1.1.0
  Downloaded winit v0.30.13
  Downloaded toml_parser v1.1.3+spec-1.1.0
  Downloaded toml_datetime v1.1.1+spec-1.1.0
  Downloaded zerovec v0.11.8
  Downloaded x509-parser v0.18.1
  Downloaded zlib-rs v0.6.8
  Downloaded windows_x86_64_msvc v0.53.1
  Downloaded windows_x86_64_msvc v0.52.6
  Downloaded zerocopy-derive v0.8.59
  Downloaded toml v1.1.6+spec-1.1.0
  Downloaded tokio-tungstenite v0.29.0
  Downloaded tokio-rustls v0.26.6
  Downloaded zerotrie v0.2.5
  Downloaded zerocopy v0.8.59
  Downloaded tokio-macros v2.7.2
  Downloaded tinyvec v1.13.3
  Downloaded tinystr v0.8.4
  Downloaded time-macros v0.2.32
  Downloaded time-core v0.1.9
  Downloaded thiserror-impl v2.0.21
  Downloaded thiserror-impl v1.0.69
  Downloaded thiserror v2.0.21
  Downloaded thiserror v1.0.69
  Downloaded termcolor v1.4.1
  Downloaded target-lexicon v0.13.5
  Downloaded system-deps v7.0.8
  Downloaded synstructure v0.14.0
  Downloaded synstructure v0.13.2
  Downloaded strum_macros v0.26.4
  Downloaded strum v0.26.3
  Downloaded strsim v0.11.1
  Downloaded stats_alloc v0.1.10
  Downloaded windows-sys v0.61.2
  Downloaded windows-sys v0.60.2
  Downloaded spirv v0.3.0+sdk-1.3.268.0
  Downloaded windows-sys v0.59.0
  Downloaded zune-jpeg v0.5.15
  Downloaded windows-sys v0.52.0
  Downloaded spin v0.9.9
  Downloaded socket2 v0.6.5
  Downloaded socket-pktinfo v0.4.1
  Downloaded smol_str v0.2.2
  Downloaded smallvec v1.16.2
  Downloaded slab v0.4.12
  Downloaded simd-adler32 v0.3.10
  Downloaded shlex v2.0.1
  Downloaded sha2 v0.10.9
  Downloaded serde_urlencoded v0.7.1
  Downloaded serde_spanned v1.1.1
  Downloaded serde_path_to_error v0.1.20
  Downloaded serde_derive v1.0.229
  Downloaded ryu v1.0.23
  Downloaded pxfm v0.1.30
  Downloaded openssl-sys v0.9.117
  Downloaded mio v1.2.3
  Downloaded miniz_oxide v0.9.1
  Downloaded miniz_oxide v0.8.9
  Downloaded minimal-lexical v0.2.1
  Downloaded memchr v2.8.3
  Downloaded keyring v3.6.2
  Downloaded immutable-chunkmap v2.1.4
  Downloaded icu_normalizer_data v2.3.0
  Downloaded icu_locale_core v2.3.0
  Downloaded icu_collections v2.3.0
  Downloaded half v2.7.1
  Downloaded gstreamer-rtp v0.23.5
  Downloaded gstreamer-base-sys v0.23.6
  Downloaded gstreamer-base v0.23.6
  Downloaded glutin v0.32.3
  Downloaded glib-sys v0.20.10
  Downloaded gio-sys v0.20.10
  Downloaded sync_wrapper v1.0.2
  Downloaded subtle v2.6.1
  Downloaded static_assertions v1.1.0
  Downloaded stable_deref_trait v1.2.1
  Downloaded sha1 v0.10.7
  Downloaded serde_core v1.0.229
  Downloaded rustversion v1.0.23
  Downloaded rustls-pki-types v1.15.1
  Downloaded rustls-pemfile v2.2.0
  Downloaded rusticata-macros v4.1.0
  Downloaded rustc-hash v2.1.3
  Downloaded rustc-hash v1.1.0
  Downloaded rubato v0.16.2
  Downloaded rtrb v0.3.2
  Downloaded renderdoc-sys v1.1.0
  Downloaded rcgen v0.14.10
  Downloaded raw-window-handle v0.6.2
  Downloaded rand_pcg v0.10.2
  Downloaded rand_core v0.10.1
  Downloaded rand_core v0.9.5
  Downloaded rand_chacha v0.9.0
  Downloaded quinn-proto v0.11.18
  Downloaded quinn v0.11.12
  Downloaded png v0.18.1
  Downloaded parking_lot v0.12.5
  Downloaded once_cell v1.21.4
  Downloaded num-traits v0.2.19
  Downloaded matchit v0.8.4
  Downloaded log v0.4.34
  Downloaded litrs v1.0.0
  Downloaded litemap v0.8.3
  Downloaded ipnet v2.12.2
  Downloaded icu_provider v2.3.1
  Downloaded hyper-rustls v0.27.10
  Downloaded httparse v1.10.1
  Downloaded gstreamer-rtp-sys v0.23.5
  Downloaded gstreamer-app-sys v0.23.5
  Downloaded gstreamer-app v0.23.5
  Downloaded glib-macros v0.20.12
  Downloaded getrandom v0.4.3
  Downloaded getrandom v0.3.4
  Downloaded epaint_default_fonts v0.31.1
  Downloaded proc-macro2 v1.0.107
  Downloaded ppv-lite86 v0.2.21
  Downloaded ordered-float v4.6.0
  Downloaded option-operations v0.5.0
  Downloaded oid-registry v0.8.1
  Downloaded num-rational v0.4.2
  Downloaded num-integer v0.1.47
  Downloaded mime v0.3.17
  Downloaded lock_api v0.4.14
  Downloaded libloading v0.8.9
  Downloaded khronos-egl v6.0.0
  Downloaded jobserver v0.1.35
  Downloaded if-addrs v0.15.0
  Downloaded gpu-alloc v0.6.2
  Downloaded gobject-sys v0.20.10
  Downloaded gl_generator v0.14.0
  Downloaded futures-util v0.3.34
  Downloaded egui v0.31.1
  Downloaded eframe v0.31.1
  Downloaded crossbeam-channel v0.5.17
  Downloaded clap_builder v4.6.7
  Downloaded cc v1.5.1
  Downloaded axum v0.8.9
  Downloaded ash v0.38.0+1.3.281
  Downloaded quinn-udp v0.5.15
  Downloaded quick-error v2.0.1
  Downloaded profiling v1.0.18
  Downloaded proc-macro-crate v3.5.0
  Downloaded powerfmt v0.2.0
  Downloaded potential_utf v0.1.6
  Downloaded pkg-config v0.3.34
  Downloaded pin-project-lite v0.2.17
  Downloaded percent-encoding v2.3.2
  Downloaded parking_lot_core v0.9.12
  Downloaded owned_ttf_parser v0.25.1
  Downloaded openssl-macros v0.1.1
  Downloaded once_cell_polyfill v1.70.2
  Downloaded num-conv v0.2.2
  Downloaded nohash-hasher v0.2.0
  Downloaded muldiv v1.0.1
  Downloaded memoffset v0.9.1
  Downloaded lazy_static v1.5.0
  Downloaded itoa v1.0.18
  Downloaded idna_adapter v1.2.2
  Downloaded http-body-util v0.1.5
  Downloaded http-body v1.1.0
  Downloaded getrandom v0.2.17
  Downloaded futures-executor v0.3.34
  Downloaded flume v0.12.0
  Downloaded flate2 v1.1.10
  Downloaded epaint v0.31.1
  Downloaded emath v0.31.1
  Downloaded egui_glow v0.31.1
  Downloaded egui-winit v0.31.1
  Downloaded displaydoc v0.2.7
  Downloaded der-parser v10.0.0
  Downloaded crossbeam-utils v0.8.23
  Downloaded crc32fast v1.5.2
  Downloaded codespan-reporting v0.11.1
  Downloaded clap_derive v4.6.7
  Downloaded clap v4.6.7
  Downloaded chacha20 v0.10.2
  Downloaded cfg-expr v0.20.9
  Downloaded bytes v1.12.1
  Downloaded bytemuck_derive v1.12.1
  Downloaded bytemuck v1.25.2
  Downloaded bitflags v2.13.2
  Downloaded base64 v0.23.1
  Downloaded base64 v0.22.1
  Downloaded axum-server v0.7.3
  Downloaded autocfg v1.5.1
  Downloaded audio_thread_priority v0.35.1
  Downloaded asn1-rs v0.7.2
  Downloaded arrayvec v0.7.8
  Downloaded arc-swap v1.9.2
  Downloaded arboard v3.6.1
  Downloaded ahash v0.8.12
  Downloaded accesskit_winit v0.23.1
  Downloaded accesskit_windows v0.24.1
  Downloaded accesskit v0.17.1
  Downloaded paste v1.0.15
  Downloaded lru-slab v0.1.3
  Downloaded hexf-parse v0.2.1
  Downloaded heck v0.5.0
  Downloaded gpu-alloc-types v0.3.1
  Downloaded futures-channel v0.3.34
  Downloaded fs-err v3.3.1
  Downloaded foldhash v0.1.5
  Downloaded find-msvc-tools v0.1.14
  Downloaded fdeflate v0.3.7
  Downloaded fax v0.2.7
  Downloaded fastrand v2.5.0
  Downloaded either v1.18.0
  Downloaded egui-wgpu v0.31.1
  Downloaded digest v0.10.7
  Downloaded deranged v0.5.8
  Downloaded data-encoding v2.11.1
  Downloaded clipboard-win v5.4.1
  Downloaded byteorder v1.5.0
  Downloaded bit-vec v0.9.1
  Downloaded bit-vec v0.8.0
  Downloaded bit-set v0.8.0
  Downloaded atomic-waker v1.1.2
  Downloaded anstyle v1.0.14
  Downloaded anstream v1.0.0
  Downloaded accesskit_consumer v0.26.0
  Downloaded gpu-descriptor-types v0.2.0
  Downloaded gpu-descriptor v0.3.2
  Downloaded glutin_egl_sys v0.7.1
  Downloaded glutin-winit v0.5.0
  Downloaded generic-array v0.14.7
  Downloaded futures-task v0.3.34
  Downloaded futures-sink v0.3.34
  Downloaded futures-macro v0.3.34
  Downloaded futures-io v0.3.34
  Downloaded futures-core v0.3.34
  Downloaded form_urlencoded v1.2.2
  Downloaded foreign-types-shared v0.1.1
  Downloaded foreign-types v0.3.2
  Downloaded fnv v1.0.7
  Downloaded error-code v3.4.0
  Downloaded equivalent v1.0.2
  Downloaded ecolor v0.31.1
  Downloaded dpi v0.1.2
  Downloaded document-features v0.2.12
  Downloaded dasp_sample v0.11.0
  Downloaded cpufeatures v0.2.17
  Downloaded block-buffer v0.10.4
  Downloaded ab_glyph v0.2.32
  Downloaded cursor-icon v1.2.0
  Downloaded crypto-common v0.1.7
  Downloaded cpufeatures v0.3.1
  Downloaded colorchoice v1.0.5
  Downloaded clap_lex v1.1.1
  Downloaded cfg_aliases v0.2.2
  Downloaded cfg-if v1.0.5
  Downloaded axum-core v0.5.6
  Downloaded atomic_refcell v0.1.14
  Downloaded asn1-rs-impl v0.2.0
  Downloaded asn1-rs-derive v0.6.0
  Downloaded anstyle-parse v1.0.0
  Downloaded anstyle-query v1.1.5
  Downloaded adler2 v2.0.1
  Downloaded ab_glyph_rasterizer v0.1.10
   Compiling proc-macro2 v1.0.107
   Compiling unicode-ident v1.0.26
   Compiling quote v1.0.47
    Checking cfg-if v1.0.5
    Checking windows-link v0.2.1
   Compiling autocfg v1.5.1
   Compiling syn v3.0.6
   Compiling thiserror v2.0.21
   Compiling serde_core v1.0.229
    Checking log v0.4.34
   Compiling serde v1.0.229
    Checking windows-sys v0.61.2
   Compiling thiserror-impl v2.0.21
   Compiling serde_derive v1.0.229
   Compiling num-traits v0.2.19
    Checking once_cell v1.21.4
    Checking itoa v1.0.18
   Compiling heck v0.5.0
    Checking pin-project-lite v0.2.17
    Checking num-integer v0.1.47
   Compiling syn v2.0.119
   Compiling windows_x86_64_msvc v0.52.6
    Checking futures-core v0.3.34
    Checking memchr v2.8.3
    Checking rubato v0.16.2
    Checking rtrb v0.3.2
   Compiling version_check v0.9.5
    Checking windows-targets v0.52.6
   Compiling winnow v1.0.4
    Checking neonmix-core v0.1.0 (D:\a\NeonMix\NeonMix\crates\audio-core)
   Compiling toml_parser v1.1.3+spec-1.1.0
   Compiling zmij v1.0.23
    Checking futures-sink v0.3.34
   Compiling toml_datetime v1.1.1+spec-1.1.0
   Compiling serde_json v1.0.151
   Compiling target-lexicon v0.13.5
   Compiling smallvec v1.16.2
   Compiling serde_spanned v1.1.1
   Compiling cfg-expr v0.20.9
   Compiling toml v1.1.6+spec-1.1.0
    Checking socket2 v0.6.5
   Compiling version-compare v0.2.1
    Checking bytes v1.12.1
   Compiling pkg-config v0.3.34
   Compiling system-deps v7.0.8
    Checking mio v1.2.3
   Compiling shlex v2.0.1
    Checking zeroize v1.9.0
   Compiling find-msvc-tools v0.1.14
    Checking rustls-pki-types v1.15.1
   Compiling generic-array v0.14.7
   Compiling cc v1.5.1
   Compiling getrandom v0.4.3
    Checking typenum v1.20.1
    Checking bitflags v2.13.2
   Compiling ring v0.17.14
   Compiling tokio-macros v2.7.2
    Checking tokio v1.53.1
    Checking uuid v1.26.1
    Checking getrandom v0.2.17
    Checking untrusted v0.9.0
    Checking block-buffer v0.10.4
    Checking crypto-common v0.1.7
    Checking digest v0.10.7
    Checking windows-sys v0.59.0
   Compiling synstructure v0.14.0
   Compiling libc v0.2.189
    Checking cpufeatures v0.2.17
   Compiling zerofrom-derive v0.1.8
    Checking slab v0.4.12
    Checking scopeguard v1.2.0
    Checking lock_api v0.4.14
    Checking zerofrom v0.1.8
   Compiling yoke-derive v0.8.3
   Compiling rustls v0.23.45
    Checking stable_deref_trait v1.2.1
    Checking rustls-webpki v0.103.15
   Compiling windows-implement v0.60.2
    Checking yoke v0.8.3
   Compiling windows-interface v0.59.3
   Compiling futures-macro v0.3.34
    Checking windows-strings v0.5.1
    Checking windows-result v0.4.1
    Checking futures-task v0.3.34
    Checking subtle v2.6.1
    Checking futures-util v0.3.34
    Checking windows-core v0.62.2
    Checking sha2 v0.10.9
    Checking tracing-core v0.1.36
   Compiling zerovec-derive v0.11.6
    Checking tracing v0.1.44
   Compiling glib-sys v0.20.10
   Compiling displaydoc v0.2.7
    Checking zerovec v0.11.8
   Compiling paste v1.0.15
    Checking rustls-pemfile v2.2.0
   Compiling gobject-sys v0.20.10
    Checking windows-threading v0.2.1
    Checking utf8parse v0.2.2
    Checking anstyle v1.0.14
   Compiling zerocopy v0.8.59
    Checking once_cell_polyfill v1.70.2
    Checking anstyle-wincon v3.0.11
    Checking anstyle-parse v1.0.0
    Checking windows-future v0.3.2
    Checking windows-collections v0.3.2
    Checking windows-numerics v0.3.1
    Checking futures-channel v0.3.34
    Checking anstyle-query v1.1.5
    Checking is_terminal_polyfill v1.70.2
   Compiling cpal v0.18.2 (D:\a\NeonMix\NeonMix\vendor\cpal)
    Checking colorchoice v1.0.5
    Checking anstream v1.0.0
    Checking windows v0.62.2
    Checking tinystr v0.8.4
    Checking audio_thread_priority v0.35.1
    Checking percent-encoding v2.3.2
    Checking strsim v0.11.1
    Checking litemap v0.8.3
    Checking dasp_sample v0.11.0
    Checking writeable v0.6.4
    Checking clap_lex v1.1.1
    Checking clap_builder v4.6.7
    Checking icu_locale_core v2.3.0
    Checking potential_utf v0.1.6
    Checking zerotrie v0.2.5
    Checking neonmix-control v0.1.0 (D:\a\NeonMix\NeonMix\crates\control)
    Checking spin v0.9.9
   Compiling gstreamer-sys v0.23.6
    Checking http v1.5.0
   Compiling clap_derive v4.6.7
    Checking utf8_iter v1.0.4
   Compiling icu_properties_data v2.3.0
   Compiling equivalent v1.0.2
   Compiling icu_normalizer_data v2.3.0
   Compiling hashbrown v0.17.1
   Compiling indexmap v2.14.2
    Checking icu_collections v2.3.0
    Checking clap v4.6.7
    Checking flume v0.12.0
warning: function `frames_to_duration` is never used
   --> vendor\cpal\src\host\mod.rs:242:15
    |
242 | pub(crate) fn frames_to_duration(
    |               ^^^^^^^^^^^^^^^^^^
    |
    = note: `#[warn(dead_code)]` (part of `#[warn(unused)]`) on by default

warning: `cpal` (lib) generated 1 warning
    Checking icu_provider v2.3.1
    Checking socket-pktinfo v0.4.1
    Checking if-addrs v0.15.0
   Compiling cfg_aliases v0.2.2
    Checking fastrand v2.5.0
   Compiling khronos_api v3.1.0
    Checking byteorder v1.5.0
    Checking mdns-sd v0.21.4
    Checking keyring v3.6.2
    Checking neonmix-io v0.1.0 (D:\a\NeonMix\NeonMix\crates\audio-io)
   Compiling toml_edit v0.25.15+spec-1.1.0
   Compiling gstreamer-base-sys v0.23.6
   Compiling gio-sys v0.20.10
    Checking neonmix-airplay-ipc v0.1.0 (D:\a\NeonMix\NeonMix\crates\airplay-ipc)
   Compiling crossbeam-utils v0.8.23
   Compiling proc-macro-crate v3.5.0
    Checking icu_properties v2.3.0
    Checking icu_normalizer v2.3.0
    Checking form_urlencoded v1.2.2
   Compiling bytemuck_derive v1.12.1
    Checking stats_alloc v0.1.10
   Compiling httparse v1.10.1
   Compiling xml-rs v0.8.29
    Checking base64 v0.23.1
    Checking bytemuck v1.25.2
   Compiling gl_generator v0.14.0
    Checking idna_adapter v1.2.2
   Compiling glib-macros v0.20.12
    Checking neonmix-airplay-adapter v0.1.0 (D:\a\NeonMix\NeonMix\crates\airplay-adapter)
    Checking neonmix-identity v0.1.0 (D:\a\NeonMix\NeonMix\crates\identity)
    Checking http-body v1.1.0
    Checking futures-executor v0.3.34
    Checking either v1.18.0
    Checking simd-adler32 v0.3.10
    Checking itertools v0.14.0
    Checking idna v1.1.0
    Checking glib v0.20.12
    Checking option-operations v0.5.0
    Checking num-rational v0.4.2
    Checking adler2 v2.0.1
    Checking tower-service v0.3.3
    Checking muldiv v1.0.1
   Compiling parking_lot_core v0.9.12
   Compiling getrandom v0.3.4
   Compiling crc32fast v1.5.2
    Checking url v2.5.8
    Checking tokio-util v0.7.19
   Compiling gstreamer-rtp-sys v0.23.5
   Compiling gstreamer-app-sys v0.23.5
    Checking windows-result v0.2.0
    Checking windows-sys v0.52.0
    Checking gstreamer v0.23.7
   Compiling ahash v0.8.12
    Checking dpi v0.1.2
    Checking fnv v1.0.7
    Checking atomic-waker v1.1.2
    Checking accesskit v0.17.1
    Checking ttf-parser v0.25.1
    Checking try-lock v0.2.5
   Compiling windows_x86_64_msvc v0.53.1
    Checking want v0.3.1
    Checking owned_ttf_parser v0.25.1
    Checking h2 v0.4.19
    Checking windows-strings v0.1.0
    Checking miniz_oxide v0.9.1
    Checking emath v0.31.1
   Compiling winit v0.30.13
   Compiling windows-interface v0.58.0
   Compiling windows-implement v0.58.0
    Checking deranged v0.5.8
    Checking atomic_refcell v0.1.14
    Checking ab_glyph_rasterizer v0.1.10
    Checking time-core v0.1.9
    Checking arrayvec v0.7.8
    Checking foldhash v0.1.5
    Checking raw-window-handle v0.6.2
    Checking httpdate v1.0.3
    Checking num-conv v0.2.2
    Checking powerfmt v0.2.0
    Checking hyper v1.11.1
    Checking time v0.3.55
    Checking hashbrown v0.15.5
    Checking immutable-chunkmap v2.1.4
    Checking ab_glyph v0.2.32
    Checking gstreamer-base v0.23.6
    Checking windows-core v0.58.0
    Checking flate2 v1.1.10
    Checking ecolor v0.31.1
    Checking rand_core v0.9.5
    Checking parking_lot v0.12.5
    Checking miniz_oxide v0.8.9
    Checking fdeflate v0.3.7
   Compiling glutin_wgl_sys v0.6.1
   Compiling glutin_egl_sys v0.7.1
    Checking ppv-lite86 v0.2.21
    Checking tokio-rustls v0.26.6
    Checking neonmix-output-binding v0.1.0 (D:\a\NeonMix\NeonMix\crates\output-binding)
    Checking webpki-roots v1.0.9
    Checking sync_wrapper v1.0.2
    Checking cursor-icon v1.2.0
    Checking profiling v1.0.18
    Checking unicode-segmentation v1.13.3
    Checking pxfm v0.1.30
    Checking ipnet v2.12.2
    Checking epaint_default_fonts v0.31.1
    Checking tower-layer v0.3.3
    Checking smol_str v0.2.2
    Checking nohash-hasher v0.2.0
    Checking epaint v0.31.1
    Checking moxcms v0.8.1
    Checking hyper-util v0.1.21
    Checking rand_chacha v0.9.0
    Checking png v0.18.1
    Checking windows-targets v0.53.5
    Checking gstreamer-app v0.23.5
    Checking gstreamer-rtp v0.23.5
    Checking windows v0.58.0
    Checking accesskit_consumer v0.26.0
    Checking yasna v0.6.0
    Checking neonmix-desktop-service v0.1.0 (D:\a\NeonMix\NeonMix\crates\desktop-service)
    Checking pem v4.0.0
    Checking neonmix-windows v0.1.0 (D:\a\NeonMix\NeonMix\adapters\windows)
   Compiling glutin v0.32.3
   Compiling memoffset v0.9.1
    Checking static_assertions v1.1.0
   Compiling rustversion v1.0.23
    Checking byteorder-lite v0.1.0
    Checking error-code v3.4.0
    Checking clipboard-win v5.4.1
    Checking image v0.25.10
    Checking rcgen v0.14.10
    Checking windows-sys v0.60.2
    Checking accesskit_windows v0.24.1
    Checking rand v0.9.5
    Checking egui v0.31.1
    Checking tower v0.5.3
    Checking http-body-util v0.1.5
    Checking tympan-aspl v0.1.0 (D:\a\NeonMix\NeonMix\vendor\tympan-aspl)
warning: function `set_name` is never used
   --> vendor\tympan-aspl\src\raw\output_controls.rs:248:15
    |
248 | pub(crate) fn set_name(runtime: &DriverRuntime, value: String) {
    |               ^^^^^^^^
    |
    = note: `#[warn(dead_code)]` (part of `#[warn(unused)]`) on by default

warning: `tympan-aspl` (lib) generated 1 warning
   Compiling glutin-winit v0.5.0
    Checking sha1 v0.10.7
   Compiling fs-err v3.3.1
    Checking libloading v0.8.9
    Checking ryu v1.0.23
    Checking data-encoding v2.11.1
   Compiling muda v0.21.0
   Compiling winapi v0.3.9
    Checking tungstenite v0.29.0
    Checking serde_urlencoded v0.7.1
    Checking accesskit_winit v0.23.1
    Checking arboard v3.6.1
    Checking neonmix-media v0.1.0 (D:\a\NeonMix\NeonMix\crates\media)
    Checking webpki-roots v0.26.11
    Checking webbrowser v1.2.4
    Checking crossbeam-channel v0.5.17
    Checking keyboard-types v0.8.3
    Checking base64 v0.22.1
    Checking mime v0.3.17
   Compiling litrs v1.0.0
    Checking glow v0.16.0
   Compiling tray-icon v0.26.0
    Checking web-time v1.1.0
    Checking egui-winit v0.31.1
   Compiling document-features v0.2.12
    Checking egui_glow v0.31.1
    Checking axum-core v0.5.6
    Checking tokio-tungstenite v0.29.0
    Checking arc-swap v1.9.2
    Checking neonmix-hal v0.1.0 (D:\a\NeonMix\NeonMix\drivers\macos\hal)
    Checking tower-http v0.6.11
    Checking hyper-rustls v0.27.10
    Checking serde_path_to_error v0.1.20
   Compiling neonmix-hub v0.1.0 (D:\a\NeonMix\NeonMix\apps\hub)
    Checking matchit v0.8.4
    Checking eframe v0.31.1
    Checking axum v0.8.9
    Checking reqwest v0.12.28
    Checking axum-server v0.7.3
    Checking neonmix-desktop v0.1.0 (D:\a\NeonMix\NeonMix\apps\desktop)
    Checking neonmix-audio v0.1.0 (D:\a\NeonMix\NeonMix\apps\audio)
    Checking neonmix-linux v0.1.0 (D:\a\NeonMix\NeonMix\adapters\linux)
    Checking neonmix-macos v0.1.0 (D:\a\NeonMix\NeonMix\adapters\macos)
    Finished `dev` profile [unoptimized + debuginfo] target(s) in 3m 26s
