   Compiling winnow v1.0.4
   Compiling memchr v2.8.3
   Compiling toml_parser v1.1.3+spec-1.1.0
   Compiling toml_datetime v1.1.1+spec-1.1.0
   Compiling nom v7.1.3
   Compiling toml v1.1.6+spec-1.1.0
   Compiling system-deps v7.0.8
   Compiling cexpr v0.6.0
   Compiling syn v2.0.119
   Compiling syn v3.0.6
   Compiling bindgen v0.72.1
   Compiling rustix v1.1.5
   Compiling libspa v0.10.1
   Compiling linux-raw-sys v0.12.1
   Compiling libspa-sys v0.10.1
   Compiling pipewire-sys v0.10.1
   Compiling nom v8.0.0
   Compiling thiserror-impl v2.0.21
   Compiling serde_derive v1.0.229
   Compiling alsa v0.11.0
   Compiling pipewire v0.10.0
   Compiling serde v1.0.229
   Compiling thiserror v2.0.21
   Compiling neonmix-core v0.1.0 (/home/parallels/NeonMix/crates/audio-core)
   Compiling cpal v0.18.2 (/home/parallels/NeonMix/vendor/cpal)
   Compiling neonmix-io v0.1.0 (/home/parallels/NeonMix/crates/audio-io)
   Compiling clap_derive v4.6.7
   Compiling serde_json v1.0.151
   Compiling clap v4.6.7
   Compiling neonmix-linux v0.1.0 (/home/parallels/NeonMix/adapters/linux)
   Compiling neonmix-audio v0.1.0 (/home/parallels/NeonMix/apps/audio)
    Finished `release` profile [optimized + debuginfo] target(s) in 22.23s
     Running unittests src/main.rs (target/release/deps/neonmix_audio-b7786abe884aa2d4)

running 3 tests
test measurement::tests::never_counts_a_gap_as_continuous_source_time ... ok
test measurement::tests::measures_received_tone_and_does_not_invent_one_for_silence ... ok
test measurement::tests::source_restart_does_not_count_intervening_silence_as_tone_time ... ok

test result: ok. 3 passed; 0 failed; 0 ignored; 0 measured; 0 filtered out; finished in 0.00s

     Running tests/cli.rs (target/release/deps/cli-1a518d1aff050ef0)

running 3 tests
test unsupported_platform_sink_fails_explicitly ... ok
test invalid_format_fails_without_claiming_success ... ok
test offline_probe_returns_parseable_metrics ... ok

test result: ok. 3 passed; 0 failed; 0 ignored; 0 measured; 0 filtered out; finished in 0.01s

