    Checking cfg-if v1.0.5
    Checking bitflags v2.13.2
    Checking libc v0.2.189
    Checking once_cell v1.21.4
    Checking linux-raw-sys v0.12.1
    Checking log v0.4.34
    Checking rustix v1.1.5
    Checking smallvec v1.16.2
    Checking pin-project-lite v0.2.17
    Checking libloading v0.8.9
    Checking serde_core v1.0.229
    Checking dlib v0.5.3
    Checking memchr v2.8.3
    Checking slab v0.4.12
    Checking serde v1.0.229
    Checking wayland-sys v0.31.11
    Checking parking v2.2.1
    Checking zerocopy v0.8.59
    Checking polling v3.11.0
    Checking scoped-tls v1.0.1
    Checking futures-core v0.3.34
    Checking downcast-rs v1.2.1
    Checking wayland-backend v0.3.17
    Checking tracing-core v0.1.36
    Checking futures-io v0.3.34
    Checking tracing v0.1.44
    Checking zerofrom v0.1.8
    Checking wayland-client v0.31.15
    Checking crossbeam-utils v0.8.23
    Checking event-listener v5.4.2
    Checking stable_deref_trait v1.2.1
    Checking fastrand v2.5.0
    Checking event-listener-strategy v0.5.4
    Checking yoke v0.8.3
    Checking concurrent-queue v2.5.0
    Checking typenum v1.20.1
    Checking futures-lite v2.6.1
    Checking generic-array v0.14.7
    Checking enumflags2 v0.7.12
    Checking static_assertions v1.1.0
    Checking endi v1.1.1
    Checking zvariant v4.2.0
    Checking zerovec v0.11.8
    Checking getrandom v0.2.17
    Checking async-task v4.7.1
    Checking atomic-waker v1.1.2
    Checking piper v0.2.5
    Checking bytemuck v1.25.2
    Checking rand_core v0.6.4
    Checking memoffset v0.9.1
    Checking block-buffer v0.10.4
    Checking crypto-common v0.1.7
    Checking async-channel v2.5.0
    Checking ppv-lite86 v0.2.21
    Checking wayland-protocols v0.32.13
    Checking zbus_names v3.0.0
    Checking rand_chacha v0.3.1
    Checking blocking v1.7.0
    Checking digest v0.10.7
    Checking num-traits v0.2.19
    Checking async-lock v3.4.2
    Checking quick-xml v0.30.0
    Checking cpufeatures v0.2.17
    Checking futures-task v0.3.34
    Checking futures-sink v0.3.34
    Checking futures-util v0.3.34
    Checking thiserror v1.0.69
    Checking sha1 v0.10.7
    Checking zbus_xml v4.0.0
    Checking async-fs v2.2.0
    Checking rand v0.8.8
    Checking nix v0.29.0
    Checking async-io v2.6.0
    Checking async-executor v1.14.0
    Checking tinystr v0.8.4
    Checking async-broadcast v0.7.2
    Checking ordered-stream v0.2.0
    Checking xdg-home v1.3.0
    Checking hex v0.4.3
    Checking litemap v0.8.3
    Checking writeable v0.6.4
    Checking zbus v4.4.0
    Checking icu_locale_core v2.3.0
    Checking zbus-lockstep v0.4.4
    Checking getrandom v0.3.4
    Checking zerotrie v0.2.5
    Checking potential_utf v0.1.6
    Checking xcursor v0.3.11
    Checking utf8_iter v1.0.4
    Checking xkeysym v0.2.1
    Checking linux-raw-sys v0.4.15
    Checking simd-adler32 v0.3.10
    Checking cursor-icon v1.2.0
    Checking percent-encoding v2.3.2
    Checking wayland-csd-frame v0.3.0
    Checking rustix v0.38.44
    Checking atspi-common v0.6.0
    Checking icu_collections v2.3.0
    Checking wayland-cursor v0.31.14
    Checking thiserror v2.0.21
    Checking icu_provider v2.3.1
    Checking ahash v0.8.12
    Checking wayland-protocols-wlr v0.3.12
    Checking memmap2 v0.9.11
    Checking accesskit v0.17.1
    Checking adler2 v2.0.1
    Checking scopeguard v1.2.0
    Checking lock_api v0.4.14
    Checking x11-dl v2.21.0
    Checking icu_normalizer_data v2.3.0
    Checking calloop v0.13.0
    Checking parking_lot_core v0.9.12
    Checking icu_properties_data v2.3.0
    Checking gethostname v1.1.0
    Checking ttf-parser v0.25.1
    Checking as-raw-xcb-connection v1.0.1
    Checking x11rb-protocol v0.13.2
    Checking foldhash v0.1.5
    Checking arrayvec v0.7.8
    Checking immutable-chunkmap v2.1.4
    Checking hashbrown v0.15.5
    Checking owned_ttf_parser v0.25.1
    Checking icu_properties v2.3.0
    Checking parking_lot v0.12.5
    Checking calloop-wayland-source v0.3.0
    Checking icu_normalizer v2.3.0
    Checking atspi-proxies v0.6.0
    Checking crc32fast v1.5.2
    Checking miniz_oxide v0.9.1
    Checking libspa-sys v0.10.1
    Checking emath v0.31.1
    Checking ab_glyph_rasterizer v0.1.10
    Checking raw-window-handle v0.6.2
    Checking ab_glyph v0.2.32
    Checking ecolor v0.31.1
    Checking flate2 v1.1.10
    Checking atspi-connection v0.6.0
    Checking idna_adapter v1.2.2
    Checking smithay-client-toolkit v0.19.2
    Checking accesskit_consumer v0.26.0
    Checking miniz_oxide v0.8.9
    Checking fdeflate v0.3.7
    Checking xkbcommon-dl v0.4.2
    Checking wayland-protocols-plasma v0.3.12
    Checking num-integer v0.1.47
    Checking x11rb v0.13.2
    Checking calloop v0.14.4
    Checking nom v8.0.0
    Checking epaint_default_fonts v0.31.1
    Checking smol_str v0.2.2
    Checking dpi v0.1.2
    Checking nohash-hasher v0.2.0
    Checking cookie-factory v0.3.3
    Checking profiling v1.0.18
    Checking pxfm v0.1.30
    Checking libspa v0.10.1
    Checking epaint v0.31.1
    Checking moxcms v0.8.1
    Checking winit v0.30.13
    Checking calloop-wayland-source v0.4.1
    Checking rubato v0.16.2
    Checking png v0.18.1
    Checking accesskit_atspi_common v0.10.1
    Checking idna v1.1.0
    Checking atspi v0.22.0
    Checking pipewire-sys v0.10.1
    Checking alsa-sys v0.4.0
    Checking form_urlencoded v1.2.2
    Checking wayland-protocols-experimental v20250721.0.1
    Checking wayland-protocols-misc v0.3.12
    Checking utf8parse v0.2.2
    Checking rtrb v0.3.2
    Checking byteorder-lite v0.1.0
    Checking neonmix-core v0.1.0 (/home/parallels/NeonMix/crates/audio-core)
    Checking image v0.25.10
    Checking smithay-client-toolkit v0.20.0
    Checking anstyle-parse v1.0.0
    Checking url v2.5.8
    Checking alsa v0.11.0
    Checking pipewire v0.10.0
    Checking accesskit_unix v0.13.1
    Checking glutin_egl_sys v0.7.1
    Checking glutin_glx_sys v0.6.1
    Checking egui v0.31.1
    Checking dasp_sample v0.11.0
    Checking colorchoice v1.0.5
    Checking anstyle v1.0.14
    Checking anstyle-query v1.1.5
    Checking is_terminal_polyfill v1.70.2
    Checking anstream v1.0.0
    Checking cpal v0.18.2 (/home/parallels/NeonMix/vendor/cpal)
    Checking accesskit_winit v0.23.1
    Checking glutin v0.32.3
    Checking webbrowser v1.2.4
    Checking smithay-clipboard v0.7.3
    Checking arboard v3.6.1
    Checking zmij v1.0.23
    Checking strsim v0.11.1
    Checking itoa v1.0.18
    Checking web-time v1.1.0
    Checking glow v0.16.0
    Checking clap_lex v1.1.1
    Checking clap_builder v4.6.7
    Checking egui_glow v0.31.1
    Checking serde_json v1.0.151
    Checking egui-winit v0.31.1
    Checking glutin-winit v0.5.0
    Checking neonmix-io v0.1.0 (/home/parallels/NeonMix/crates/audio-io)
    Checking clap v4.6.7
    Checking eframe v0.31.1
    Checking neonmix-linux v0.1.0 (/home/parallels/NeonMix/adapters/linux)
    Checking neonmix-audio v0.1.0 (/home/parallels/NeonMix/apps/audio)
    Checking neonmix-desktop v0.1.0 (/home/parallels/NeonMix/apps/desktop)
    Finished `release` profile [optimized + debuginfo] target(s) in 18.47s
