   Compiling libc v0.2.189
   Compiling cpal v0.18.2 (/home/parallels/NeonMix/vendor/cpal)
   Compiling bitflags v2.13.2
   Compiling alsa-sys v0.4.0
   Compiling alsa v0.11.0
warning: associated function `with_native_frame_position` is never used
   --> vendor/cpal/src/timestamp.rs:266:19
    |
260 | impl OutputCallbackInfo {
    | ----------------------- associated function in this implementation
...
266 |     pub(crate) fn with_native_frame_position(timestamp: OutputStreamTimestamp, position: Option<i64>) -> Self {
    |                   ^^^^^^^^^^^^^^^^^^^^^^^^^^
    |
    = note: `#[warn(dead_code)]` (part of `#[warn(unused)]`) on by default

   Compiling neonmix-io v0.1.0 (/home/parallels/NeonMix/crates/audio-io)
warning: `cpal` (lib) generated 1 warning
    Finished `release` profile [optimized + debuginfo] target(s) in 3.66s
     Running tests/pipewire_buffer.rs (target/release/deps/pipewire_buffer-17ad473476ec2862)

running 2 tests
test pipewire_buffer::tests::clamps_native_size_but_rejects_partial_frames_or_short_scratch ... ok
test pipewire_buffer::tests::honors_offset_modulo_and_wrapped_chunks ... ok

test result: ok. 2 passed; 0 failed; 0 ignored; 0 measured; 0 filtered out; finished in 0.00s

