    Blocking waiting for file lock on package cache
   Compiling icu_normalizer v2.3.0
   Compiling neonmix-core v0.1.0 (/Volumes/projects-mac/NeonMix/crates/audio-core)
   Compiling neonmix-control v0.1.0 (/Volumes/projects-mac/NeonMix/crates/control)
   Compiling neonmix-lifecycle v0.1.0 (/Volumes/projects-mac/NeonMix/crates/lifecycle)
   Compiling serde_spanned v0.6.9
   Compiling toml_datetime v0.6.11
   Compiling fluent-bundle v0.16.0
   Compiling neonmix-desktop v0.1.0 (/Volumes/projects-mac/NeonMix/apps/desktop)
   Compiling neonmix-hub v0.1.0 (/Volumes/projects-mac/NeonMix/apps/hub)
   Compiling toml_edit v0.22.27
   Compiling idna_adapter v1.2.2
   Compiling neonmix-airplay-adapter v0.1.0 (/Volumes/projects-mac/NeonMix/crates/airplay-adapter)
   Compiling neonmix-io v0.1.0 (/Volumes/projects-mac/NeonMix/crates/audio-io)
   Compiling idna v1.1.0
   Compiling neonmix-media v0.1.0 (/Volumes/projects-mac/NeonMix/crates/media)
   Compiling url v2.5.8
   Compiling neonmix-desktop-service v0.1.0 (/Volumes/projects-mac/NeonMix/crates/desktop-service)
   Compiling neonmix-macos v0.1.0 (/Volumes/projects-mac/NeonMix/adapters/macos)
   Compiling webbrowser v1.2.4
   Compiling tower-http v0.6.11
   Compiling egui-winit v0.31.1
   Compiling reqwest v0.12.28
   Compiling toml v0.8.23
   Compiling eframe v0.31.1
   Compiling neonmix-i18n v0.1.0 (/Volumes/projects-mac/NeonMix/crates/i18n)
    Finished `release` profile [optimized + debuginfo] target(s) in 1m 39s
