    Blocking waiting for file lock on artifact directory
   Compiling neonmix-core v0.1.0 (/Volumes/projects-mac/NeonMix/crates/audio-core)
   Compiling neonmix-desktop v0.1.0 (/Volumes/projects-mac/NeonMix/apps/desktop)
   Compiling neonmix-airplay-adapter v0.1.0 (/Volumes/projects-mac/NeonMix/crates/airplay-adapter)
   Compiling neonmix-io v0.1.0 (/Volumes/projects-mac/NeonMix/crates/audio-io)
   Compiling neonmix-media v0.1.0 (/Volumes/projects-mac/NeonMix/crates/media)
   Compiling neonmix-macos v0.1.0 (/Volumes/projects-mac/NeonMix/adapters/macos)
   Compiling neonmix-desktop-service v0.1.0 (/Volumes/projects-mac/NeonMix/crates/desktop-service)
   Compiling neonmix-hub v0.1.0 (/Volumes/projects-mac/NeonMix/apps/hub)
error[E0425]: cannot find function `pill_sized` in module `widgets`
   --> apps/desktop/src/shell.rs:594:30
    |
594 |               let _ = widgets::pill_sized(ui, &chip, room_tone, width)
    |                                ^^^^^^^^^^
    |
   ::: apps/desktop/src/widgets.rs:558:1
    |
558 | / pub fn field_sized(
559 | |     ui: &mut Ui,
560 | |     id_salt: impl std::hash::Hash,
561 | |     label: &str,
...   |
587 | |     .inner
588 | | }
    | |_- similarly named function `field_sized` defined here
    |
help: a function with a similar name exists
    |
594 -             let _ = widgets::pill_sized(ui, &chip, room_tone, width)
594 +             let _ = widgets::field_sized(ui, &chip, room_tone, width)
    |

For more information about this error, try `rustc --explain E0425`.
error: could not compile `neonmix-desktop` (bin "neonmix-desktop") due to 1 previous error
warning: build failed, waiting for other jobs to finish...
