format: 0
packaging: 0
clippy: 0
tests: 101
   Compiling neonmix-core v0.1.0 (/Volumes/projects-mac/NeonMix/crates/audio-core)
   Compiling neonmix-desktop v0.1.0 (/Volumes/projects-mac/NeonMix/apps/desktop)
   Compiling neonmix-airplay-adapter v0.1.0 (/Volumes/projects-mac/NeonMix/crates/airplay-adapter)
   Compiling neonmix-io v0.1.0 (/Volumes/projects-mac/NeonMix/crates/audio-io)
   Compiling neonmix-media v0.1.0 (/Volumes/projects-mac/NeonMix/crates/media)
   Compiling neonmix-macos v0.1.0 (/Volumes/projects-mac/NeonMix/adapters/macos)
   Compiling neonmix-desktop-service v0.1.0 (/Volumes/projects-mac/NeonMix/crates/desktop-service)
   Compiling neonmix-hub v0.1.0 (/Volumes/projects-mac/NeonMix/apps/hub)
    Finished `test` profile [unoptimized + debuginfo] target(s) in 12.88s
     Running unittests src/lib.rs (target/debug/deps/neonmix_airplay_adapter-4c33d6df220a51c1)

running 0 tests

test result: ok. 0 passed; 0 failed; 0 ignored; 0 measured; 0 filtered out; finished in 0.00s

     Running tests/ingress.rs (target/debug/deps/ingress-70cd7f42207e2f98)

running 8 tests
test full_short_queue_never_invalidates_already_released_pcm ... ok
test already_applied_protocol_gain_is_not_multiplied_twice_and_late_packet_drops ... ok
test low_latency_keeps_bounds_rejects_late_packets_and_preserves_short_deadlines ... ok
test old_epoch_duplicates_clock_jump_and_bad_payload_fail_closed ... ok
test unix_mapping_preserves_source_domain_and_release_obeys_device_budget ... ok
test low_latency_removes_protocol_prefetch_without_modulating_packet_timing ... ok
test four_second_and_byte_limits_hold_for_large_and_tiny_packets ... ok
test low_latency_preserves_pcm_through_deep_device_callbacks ... FAILED

failures:

---- low_latency_preserves_pcm_through_deep_device_callbacks stdout ----
period=256 latency_ns=10000000 skipped=0 bad_samples=0
period=1024 latency_ns=106645833 skipped=0 bad_samples=0
period=2048 latency_ns=160000000 skipped=0 bad_samples=57567

thread 'low_latency_preserves_pcm_through_deep_device_callbacks' (47327901) panicked at crates/airplay-adapter/tests/ingress.rs:305:9:
assertion `left == right` failed: steady PCM must be continuous
  left: 57567
 right: 0
note: run with `RUST_BACKTRACE=1` environment variable to display a backtrace


failures:
    low_latency_preserves_pcm_through_deep_device_callbacks

test result: FAILED. 7 passed; 1 failed; 0 ignored; 0 measured; 0 filtered out; finished in 6.08s

error: test failed, to rerun pass `-p neonmix-airplay-adapter --test ingress`

