   Compiling neonmix-desktop-service v0.1.0 (/Volumes/projects-mac/NeonMix/crates/desktop-service)
    Finished `test` profile [unoptimized + debuginfo] target(s) in 2.05s
     Running unittests src/lib.rs (target/debug/deps/neonmix_desktop_service-8e242ebd364cd6dd)

running 0 tests

test result: ok. 0 passed; 0 failed; 0 ignored; 0 measured; 10 filtered out; finished in 0.00s

     Running unittests src/bin/neonmix-background.rs (target/debug/deps/neonmix_background-90d0887090cf714a)

running 0 tests

test result: ok. 0 passed; 0 failed; 0 ignored; 0 measured; 0 filtered out; finished in 0.00s

     Running tests/fault_contract.rs (target/debug/deps/fault_contract-631d5b116293fda4)

running 0 tests

test result: ok. 0 passed; 0 failed; 0 ignored; 0 measured; 6 filtered out; finished in 0.00s

     Running tests/lifecycle.rs (target/debug/deps/lifecycle-61e4110911923a44)

running 1 test
test bound_intent_rejects_identity_swap_and_preserves_id_and_frozen_credential_metadata ... ok

test result: ok. 1 passed; 0 failed; 0 ignored; 0 measured; 9 filtered out; finished in 0.42s

     Running tests/redaction.rs (target/debug/deps/redaction-4b7fa1144909bdc4)

running 0 tests

test result: ok. 0 passed; 0 failed; 0 ignored; 0 measured; 5 filtered out; finished in 0.00s

     Running tests/windows_native_ipc.rs (target/debug/deps/windows_native_ipc-70aa5b5c0c2e8510)

running 0 tests

test result: ok. 0 passed; 0 failed; 0 ignored; 0 measured; 0 filtered out; finished in 0.00s

