    Checking neonmix-desktop-service v0.1.0 (/Volumes/projects-mac/NeonMix/crates/desktop-service)
   Compiling neonmix-i18n v0.1.0 (/Volumes/projects-mac/NeonMix/crates/i18n)
   Compiling neonmix-desktop v0.1.0 (/Volumes/projects-mac/NeonMix/apps/desktop)
    Checking neonmix-control v0.1.0 (/Volumes/projects-mac/NeonMix/crates/control)
    Checking neonmix-hub v0.1.0 (/Volumes/projects-mac/NeonMix/apps/hub)
error: this `if` statement can be collapsed
   --> apps/desktop/src/commands.rs:610:9
    |
610 | /         if let Some(undo) = self.undo.take() {
611 | |             if let Some(mut intent) = self.proposal(undo.inverse, None) {
612 | |                 intent.guard = Some(undo.after);
613 | |                 self.enqueue_bound(intent);
614 | |             }
615 | |         }
    | |_________^
    |
    = help: for further information visit https://rust-lang.github.io/rust-clippy/rust-1.95.0/index.html#collapsible_if
    = note: `-D clippy::collapsible-if` implied by `-D warnings`
    = help: to override `-D warnings` add `#[allow(clippy::collapsible_if)]`
help: collapse nested if block
    |
610 ~         if let Some(undo) = self.undo.take()
611 ~             && let Some(mut intent) = self.proposal(undo.inverse, None) {
612 |                 intent.guard = Some(undo.after);
613 |                 self.enqueue_bound(intent);
614 ~             }
    |

error: this function has too many arguments (8/7)
   --> apps/desktop/src/intent.rs:107:5
    |
107 | /     pub fn submit(
108 | |         &mut self,
109 | |         context: ContextKey,
110 | |         route: Route,
...   |
115 | |         now: Instant,
116 | |     ) -> Result<(), Rejected> {
    | |_____________________________^
    |
    = help: for further information visit https://rust-lang.github.io/rust-clippy/rust-1.95.0/index.html#too_many_arguments
    = note: `-D clippy::too-many-arguments` implied by `-D warnings`
    = help: to override `-D warnings` add `#[allow(clippy::too_many_arguments)]`

error: this method chain can be written more clearly with `if .. else ..`
   --> apps/desktop/src/intent.rs:153:23
    |
153 |           let removed = writes
    |  _______________________^
154 | |             .iter()
155 | |             .any(|write| terminal(write))
156 | |             .then(|| {
...   |
167 | |             })
168 | |             .unwrap_or(0);
    | |_________________________^
    |
    = help: for further information visit https://rust-lang.github.io/rust-clippy/rust-1.95.0/index.html#obfuscated_if_else
    = note: `-D clippy::obfuscated-if-else` implied by `-D warnings`
    = help: to override `-D warnings` add `#[allow(clippy::obfuscated_if_else)]`
help: try
    |
153 ~         let removed = if writes
154 +             .iter()
155 +             .any(|write| terminal(write)) { {
156 +                 self.queued
157 +                     .iter()
158 +                     .filter(|pending| {
159 +                         pending.context == context
160 +                             && field(&pending.write).is_some()
161 +                             && writes
162 +                                 .iter()
163 +                                 .any(|write| terminates(write, &target, &pending.target))
164 +                     })
165 +                     .count()
166 ~             } } else { 0 };
    |

error: redundant closure
   --> apps/desktop/src/intent.rs:155:18
    |
155 |             .any(|write| terminal(write))
    |                  ^^^^^^^^^^^^^^^^^^^^^^^ help: replace the closure with the function itself: `terminal`
    |
    = help: for further information visit https://rust-lang.github.io/rust-clippy/rust-1.95.0/index.html#redundant_closure
    = note: `-D clippy::redundant-closure` implied by `-D warnings`
    = help: to override `-D warnings` add `#[allow(clippy::redundant_closure)]`

error: large size difference between variants
   --> apps/desktop/src/main.rs:120:1
    |
120 | /  enum Work {
121 | |      Boot,
122 | |/     Poll {
123 | ||         credential: PathBuf,
124 | ||         hub: Option<String>,
125 | ||     },
    | ||_____- the second-largest variant contains at least 48 bytes
126 | |      Action(Request),
    | |      --------------- the largest variant contains at least 296 bytes
127 | |  }
    | |__^ the entire enum is at least 296 bytes
    |
    = help: for further information visit https://rust-lang.github.io/rust-clippy/rust-1.95.0/index.html#large_enum_variant
    = note: `-D clippy::large-enum-variant` implied by `-D warnings`
    = help: to override `-D warnings` add `#[allow(clippy::large_enum_variant)]`
help: consider boxing the large fields or introducing indirection in some other way to reduce the total size of the enum
    |
126 -     Action(Request),
126 +     Action(Box<Request>),
    |

error: could not compile `neonmix-desktop` (bin "neonmix-desktop") due to 5 previous errors
warning: build failed, waiting for other jobs to finish...
error: could not compile `neonmix-desktop` (bin "neonmix-desktop" test) due to 5 previous errors
