[ 43%] Built target plist
[ 95%] Built target protocol
[ 97%] Building CXX object CMakeFiles/neonmix-airplay-worker.dir/main.cpp.o
[100%] Linking CXX executable neonmix-airplay-worker
[100%] Built target neonmix-airplay-worker
[ 71%] Built target plist
[ 95%] Built target protocol
[ 97%] Building CXX object CMakeFiles/neonmix-airplay-audio-probe.dir/audio_probe.cpp.o
[100%] Linking CXX executable neonmix-airplay-audio-probe
[100%] Built target neonmix-airplay-audio-probe
[ 69%] Built target plist
[ 95%] Built target protocol
[ 97%] Building CXX object CMakeFiles/neonmix-airplay-session-probe.dir/session_probe.cpp.o
[100%] Linking CXX executable neonmix-airplay-session-probe
[100%] Built target neonmix-airplay-session-probe
[ 70%] Built target plist
[ 93%] Built target protocol
[100%] Built target neonmix-airplay-probe-crypto
[ 65%] Built target plist
[ 95%] Built target protocol
[ 97%] Building CXX object CMakeFiles/neonmix-airplay-audio-probe.dir/audio_probe.cpp.o
[100%] Linking CXX executable neonmix-airplay-audio-probe
[100%] Built target neonmix-airplay-audio-probe
[ 41%] Built target plist
[ 95%] Built target protocol
[ 97%] Building CXX object CMakeFiles/neonmix-airplay-audio-probe.dir/audio_probe.cpp.o
[100%] Linking CXX executable neonmix-airplay-audio-probe
[100%] Built target neonmix-airplay-audio-probe
[ 36%] Built target plist
[ 95%] Built target protocol
[ 97%] Building CXX object CMakeFiles/neonmix-airplay-worker.dir/main.cpp.o
[100%] Linking CXX executable neonmix-airplay-worker
[100%] Built target neonmix-airplay-worker
[ 36%] Built target plist
[ 95%] Built target protocol
[ 97%] Building CXX object CMakeFiles/neonmix-airplay-audio-probe.dir/audio_probe.cpp.o
[100%] Linking CXX executable neonmix-airplay-audio-probe
[100%] Built target neonmix-airplay-audio-probe
[ 63%] Built target plist
[ 95%] Built target protocol
[ 97%] Building CXX object CMakeFiles/neonmix-airplay-session-probe.dir/session_probe.cpp.o
[100%] Linking CXX executable neonmix-airplay-session-probe
[100%] Built target neonmix-airplay-session-probe
