   Compiling neonmix-core v0.1.0 (/Volumes/projects-mac/NeonMix/crates/audio-core)
    Finished `release` profile [optimized + debuginfo] target(s) in 4.00s
     Running tests/lane_binding.rs (target/release/deps/lane_binding-6403e5312cf0e02b)

running 6 tests
test output_reopen_discards_old_timed_fifo_and_waits_for_new_deadline ... ok
test revocation_cuts_off_buffered_pcm_even_when_config_queue_is_full_and_same_ids_are_reused ... ok
test native_head_is_rejected_before_new_timed_stream_plays ... ok
test old_queue_binding_is_rejected_without_erasing_new_binding_and_mode ... ok
test stale_timed_queue_head_cannot_choose_playback_for_new_native_binding ... ok
test same_stream_wrong_kind_is_rejected_and_kind_change_resets_dsp ... ok

test result: ok. 6 passed; 0 failed; 0 ignored; 0 measured; 0 filtered out; finished in 0.01s

     Running tests/mixer_realtime.rs (target/release/deps/mixer_realtime-7f4717961b9e6dc3)

running 1 test
test dynamic_ratio_commands_and_stream_reuse_allocate_nothing_in_output ... ok

test result: ok. 1 passed; 0 failed; 0 ignored; 0 measured; 0 filtered out; finished in 0.16s

     Running tests/timed_mixer.rs (target/release/deps/timed_mixer-c05fa9d00d714e0e)

running 11 tests
test new_epoch_flushes_a_future_head_already_held_by_output ... ok
test late_deadlines_are_attributed_to_stream_epochs_across_lane_reuse ... ok
test single_block_waits_until_target_without_native_start_water ... ok
test negative_callback_start_jitter_does_not_delay_buffered_pcm ... ok
test muted_and_solo_lanes_consume_elapsed_audio_without_replay ... ok
test solo_exclusion_consumes_timed_input_instead_of_replaying_it_later ... ok
test callback_mid_block_selects_source_offset_and_epoch_flush_rejects_stale ... ok
test genuinely_late_first_pcm_and_large_clock_jumps_still_skip_elapsed_samples ... ok
test timed_audio_recovers_after_a_track_gap_without_an_epoch_change ... ok
test starvation_recovery_waits_for_future_pts_and_skips_elapsed_audio ... ok
test an_early_first_packet_keeps_its_samples_across_callback_start_jitter ... ok

test result: ok. 11 passed; 0 failed; 0 ignored; 0 measured; 0 filtered out; finished in 0.12s

     Running tests/timed_multi_source.rs (target/release/deps/timed_multi_source-3adb26a8a43d7753)

running 3 tests
test reusing_a_solo_lane_rejects_old_stream_and_keeps_other_stream_at_current_time ... ok
test four_distinct_streams_mix_with_independent_gain_mute_and_solo ... ok
test flushing_a_held_future_head_and_stale_packets_does_not_restart_other_lane ... ok

test result: ok. 3 passed; 0 failed; 0 ignored; 0 measured; 0 filtered out; finished in 0.01s

     Running tests/timed_quality.rs (target/release/deps/timed_quality-8b11e353ccf74f0e)

running 3 tests
test timed_source_clock_error_keeps_long_term_presentation_phase_bounded ... ignored, Run release ignored: accelerated two-minute absolute phase tracking
test fractional_src_preserves_upper_music_passband_after_clock_lock ... ok
test callback_jitter_and_source_clock_error_do_not_create_pcm_spikes ... ok

test result: ok. 2 passed; 0 failed; 1 ignored; 0 measured; 0 filtered out; finished in 0.49s

