{
  "passed": true,
  "worker_sha256": "d56bd9f42f860499bc5ff2bfd8875b010e939254e07d58b833931f77e78acb74",
  "results": [
    {
      "case": "admission_pending",
      "passed": true,
      "successor_pcm_blocks": 50
    },
    {
      "case": "await_grant",
      "passed": true,
      "successor_pcm_blocks": 50
    },
    {
      "case": "active",
      "passed": true,
      "successor_pcm_blocks": 50
    },
    {
      "case": "volume",
      "volume_db": -144.0,
      "passed": true,
      "first_pcm_blocks": 50,
      "resumed_pcm_blocks": 50,
      "successor_pcm_blocks": 50
    },
    {
      "case": "volume",
      "volume_db": -18.0,
      "passed": true,
      "first_pcm_blocks": 50,
      "resumed_pcm_blocks": 50,
      "successor_pcm_blocks": 50
    },
    {
      "case": "volume",
      "volume_db": 0.0,
      "passed": true,
      "first_pcm_blocks": 50,
      "resumed_pcm_blocks": 50,
      "successor_pcm_blocks": 50
    }
  ],
  "scope": "signed synthetic sender, encrypted UDP, actual worker and PCM IPC; no Apple/hardware audio"
}
