{
  "worker_sha256": "98663874bc79bd73a48f53bd6d70911909a1f3ff61e6610b95333fc593611dc1",
  "results": [
    {
      "codec": 2,
      "spf": 352,
      "udp_noise": false,
      "invalid_control_port": false,
      "setup_status": 200,
      "ports_nonzero": true,
      "source_frame_count": 352,
      "pcm_bytes": 95024,
      "alive": true,
      "resets": [],
      "fatal": [],
      "exit_before_stop": null,
      "stderr": "",
      "passed": true
    },
    {
      "codec": 2,
      "spf": null,
      "udp_noise": false,
      "invalid_control_port": false,
      "setup_status": 200,
      "ports_nonzero": true,
      "source_frame_count": 352,
      "pcm_bytes": 3494456,
      "alive": true,
      "resets": [],
      "fatal": [],
      "exit_before_stop": null,
      "stderr": "",
      "passed": true
    },
    {
      "codec": 2,
      "spf": 65538,
      "udp_noise": false,
      "invalid_control_port": false,
      "setup_status": 400,
      "resets": [],
      "fatal": [],
      "exit_before_stop": null,
      "stderr": "",
      "passed": true
    },
    {
      "codec": 1,
      "spf": 352,
      "udp_noise": true,
      "invalid_control_port": false,
      "setup_status": 200,
      "ports_nonzero": true,
      "source_frame_count": 352,
      "pcm_bytes": 95024,
      "alive": true,
      "resets": [],
      "fatal": [],
      "exit_before_stop": null,
      "stderr": "",
      "passed": true
    },
    {
      "codec": 2,
      "spf": "352",
      "udp_noise": false,
      "invalid_control_port": false,
      "setup_status": 400,
      "resets": [],
      "fatal": [],
      "exit_before_stop": null,
      "stderr": "",
      "passed": true
    },
    {
      "codec": 2,
      "spf": 8193,
      "udp_noise": false,
      "invalid_control_port": false,
      "setup_status": 400,
      "resets": [],
      "fatal": [],
      "exit_before_stop": null,
      "stderr": "",
      "passed": true
    },
    {
      "codec": 2,
      "spf": 352,
      "udp_noise": false,
      "invalid_control_port": true,
      "setup_status": 400,
      "resets": [],
      "fatal": [],
      "exit_before_stop": null,
      "stderr": "",
      "passed": true
    }
  ],
  "passed": true,
  "scope": "synthetic authenticated encrypted audio; not Apple interoperability"
}
