    Checking neonmix-desktop-service v0.1.0 (/Volumes/projects-mac/NeonMix/crates/desktop-service)
   Compiling neonmix-desktop v0.1.0 (/Volumes/projects-mac/NeonMix/apps/desktop)
error[E0063]: missing field `lifecycle` in initializer of `neonmix_desktop_service::ServiceStatus`
  --> apps/desktop/src/commands_tests.rs:52:27
   |
52 |         app.status = Some(ServiceStatus {
   |                           ^^^^^^^^^^^^^ missing `lifecycle`

error[E0063]: missing field `lifecycle` in initializer of `neonmix_desktop_service::ServiceStatus`
    --> apps/desktop/src/main.rs:1639:27
     |
1639 |         app.status = Some(ServiceStatus {
     |                           ^^^^^^^^^^^^^ missing `lifecycle`

error[E0063]: missing field `lifecycle` in initializer of `neonmix_desktop_service::ServiceStatus`
    --> apps/desktop/src/main.rs:1745:27
     |
1745 |         app.status = Some(ServiceStatus {
     |                           ^^^^^^^^^^^^^ missing `lifecycle`

error[E0063]: missing field `lifecycle` in initializer of `neonmix_desktop_service::ServiceStatus`
    --> apps/desktop/src/main.rs:1959:22
     |
1959 |         let status = ServiceStatus {
     |                      ^^^^^^^^^^^^^ missing `lifecycle`

error[E0063]: missing field `lifecycle` in initializer of `neonmix_desktop_service::ServiceStatus`
    --> apps/desktop/src/main.rs:2177:22
     |
2177 |         let status = ServiceStatus {
     |                      ^^^^^^^^^^^^^ missing `lifecycle`

For more information about this error, try `rustc --explain E0063`.
error: could not compile `neonmix-desktop` (bin "neonmix-desktop" test) due to 5 previous errors
