    Checking neonmix-desktop-service v0.1.0 (/Volumes/projects-mac/NeonMix/crates/desktop-service)
   Compiling neonmix-i18n v0.1.0 (/Volumes/projects-mac/NeonMix/crates/i18n)
   Compiling neonmix-desktop v0.1.0 (/Volumes/projects-mac/NeonMix/apps/desktop)
warning: method `matches_instance` is never used
  --> crates/desktop-service/src/manager.rs:74:19
   |
42 | impl Manager {
   | ------------ method in this implementation
...
74 |     pub(crate) fn matches_instance(&self, instance: Uuid) -> bool {
   |                   ^^^^^^^^^^^^^^^^
   |
   = note: `#[warn(dead_code)]` (part of `#[warn(unused)]`) on by default

warning: `neonmix-desktop-service` (lib) generated 1 warning
warning: `neonmix-desktop-service` (lib test) generated 1 warning (1 duplicate)
error[E0609]: no field `stop_after_start` on type `Desktop`
    --> apps/desktop/src/main.rs:1998:21
     |
1998 |         assert!(app.stop_after_start);
     |                     ^^^^^^^^^^^^^^^^ unknown field
     |
     = note: available fields are: `preferences`, `localization`, `page`, `page_since`, `shown_message` ... and 75 others

error[E0609]: no field `stop_after_start` on type `Desktop`
    --> apps/desktop/src/main.rs:2011:22
     |
2011 |         assert!(!app.stop_after_start);
     |                      ^^^^^^^^^^^^^^^^ unknown field
     |
     = note: available fields are: `preferences`, `localization`, `page`, `page_since`, `shown_message` ... and 75 others

For more information about this error, try `rustc --explain E0609`.
error: could not compile `neonmix-desktop` (bin "neonmix-desktop" test) due to 2 previous errors
