    Blocking waiting for file lock on artifact directory
   Compiling neonmix-desktop-service v0.1.0 (/Volumes/projects-mac/NeonMix/crates/desktop-service)
    Finished `test` profile [unoptimized + debuginfo] target(s) in 11.42s
     Running unittests src/lib.rs (target/debug/deps/neonmix_desktop_service-8e242ebd364cd6dd)

running 2 tests
test managed::tests::hung_process_is_forced_with_a_bounded_wait ... FAILED
test managed::tests::cancelled_stop_completes_and_fifty_restarts_are_graceful ... FAILED

failures:

---- managed::tests::hung_process_is_forced_with_a_bounded_wait stdout ----

thread 'managed::tests::hung_process_is_forced_with_a_bounded_wait' (49375180) panicked at crates/desktop-service/src/managed.rs:417:57:
set project-local probe path

---- managed::tests::cancelled_stop_completes_and_fifty_restarts_are_graceful stdout ----

thread 'managed::tests::cancelled_stop_completes_and_fifty_restarts_are_graceful' (49375179) panicked at crates/desktop-service/src/managed.rs:417:57:
set project-local probe path
note: run with `RUST_BACKTRACE=1` environment variable to display a backtrace


failures:
    managed::tests::cancelled_stop_completes_and_fifty_restarts_are_graceful
    managed::tests::hung_process_is_forced_with_a_bounded_wait

test result: FAILED. 0 passed; 2 failed; 0 ignored; 0 measured; 10 filtered out; finished in 0.00s

error: test failed, to rerun pass `-p neonmix-desktop-service --lib`
