   Compiling neonmix-desktop-service v0.1.0 (/Volumes/projects-mac/NeonMix/crates/desktop-service)
    Finished `test` profile [unoptimized + debuginfo] target(s) in 2.82s
     Running unittests src/lib.rs (target/debug/deps/neonmix_desktop_service-8e242ebd364cd6dd)

running 11 tests
test managed::tests::cancelled_stop_completes_and_fifty_restarts_are_graceful ... ignored, requires the project-local neonmix-lifecycle-probe fixture
test managed::tests::hung_process_is_forced_with_a_bounded_wait ... ignored, requires the project-local neonmix-lifecycle-probe fixture
test daemon::discovery_tests::discovery_empty_completion_clears_removed_candidates_and_supports_single_line_output ... ok
test daemon::discovery_tests::discovery_incomplete_or_malformed_output_is_an_error ... ok
test intent::tests::legacy_patch_requires_runtime_session_and_unchanged_undo_field ... ok
test daemon::discovery_tests::discovery_returns_the_final_candidate_snapshot_instead_of_transient_events ... ok
test intent::tests::legacy_patch_uses_one_fresh_revision_and_preserves_unmodified_fields ... ok
test daemon::discovery_tests::unsupported_device_format_has_a_specific_redacted_error ... ok
test daemon::discovery_tests::receiver_pins_only_survive_authenticated_control_replies ... ok
test daemon::discovery_tests::persistent_fault_keeps_semantics_through_eof_and_unexpected_exit_noise ... ok
test managed::ready_tests::five_real_child_startup_cases_use_latched_readiness_and_confirmed_exit ... FAILED

failures:

---- managed::ready_tests::five_real_child_startup_cases_use_latched_readiness_and_confirmed_exit stdout ----

thread 'managed::ready_tests::five_real_child_startup_cases_use_latched_readiness_and_confirmed_exit' (49240715) panicked at crates/desktop-service/src/managed.rs:477:13:
assertion `left == right` failed: ready-then-log: Err("background_timeout")
  left: false
 right: true
note: run with `RUST_BACKTRACE=1` environment variable to display a backtrace


failures:
    managed::ready_tests::five_real_child_startup_cases_use_latched_readiness_and_confirmed_exit

test result: FAILED. 8 passed; 1 failed; 2 ignored; 0 measured; 0 filtered out; finished in 1.70s

error: test failed, to rerun pass `-p neonmix-desktop-service --lib`
