format: 0
packaging: 0
clippy: 0
tests: 101
_keeps_unknown_results_visible ... ok
test tests::two_failed_ipc_calls_do_not_prove_that_background_audio_stopped ... ok
test theme::tests::cached_font_bytes_are_read_once_and_reused ... ok
test tests::live_graph_names_every_node_for_assistive_tech ... ok
test theme::tests::fluent_direction_isolates_are_invisible_egui_glyphs ... ok
test tests::mixer_arrows_follow_the_fader_direction_of_the_layout ... ok
test tests::sidebar_fits_seven_pages_and_actions_in_the_minimum_window ... ok
test tests::pages_handle_missing_loading_failed_and_stale_states ... ok
test widgets::localization_tests::identical_display_labels_do_not_alias_business_field_ids ... ok
test tests::palette_enter_during_ime_composition_does_not_run_an_action ... ok
test widgets::localization_tests::translated_field_labels_keep_focus_draft_and_identity ... ok
test widgets::localization_tests::translated_inline_title_keeps_identity_and_focus ... ok
test widgets::localization_tests::keyboard_combo_selection_closes_popup_and_returns_focus ... ok
test tests::airplay_source_is_visible_searchable_and_admin_controls_follow_room_permissions ... ok
test tests::live_graph_moves_only_while_signal_flows ... ok
test i18n_tests::fifty_language_switches_preserve_drafts_targets_timers_and_backend_sessions ... ok
test i18n_tests::dual_language_eight_surfaces_cover_empty_full_busy_and_stale_states ... ok
test i18n_tests::long_user_names_and_double_scale_keep_actions_and_page_names_reachable ... ok

test result: ok. 64 passed; 0 failed; 0 ignored; 0 measured; 0 filtered out; finished in 0.56s

     Running unittests src/lib.rs (target/debug/deps/neonmix_desktop_service-d0b704738290b7fc)

running 16 tests
test daemon::discovery_tests::discovery_incomplete_or_malformed_output_is_an_error ... ok
test intent::tests::legacy_patch_requires_runtime_session_and_unchanged_undo_field ... ok
test daemon::discovery_tests::discovery_returns_the_final_candidate_snapshot_instead_of_transient_events ... ok
test intent::tests::legacy_patch_uses_one_fresh_revision_and_preserves_unmodified_fields ... ok
test daemon::discovery_tests::discovery_empty_completion_clears_removed_candidates_and_supports_single_line_output ... ok
test daemon::discovery_tests::receiver_pins_only_survive_authenticated_control_replies ... ok
test daemon::discovery_tests::unsupported_device_format_has_a_specific_redacted_error ... ok
test daemon::discovery_tests::persistent_fault_keeps_semantics_through_eof_and_unexpected_exit_noise ... ok
test managed::tests::cancelled_stop_completes_and_fifty_restarts_are_graceful ... ignored, requires the project-local neonmix-lifecycle-probe fixture
test managed::tests::failed_runtime_drop_keeps_guardian_alive_until_its_hung_media_exits ... ignored, requires the project-local neonmix-lifecycle-probe fixture
test managed::tests::hung_process_is_forced_with_a_bounded_wait ... ignored, requires the project-local neonmix-lifecycle-probe fixture
test manager::tests::accepted_stop_fences_queued_start_and_duplicate_stop_reuses_the_operation ... ok
test guardian::cleanup_tests::another_owner_lock_prevents_cleanup_and_file_replacement_does_not_get_deleted ... ok
test guardian::cleanup_tests::cleanup_keeps_persistent_identity_and_removes_only_captured_temporary_keys ... ok
test guardian::cleanup_tests::receiver_directory_symlink_fails_closed_without_deleting_other_directory_keys ... ok
test managed::ready_tests::five_real_child_startup_cases_use_latched_readiness_and_confirmed_exit ... FAILED

failures:

---- managed::ready_tests::five_real_child_startup_cases_use_latched_readiness_and_confirmed_exit stdout ----

thread 'managed::ready_tests::five_real_child_startup_cases_use_latched_readiness_and_confirmed_exit' (50152273) panicked at crates/desktop-service/src/managed.rs:663:13:
assertion `left == right` failed: ready-then-log: Err("background_timeout"), ProcessStatus { guardian_version: 1, guardian_result: Some(GuardianResult { version: 1, forced: false, cleanup_complete: true, child_exit_code: Some(0), runtime_keys_observed: 0, cleanup_failures: [], error_code: None, failure_stage: None }), owner_pid: None, running: false, ready: false, stopping: false, stop_result: Some(StopResult { graceful: true, forced: false, elapsed_ms: 24, exit_code: Some(0), cleanup_complete: true }), pid: None, error: Some("后台请求超时。请检查后台状态后重试。"), fault: Some(Fault { code: BackgroundTimeout, params: FaultParams { port: None } }), last_event: Some(Object {"event": String("managed_child_ready"), "guardian_version": Number(1), "kind": String("hub_started"), "pid": Number(99850)}), metrics: Some(Object {"event": String("hub_stats")}) }
  left: false
 right: true
note: run with `RUST_BACKTRACE=1` environment variable to display a backtrace


failures:
    managed::ready_tests::five_real_child_startup_cases_use_latched_readiness_and_confirmed_exit

test result: FAILED. 12 passed; 1 failed; 3 ignored; 0 measured; 0 filtered out; finished in 1.96s

error: test failed, to rerun pass `-p neonmix-desktop-service --lib`

