   Compiling neonmix-control v0.1.0 (/Volumes/projects-mac/NeonMix/crates/control)
   Compiling neonmix-identity v0.1.0 (/Volumes/projects-mac/NeonMix/crates/identity)
    Finished `test` profile [unoptimized + debuginfo] target(s) in 2.51s
     Running unittests src/lib.rs (target/debug/deps/neonmix_identity-97fc1baeec37ad72)

running 31 tests
test airplay_profile::tests::crash_child_helper ... ok
test discovery::tests::incompatible_or_incomplete_records_do_not_become_candidates ... ok
test discovery::tests::names_are_distinct_candidates_and_all_usable_addresses_survive ... ok
test files::tests::lock_child_helper ... ok
test files::tests::crashed_owner_releases_stable_lock ... ok
test files::tests::directory_publish_does_not_replace_existing_target ... ok
test files::tests::failed_replace_preserves_destination_and_cleans_its_own_temporary_file ... ok
test files::tests::stable_lock_is_nonblocking_and_reusable ... ok
test files::tests::private_directory_handle_survives_path_replaced_by_symlink ... ok
test files::tests::private_replace_is_exclusive_and_removes_an_old_insecure_file_mode ... ok
test pairing::tests::expiration_cancellation_single_use_and_exact_retry ... ok
test airplay_profile::tests::missing_profile_with_existing_credentials_never_creates_a_new_identity ... ok
test pairing::tests::quota_reclaims_expired_grants ... ok
test profiles::tests::receiver_preserves_worker_encoded_public_keys ... ok
test airplay_profile::tests::corrupt_missing_secret_unknown_version_and_duplicate_identity_never_reset ... ok
test store::tests::cwd_child_helper ... ok
test airplay_profile::tests::capacity_counts_revocations_and_preserves_independent_preferences ... ok
test speaker::tests::service_pair_can_withdraw_and_republish_without_changing_identity ... ok
test airplay_profile::tests::legacy_global_denial_becomes_recoverable_per_source_denial ... ok
test store::tests::round_trip_exclusive_and_idempotent ... ok
test store::tests::complete_store_identity_isolates_same_uuid_and_reads_do_not_create ... ok
test store::tests::rejects_links_nonfiles_and_wide_permissions ... ok
test store::tests::store_resolution_survives_unrelated_working_directory ... ok
test airplay_profile::tests::recovery_rejects_conflicts_and_never_replaces_a_published_missing_secret ... ok
test airplay_profile::tests::migration_preserves_identity_trust_and_rollback_uses_current_revocations ... ok
test store::tests::rejects_corruption_version_unknown_fields_and_oversize_without_leaking ... ok
test hub_settings::tests::published_directory_failure_returns_unconfirmed_and_keeps_the_same_transaction_for_recovery ... ok
test files::publication_tests::every_real_replace_boundary_preserves_original_error_and_publication_phase ... ok
test hub_settings::tests::corrupt_unknown_schema_changed_identity_and_newer_configuration_fail_closed ... ok
test airplay_profile::tests::killed_create_and_add_recover_the_same_identity_without_orphan_secrets ... ok
test hub_settings::tests::all_publication_and_journal_boundaries_recover_the_whole_old_or_new_configuration ... ok

test result: ok. 31 passed; 0 failed; 0 ignored; 0 measured; 0 filtered out; finished in 1.05s

     Running unittests src/bin/neonmix-airplay-profile.rs (target/debug/deps/neonmix_airplay_profile-add753cba856e885)

running 0 tests

test result: ok. 0 passed; 0 failed; 0 ignored; 0 measured; 0 filtered out; finished in 0.00s

   Doc-tests neonmix_identity

running 0 tests

test result: ok. 0 passed; 0 failed; 0 ignored; 0 measured; 0 filtered out; finished in 0.00s

