    Checking neonmix-control v0.1.0 (/Volumes/projects-mac/NeonMix/crates/control)
   Compiling neonmix-desktop v0.1.0 (/Volumes/projects-mac/NeonMix/apps/desktop)
   Compiling neonmix-hub v0.1.0 (/Volumes/projects-mac/NeonMix/apps/hub)
    Checking neonmix-desktop-service v0.1.0 (/Volumes/projects-mac/NeonMix/crates/desktop-service)
    Checking neonmix-media v0.1.0 (/Volumes/projects-mac/NeonMix/crates/media)
error[E0308]: mismatched types
    --> crates/desktop-service/src/daemon.rs:1535:21
     |
1535 |                     expected_revision,
     |                     ^^^^^^^^^^^^^^^^^ expected `Option<u64>`, found `u64`
     |
     = note: expected enum `std::option::Option<u64>`
                found type `u64`
help: try wrapping the expression in `Some`
     |
1535 |                     expected_revision: Some(expected_revision),
     |                     ++++++++++++++++++++++++                 +

For more information about this error, try `rustc --explain E0308`.
error: could not compile `neonmix-desktop-service` (lib test) due to 1 previous error
warning: build failed, waiting for other jobs to finish...
error: could not compile `neonmix-desktop-service` (lib) due to 1 previous error
error[E0308]: mismatched types
   --> apps/hub/src/sender.rs:229:41
    |
229 |             request.expected_revision = snapshot.revision;
    |             -------------------------   ^^^^^^^^^^^^^^^^^ expected `Option<u64>`, found `u64`
    |             |
    |             expected due to the type of this binding
    |
    = note: expected enum `std::option::Option<u64>`
               found type `u64`
help: try wrapping the expression in `Some`
    |
229 |             request.expected_revision = Some(snapshot.revision);
    |                                         +++++                 +

error[E0308]: mismatched types
    --> apps/hub/src/server.rs:1629:39
     |
1629 |             start.expected_revision = engine.authority.current().revision;
     |             -----------------------   ^^^^^^^^^^^^^^^^^^^^^^^^^^^^^^^^^^^ expected `Option<u64>`, found `u64`
     |             |
     |             expected due to the type of this binding
     |
     = note: expected enum `std::option::Option<u64>`
                found type `u64`
help: try wrapping the expression in `Some`
     |
1629 |             start.expected_revision = Some(engine.authority.current().revision);
     |                                       +++++                                   +

error: could not compile `neonmix-hub` (bin "neonmix-hub") due to 1 previous error
error: could not compile `neonmix-hub` (bin "neonmix-hub" test) due to 2 previous errors
