   Compiling neonmix-control v0.1.0 (/Volumes/projects-mac/NeonMix/crates/control)
   Compiling neonmix-identity v0.1.0 (/Volumes/projects-mac/NeonMix/crates/identity)
   Compiling neonmix-desktop v0.1.0 (/Volumes/projects-mac/NeonMix/apps/desktop)
   Compiling neonmix-hub v0.1.0 (/Volumes/projects-mac/NeonMix/apps/hub)
   Compiling neonmix-media v0.1.0 (/Volumes/projects-mac/NeonMix/crates/media)
   Compiling neonmix-desktop-service v0.1.0 (/Volumes/projects-mac/NeonMix/crates/desktop-service)
    Finished `test` profile [unoptimized + debuginfo] target(s) in 7.55s
     Running unittests src/lib.rs (target/debug/deps/neonmix_control-b8162c1f487215dd)

running 0 tests

test result: ok. 0 passed; 0 failed; 0 ignored; 0 measured; 0 filtered out; finished in 0.00s

     Running tests/authority.rs (target/debug/deps/authority-53a639ef7ee880c0)

running 11 tests
test disconnect_allow_and_revoke_have_distinct_reconnect_rules ... ok
test wire_commands_roundtrip_and_reject_self_reported_role ... ok
test revision_idempotency_and_full_dsp_queue_do_not_publish_success ... ok
test stopped_sender_is_not_reactivated_by_status_updates ... ok
test durable_failure_does_not_commit_and_event_deltas_rebuild_snapshot ... ok
test member_cannot_solo_or_change_others_and_master ... ok
test replica_rejects_gaps_and_foreign_hubs_without_partial_updates ... ok
test exhausted_revision_rejects_runtime_changes_without_unversioned_mutation ... ok
test provision_and_restore_preserve_trust_revocation_and_mix_but_clear_media ... ok
test snapshot_event_cursors_and_version_negotiation ... ok
test terminal_session_history_is_bounded_without_blocking_new_sessions ... ok

test result: ok. 11 passed; 0 failed; 0 ignored; 0 measured; 0 filtered out; finished in 0.09s

     Running tests/transactions.rs (target/debug/deps/transactions-18f6431ce493824e)

running 10 tests
test staged_command_excludes_durable_writers_and_preserves_live_output_loss ... ok
test failed_preparation_aborts_only_the_candidate_and_keeps_health_updates ... ok
test cached_receipt_does_not_bypass_current_principal_validation ... ok
test completed_replay_precedes_unrelated_pending_transaction_and_checks_fingerprint ... ok
test runtime_epoch_and_requesting_identity_are_checked_before_replay_or_side_effects ... ok
test pending_health_reserves_final_sequence_for_commit_without_unversioned_mutation ... ok
test session_ending_during_saved_mix_is_not_resurrected_but_preferences_survive ... ok
test health_false_get_true_then_commit_or_abort_preserves_each_public_cursor ... ok
test unrelated_session_health_during_registration_is_retained_without_deferred_replay ... ok
test pending_health_keeps_bounded_event_history_and_requires_snapshot_after_eviction ... ok

test result: ok. 10 passed; 0 failed; 0 ignored; 0 measured; 0 filtered out; finished in 0.00s

     Running unittests src/main.rs (target/debug/deps/neonmix_desktop-2bef26eb60eff9c1)

running 64 tests
test emblem::tests::same_room_same_emblem_and_rooms_differ ... ok
test events::tests::diff_names_joins_changes_leaves_and_output_in_order ... ok
test events::tests::list_keeps_the_newest_events ... ok
test events::tests::switching_locale_rerenders_existing_history_without_new_events ... ok
test commands_tests::acknowledgement_does_not_erase_a_newer_drag_draft_and_removed_session_clears_its_draft ... ok
test commands_tests::unknown_reconciles_the_same_envelope_and_only_acknowledgement_creates_undo ... ok
test flow::localization_tests::source_accessible_name_follows_locale_and_preserves_user_content ... ok
test commands_tests::airplay_mute_then_gain_and_solo_then_gain_emit_independent_patches ... ok
test commands_tests::delayed_first_write_preserves_b_gain_c_mute_b_solo_and_fair_order ... ok
test commands_tests::context_change_cancels_queued_fields_and_does_not_retarget_inflight_reply_or_undo ... ok
test commands_tests::undo_rechecks_field_after_a_wait_and_preserves_other_fields ... ok
test flow::tests::nodes_never_overlap_or_leave_the_canvas ... ok
test history::tests::series_keeps_only_the_window_and_dropped_keys ... ok
test commands_tests::legacy_resolution_freezes_one_fresh_payload_and_is_cancelled_on_context_change ... ok
test commands_tests::undo_is_invalidated_in_acknowledgement_and_restore_windows_and_on_session_reuse ... ok
test commands_tests::terminal_target_is_a_barrier_and_capacity_never_evicts_another_channel ... ok
test animation::tests::live_motion_repaints_only_while_active_and_not_reduced ... ok
test animation::tests::one_shot_plays_on_change_not_on_first_sight ... ok
test pages::airplay::name_tests::alias_display_never_changes_session_control_identity ... ok
test pages::airplay::name_tests::names_use_utf8_byte_bounds_and_success_does_not_erase_newer_drafts ... ok
test flow::localization_tests::particle_at_mute_gate_endpoint_keeps_opacity_nonnegative ... ok
test pages::mixer::multi_airplay_tests::meters_and_mix_follow_stream_ids_when_receiver_order_changes ... ok
test i18n_tests::field_focus_selection_disclosure_and_scroll_persist_across_rendered_language_frames ... ok
test i18n_tests::current_frame_accessibility_names_change_while_source_node_ids_stay_stable ... ok
test i18n_tests::palette_preserves_query_and_selected_command_identity_across_language_switch ... ok
test localization::tests::locale_commit_waits_for_ime_and_retains_generation_when_unchanged ... ok
test i18n_tests::language_popup_opens_with_keyboard_and_escape_returns_focus_to_same_selector ... ok
test i18n_tests::actions_started_in_chinese_finish_in_the_current_english_locale ... ok
test localization::tests::detection_empty_failure_manual_override_and_auto_return_are_distinct ... ok
test tests::commands_use_authoritative_revision_and_duplicate_submission_is_blocked ... ok
test tests::chinese_composition_preserves_draft_without_enter_submission ... ok
test tests::cancel_modal_keeps_accesskit_focus_in_the_published_tree ... ok
test tests::english_header_and_long_room_badge_keep_about_content_inside_the_central_panel ... ok
test tests::inflight_write_keeps_controls_enabled_and_sends_latest_intent_later ... ok
test tests::fader_click_never_jumps_gain_and_double_click_resets_to_unity ... ok
test tests::airplay_source_is_visible_searchable_and_admin_controls_follow_room_permissions ... ok
test i18n_tests::fifty_language_switches_preserve_drafts_targets_timers_and_backend_sessions ... ok
test tests::live_graph_names_every_node_for_assistive_tech ... ok
test preferences::tests::newer_version_is_never_overwritten_and_memory_choice_survives_failure ... ok
test tests::one_failed_airplay_or_diagnostics_read_keeps_the_room_on_screen ... ok
test tests::named_fields_publish_accessible_labels_without_exposing_password_text ... ok
test tests::long_error_at_minimum_width_keeps_page_content_on_screen ... ok
test tests::restore_sends_the_inverse_change_against_a_fresh_revision ... ok
test tests::polling_does_not_lock_forms_and_stop_has_priority_over_pending_start ... ok
test tests::mixer_keyboard_handles_empty_removed_and_stale_selection_in_both_layouts ... ok
test tests::pages_handle_missing_loading_failed_and_stale_states ... ok
test tests::palette_enter_during_ime_composition_does_not_run_an_action ... ok
test tests::mixer_arrows_follow_the_fader_direction_of_the_layout ... ok
test tests::live_graph_moves_only_while_signal_flows ... ok
test tests::sidebar_fits_seven_pages_and_actions_in_the_minimum_window ... ok
test tests::stopped_local_hub_is_not_polled_for_room_state ... ok
test tests::stopping_an_inflight_start_uses_the_independent_path_and_keeps_unknown_results_visible ... ok
test tests::two_failed_ipc_calls_do_not_prove_that_background_audio_stopped ... ok
test theme::tests::fluent_direction_isolates_are_invisible_egui_glyphs ... ok
test theme::tests::cached_font_bytes_are_read_once_and_reused ... ok
test preferences::tests::legacy_unknown_language_and_interleaved_updates_preserve_fields ... ok
test preferences::tests::old_plain_writer_mode_is_migrated_without_relaxing_new_files_or_links ... ok
test widgets::localization_tests::translated_inline_title_keeps_identity_and_focus ... ok
test preferences::tests::malformed_and_oversized_files_do_not_get_overwritten_on_load ... ok
test widgets::localization_tests::translated_field_labels_keep_focus_draft_and_identity ... ok
test i18n_tests::dual_language_eight_surfaces_cover_empty_full_busy_and_stale_states ... ok
test widgets::localization_tests::identical_display_labels_do_not_alias_business_field_ids ... ok
test widgets::localization_tests::keyboard_combo_selection_closes_popup_and_returns_focus ... ok
test i18n_tests::long_user_names_and_double_scale_keep_actions_and_page_names_reachable ... ok

test result: ok. 64 passed; 0 failed; 0 ignored; 0 measured; 0 filtered out; finished in 0.53s

     Running unittests src/main.rs (target/debug/deps/neonmix_hub-c5d2f2a575259644)

running 77 tests
test identity::tests::setup_crash_helper ... ok
test connection::tests::media_uses_control_local_address_instead_of_default_route ... ok
test connection::tests::unavailable_control_address_does_not_fall_back_to_another_interface ... ok
test media_wait::tests::continuous_datagrams_cannot_bypass_cooldown_with_native_wakes ... ok
test media_wait::tests::brief_empty_socket_intervals_do_not_reset_the_receive_window ... ok
test media_wait::tests::socket_and_preexisting_native_notifications_wake_without_timer_polling ... ok
test server::admission::tests::paused_active_claim_does_not_expire ... ok
test server::admission::tests::reservations_exclude_duplicates_and_native_overcommit ... ok
test output_cli_tests::all_output_management_commands_require_captured_identity_and_revision ... ok
test server::admission::tests::last_slot_competition_is_atomic_for_one_hundred_rounds ... ok
test binding::cas_tests::dispatch_rejects_old_object_for_every_mutation_before_native_effects ... ok
test identity::tests::failed_pending_commit_preserves_secret_request_and_recovery_metadata ... ok
test identity::tests::setup_move_missing_state_and_missing_secret_do_not_rebuild_identity ... ok
test identity::tests::legacy_and_mixed_formats_never_enter_laboratory_branch ... ok
test identity::tests::forget_is_resumable_and_protects_admin_kind_and_device_aliases ... ok
test media_worker::tests::terminal_report_survives_a_busy_diagnostic_reader ... ok
test server::airplay::api::tests::command_ids_require_canonical_uuid_spelling_before_deduplication ... ok
test server::airplay::api::tests::configuration_reserves_four_source_capacity_before_disk_write_and_clears_on_failure ... ok
test identity::tests::interrupted_output_settings_recover_before_product_config_agreement_checks ... ok
test server::airplay::api::tests::failed_pair_window_queue_does_not_reset_attempts_or_generation ... ok
test server::airplay::api::tests::background_registration_unknown_retains_candidate_and_admin_epoch_recovery ... ok
test server::airplay::api::tests::explicit_pair_window_rotates_running_idle_receiver_and_replay_does_not_reopen ... ok
test server::airplay::api::tests::committed_revoke_has_receipt_when_session_ends_and_mixer_queue_fills_during_save ... ok
test server::airplay::api::tests::member_snapshot_of_uninitialized_airplay_is_read_only ... ok
test server::airplay::api::tests::metadata_edits_keep_receiver_identity_and_redact_cached_pairing_pins ... ok
test identity::tests::setup_force_exit_preserves_incomplete_identity_and_refuses_retry ... ok
test server::airplay::api::tests::published_revoke_retains_denial_with_full_mixer_queue_and_one_business_commit ... ok
test server::airplay::api::tests::prepublication_error_is_definite_even_when_candidate_equals_visible_bytes ... ok
test server::airplay::api::tests::live_configuration_stops_only_removed_idle_entries_and_preserves_retained_claim ... ok
test server::airplay::tests::admission_retries_profile_contention_without_blocking_media_or_extending_deadline ... ok
test server::airplay::api::tests::operator_reconciliation_does_not_restart_stopping_airplay_owner ... ok
test server::airplay::api::tests::snapshot_rechecks_role_after_waiting_for_profile_transaction ... ok
test server::airplay::tests::deferred_grant_is_discarded_after_disconnect_before_reacquiring_profile ... ok
test server::airplay::tests::existing_receiver_profiles_default_to_low_latency_and_keep_trust ... ok
test server::airplay::api::tests::solo_only_source_patch_has_no_persistent_side_effect ... ok
test server::airplay::tests::expired_or_disabled_pairing_window_never_returns_a_stale_pin ... ok
test server::airplay::tests::fifth_pairing_challenge_can_finish_but_retry_does_not_renew_attempt_budget ... ok
test server::airplay::api::tests::repair_running_idle_receiver_discards_old_binding_and_opens_explicit_window ... ok
test server::airplay::tests::idle_coreaudio_epoch_change_keeps_pin_window_but_active_media_is_revoked ... ok
test server::airplay::tests::full_grant_preserves_all_hub_identity_fields ... ok
test server::airplay::tests::pregrant_terminal_event_requires_exact_owner_and_active_zero_context_is_rejected ... ok
test server::airplay::tests::media_transport_rejects_authenticated_truncation_and_oversized_frame ... ok
test server::airplay::tests::stop_and_disconnect_fail_closed_even_when_control_consumer_stalls ... ok
test server::airplay::tests::worker_queue_failures_keep_the_failed_stage_without_raw_messages ... ok
test server::airplay::tests::worker_transport_failure_preserves_specific_reader_cause_without_masking_decoder ... ok
test server::airplay::api::tests::individual_disable_is_persistent_and_global_disable_preserves_configuration ... ok
test server::airplay::api::tests::partial_identity_preparation_reconciles_original_request_with_same_identities ... ok
test server::airplay::api::tests::stale_session_is_rejected_before_any_durable_change ... ok
test server::airplay::api::tests::source_patch_rejects_empty_invalid_and_replaced_session_before_save ... ok
test server::airplay::api::tests::source_field_patch_preserves_other_client_mute_and_session_solo ... ok
test server::pairing_tests::administrator_revocation_invalidates_unredeemed_grants_and_attempts_are_bounded ... ok
test server::pairing_tests::durable_registration_retry_revocation_and_member_permissions ... ok
test server::airplay::tests::bounded_media_backpressure_preserves_burst_packets_and_stop_remains_independent ... ok
test server::pairing_tests::pairing_save_releases_engine_and_keeps_book_until_concurrent_retry_and_cancel ... ok
test server::pairing_tests::cancelled_http_redemption_still_finishes_book_and_durable_authority ... ok
test server::pairing_tests::persistence_failure_leaves_grant_retryable_and_identity_unregistered ... ok
test server::pairing_tests::unknown_registration_keeps_one_device_candidate_and_freezes_grant_mutations ... ok
test server::transaction_tests::completed_exact_replay_is_not_blocked_by_a_different_unknown_transaction ... ok
test server::airplay::tests::cancelling_a_real_claim_returns_lane_and_fences_late_start_grant_without_affecting_other_claim ... ok
test server::transaction_tests::in_flight_native_start_owns_the_last_multi_source_slot ... ok
test server::airplay::api::tests::unknown_configuration_retry_never_allocates_second_receiver_identity ... ok
test server::transaction_tests::disk_failure_closes_prepared_thread_and_retains_producer ... ok
test server::transaction_tests::native_failed_disk_write_aborts_candidate_and_returns_lane ... ok
test server::transaction_tests::real_published_equal_bytes_with_sync_error_are_not_turned_into_saved_success ... ok
test server::transaction_tests::native_external_preparation_failure_returns_the_reserved_lane_without_writing ... ok
test virtual_output::tests::binding_requires_exact_provider_uid_and_both_sides ... ok
test server::transaction_tests::native_http_replay_keeps_original_media_parameters_after_session_ends_and_during_pending ... ok
test server::transaction_tests::native_ids_cannot_collide_with_reserved_airplay_context_before_prepare ... ok
test server::airplay::api::tests::unknown_allow_or_repair_never_grants_or_opens_pairing_and_freezes_payload ... ok
test server::transaction_tests::native_thread_preparation_failure_precedes_disk_and_audio_commit ... ok
test server::transaction_tests::native_http_replay_returns_original_response_without_external_work ... ok
test server::transaction_tests::native_start_releases_engine_during_preparation_and_persistence ... ok
test server::transaction_tests::published_revoke_keeps_restriction_and_closes_gate_with_a_full_config_queue ... ok
test server::transaction_tests::native_disk_barrier_health_get_and_event_replica_converge_for_commit_and_abort ... ok
test server::transaction_tests::recovery_endpoint_requires_admin_and_runtime_and_preserves_original_response ... ok
test server::transaction_tests::unknown_start_keeps_the_exact_candidate_and_replay_never_prepares_another_worker ... ok
test server::subscription_tests::revoked_slow_subscription_releases_its_slot_after_error_send_deadline ... ok

test result: ok. 77 passed; 0 failed; 0 ignored; 0 measured; 0 filtered out; finished in 2.23s

     Running unittests src/lib.rs (target/debug/deps/neonmix_identity-b20fc927f29cf884)

running 31 tests
test airplay_profile::tests::crash_child_helper ... ok
test discovery::tests::names_are_distinct_candidates_and_all_usable_addresses_survive ... ok
test discovery::tests::incompatible_or_incomplete_records_do_not_become_candidates ... ok
test files::tests::lock_child_helper ... ok
test files::tests::directory_publish_does_not_replace_existing_target ... ok
test files::tests::failed_replace_preserves_destination_and_cleans_its_own_temporary_file ... ok
test files::tests::crashed_owner_releases_stable_lock ... ok
test files::tests::stable_lock_is_nonblocking_and_reusable ... ok
test files::tests::private_directory_handle_survives_path_replaced_by_symlink ... ok
test airplay_profile::tests::missing_profile_with_existing_credentials_never_creates_a_new_identity ... ok
test files::tests::private_replace_is_exclusive_and_removes_an_old_insecure_file_mode ... ok
test pairing::tests::expiration_cancellation_single_use_and_exact_retry ... ok
test pairing::tests::quota_reclaims_expired_grants ... ok
test profiles::tests::receiver_preserves_worker_encoded_public_keys ... ok
test airplay_profile::tests::capacity_counts_revocations_and_preserves_independent_preferences ... ok
test speaker::tests::service_pair_can_withdraw_and_republish_without_changing_identity ... ok
test store::tests::cwd_child_helper ... ok
test airplay_profile::tests::corrupt_missing_secret_unknown_version_and_duplicate_identity_never_reset ... ok
test airplay_profile::tests::legacy_global_denial_becomes_recoverable_per_source_denial ... ok
test store::tests::complete_store_identity_isolates_same_uuid_and_reads_do_not_create ... ok
test store::tests::round_trip_exclusive_and_idempotent ... ok
test store::tests::rejects_links_nonfiles_and_wide_permissions ... ok
test airplay_profile::tests::migration_preserves_identity_trust_and_rollback_uses_current_revocations ... ok
test store::tests::store_resolution_survives_unrelated_working_directory ... ok
test airplay_profile::tests::recovery_rejects_conflicts_and_never_replaces_a_published_missing_secret ... ok
test store::tests::rejects_corruption_version_unknown_fields_and_oversize_without_leaking ... ok
test files::publication_tests::every_real_replace_boundary_preserves_original_error_and_publication_phase ... ok
test hub_settings::tests::published_directory_failure_returns_unconfirmed_and_keeps_the_same_transaction_for_recovery ... ok
test hub_settings::tests::corrupt_unknown_schema_changed_identity_and_newer_configuration_fail_closed ... ok
test airplay_profile::tests::killed_create_and_add_recover_the_same_identity_without_orphan_secrets ... ok
test hub_settings::tests::all_publication_and_journal_boundaries_recover_the_whole_old_or_new_configuration ... ok

test result: ok. 31 passed; 0 failed; 0 ignored; 0 measured; 0 filtered out; finished in 0.56s

     Running unittests src/bin/neonmix-airplay-profile.rs (target/debug/deps/neonmix_airplay_profile-3437a245c1751f68)

running 0 tests

test result: ok. 0 passed; 0 failed; 0 ignored; 0 measured; 0 filtered out; finished in 0.00s

   Doc-tests neonmix_control

running 0 tests

test result: ok. 0 passed; 0 failed; 0 ignored; 0 measured; 0 filtered out; finished in 0.00s

   Doc-tests neonmix_identity

running 0 tests

test result: ok. 0 passed; 0 failed; 0 ignored; 0 measured; 0 filtered out; finished in 0.00s

