   Compiling neonmix-hub v0.1.0 (/Volumes/projects-mac/NeonMix/apps/hub)
warning: variable does not need to be mutable
    --> apps/hub/src/server.rs:1566:35
     |
1566 |             let (shared, headers, mut start, mut mixer) = shared_fixture();
     |                                   ----^^^^^
     |                                   |
     |                                   help: remove this `mut`
     |
     = note: `#[warn(unused_mut)]` (part of `#[warn(unused)]`) on by default

warning: `neonmix-hub` (bin "neonmix-hub" test) generated 1 warning (run `cargo fix --bin "neonmix-hub" -p neonmix-hub --tests` to apply 1 suggestion)
    Finished `test` profile [unoptimized + debuginfo] target(s) in 2.46s
     Running unittests src/main.rs (target/debug/deps/neonmix_hub-39c8181f5b034673)

running 1 test
test server::transaction_tests::native_stop_and_unknown_revoke_close_buffered_pcm_before_full_config_queue_without_harming_timed_lane ... FAILED

failures:

---- server::transaction_tests::native_stop_and_unknown_revoke_close_buffered_pcm_before_full_config_queue_without_harming_timed_lane stdout ----

thread 'server::transaction_tests::native_stop_and_unknown_revoke_close_buffered_pcm_before_full_config_queue_without_harming_timed_lane' (51093481) panicked at apps/hub/src/server.rs:1633:13:
assertion failed: warm[1200][0] > 0.75
note: run with `RUST_BACKTRACE=1` environment variable to display a backtrace


failures:
    server::transaction_tests::native_stop_and_unknown_revoke_close_buffered_pcm_before_full_config_queue_without_harming_timed_lane

test result: FAILED. 0 passed; 1 failed; 0 ignored; 0 measured; 86 filtered out; finished in 0.04s

error: test failed, to rerun pass `-p neonmix-hub --bin neonmix-hub`
warning: variable does not need to be mutable
    --> apps/hub/src/server.rs:1566:35
     |
1566 |             let (shared, headers, mut start, mut mixer) = shared_fixture();
     |                                   ----^^^^^
     |                                   |
     |                                   help: remove this `mut`
     |
     = note: `#[warn(unused_mut)]` (part of `#[warn(unused)]`) on by default

warning: `neonmix-hub` (bin "neonmix-hub" test) generated 1 warning (run `cargo fix --bin "neonmix-hub" -p neonmix-hub --tests` to apply 1 suggestion)
    Finished `test` profile [unoptimized + debuginfo] target(s) in 0.14s
     Running unittests src/main.rs (target/debug/deps/neonmix_hub-39c8181f5b034673)

running 1 test
test server::airplay::api::tests::terminal_airplay_actions_cut_actual_timed_fifo_with_full_queue_and_preserve_native_lane ... ok

test result: ok. 1 passed; 0 failed; 0 ignored; 0 measured; 86 filtered out; finished in 0.26s

