   Compiling neonmix-control v0.1.0 (/Volumes/projects-mac/NeonMix/crates/control)
    Finished `test` profile [unoptimized + debuginfo] target(s) in 2.57s
     Running unittests src/lib.rs (target/debug/deps/neonmix_control-679045d23ee67b36)

running 0 tests

test result: ok. 0 passed; 0 failed; 0 ignored; 0 measured; 0 filtered out; finished in 0.00s

     Running tests/authority.rs (target/debug/deps/authority-26f201bfb8890f25)

running 11 tests
test stopped_sender_is_not_reactivated_by_status_updates ... ok
test revision_idempotency_and_full_dsp_queue_do_not_publish_success ... ok
test disconnect_allow_and_revoke_have_distinct_reconnect_rules ... ok
test replica_rejects_gaps_and_foreign_hubs_without_partial_updates ... ok
test member_cannot_solo_or_change_others_and_master ... ok
test wire_commands_roundtrip_and_reject_self_reported_role ... ok
test durable_failure_does_not_commit_and_event_deltas_rebuild_snapshot ... ok
test provision_and_restore_preserve_trust_revocation_and_mix_but_clear_media ... ok
test exhausted_revision_rejects_runtime_changes_without_unversioned_mutation ... FAILED
test snapshot_event_cursors_and_version_negotiation ... ok
test terminal_session_history_is_bounded_without_blocking_new_sessions ... ok

failures:

---- exhausted_revision_rejects_runtime_changes_without_unversioned_mutation stdout ----

thread 'exhausted_revision_rejects_runtime_changes_without_unversioned_mutation' (50726602) panicked at crates/control/tests/authority.rs:257:5:
assertion failed: authority.set_session_status(id, SessionStatus::Buffering).is_ok()
note: run with `RUST_BACKTRACE=1` environment variable to display a backtrace


failures:
    exhausted_revision_rejects_runtime_changes_without_unversioned_mutation

test result: FAILED. 10 passed; 1 failed; 0 ignored; 0 measured; 0 filtered out; finished in 0.11s

error: test failed, to rerun pass `-p neonmix-control --test authority`
