format: 0
packaging: 0
clippy: 0
tests: 101
... ok
test managed::tests::cancelled_stop_completes_and_fifty_restarts_are_graceful ... ignored, requires the project-local neonmix-lifecycle-probe fixture
test managed::tests::failed_runtime_drop_keeps_guardian_alive_until_its_hung_media_exits ... ignored, requires the project-local neonmix-lifecycle-probe fixture
test managed::tests::hung_process_is_forced_with_a_bounded_wait ... ignored, requires the project-local neonmix-lifecycle-probe fixture
test daemon::discovery_tests::receiver_pins_only_survive_authenticated_control_replies ... ok
test manager::tests::accepted_stop_fences_queued_start_and_duplicate_stop_reuses_the_operation ... ok
test daemon::discovery_tests::persistent_fault_keeps_semantics_through_eof_and_unexpected_exit_noise ... ok
test guardian::cleanup_tests::cleanup_keeps_persistent_identity_and_removes_only_captured_temporary_keys ... ok
test guardian::cleanup_tests::another_owner_lock_prevents_cleanup_and_file_replacement_does_not_get_deleted ... ok
test guardian::cleanup_tests::receiver_directory_symlink_fails_closed_without_deleting_other_directory_keys ... ok
test managed::ready_tests::five_real_child_startup_cases_use_latched_readiness_and_confirmed_exit ... ok

test result: ok. 13 passed; 0 failed; 3 ignored; 0 measured; 0 filtered out; finished in 1.99s

     Running unittests src/bin/neonmix-background.rs (target/debug/deps/neonmix_background-c4a941c9f366aa58)

running 0 tests

test result: ok. 0 passed; 0 failed; 0 ignored; 0 measured; 0 filtered out; finished in 0.00s

     Running unittests src/bin/neonmix-config-transaction-probe.rs (target/debug/deps/neonmix_config_transaction_probe-bc329cc1fe41f63f)

running 0 tests

test result: ok. 0 passed; 0 failed; 0 ignored; 0 measured; 0 filtered out; finished in 0.00s

     Running unittests src/bin/neonmix-guardian.rs (target/debug/deps/neonmix_guardian-e4b8d936225a8d6d)

running 0 tests

test result: ok. 0 passed; 0 failed; 0 ignored; 0 measured; 0 filtered out; finished in 0.00s

     Running tests/fault_contract.rs (target/debug/deps/fault_contract-cbae685ea0c61939)

running 6 tests
test real_reply_serialization_covers_all_four_client_backend_combinations ... ok
test real_persistent_status_serialization_is_compatible_in_both_directions ... ok
test fault_does_not_bypass_diagnostic_export_whitelist ... ok
test disconnected_client_receives_public_connection_code_without_paths ... ok
test closed_fault_parameters_reject_unknown_types_secrets_and_invalid_ports ... ok
test all_codes_round_trip_and_legacy_mapping_never_uses_translated_sentences ... ok

test result: ok. 6 passed; 0 failed; 0 ignored; 0 measured; 0 filtered out; finished in 0.00s

     Running tests/lifecycle.rs (target/debug/deps/lifecycle-d82c930535982f7d)

running 16 tests
test private_transport_rejects_unknown_commands_versions_oversize_paths_and_double_daemon ... ok
test metadata_versions_and_admin_aliases_fail_closed_without_loading_secrets ... ok
test ipc_settings_and_background_restart_use_the_same_recoverable_config_owner ... ok
test bound_intent_rejects_identity_swap_and_preserves_id_and_frozen_credential_metadata ... ok
test ready_followed_by_stats_is_immediately_ready_through_real_ipc ... ok
test output_ipc_forwards_frozen_id_and_native_sync_uses_the_acknowledged_object ... ok
test disconnected_stop_client_still_reaps_and_late_ready_cannot_restart_media ... ok
test invitations_are_ephemeral_repeatable_and_export_contains_no_untrusted_strings ... ok
test forgetting_a_sender_stops_media_disables_persisted_binding_and_removes_profile ... ok
test frozen_lifecycle_identity_and_stop_generation_reject_late_start_and_wrong_instance_stop ... ok
test urgent_stop_interrupts_a_hung_read_only_query_and_reaps_its_process ... ok
test status_stays_available_during_a_hung_ordinary_query_and_stop_interrupts_it ... FAILED
test ui_disconnect_reopen_stop_shutdown_and_failed_media_are_authoritative ... ok
test structured_faults_take_priority_and_unknown_stderr_is_never_a_ui_message ... ok
test stalled_partial_request_times_out_without_blocking_authoritative_status ... ok
test slow_remote_mutation_and_full_ordinary_quota_do_not_block_status_or_stop ... ok

failures:

---- status_stays_available_during_a_hung_ordinary_query_and_stop_interrupts_it stdout ----

thread 'status_stays_available_during_a_hung_ordinary_query_and_stop_interrupts_it' (50993920) panicked at crates/desktop-service/tests/lifecycle.rs:914:5:
assertion failed: binary.with_extension("query-pid").exists()
note: run with `RUST_BACKTRACE=1` environment variable to display a backtrace

thread 'tokio-rt-worker' (50993925) panicked at crates/desktop-service/tests/lifecycle.rs:117:66:
called `Result::unwrap()` on an `Err` value: "connection_unavailable"


failures:
    status_stays_available_during_a_hung_ordinary_query_and_stop_interrupts_it

test result: FAILED. 15 passed; 1 failed; 0 ignored; 0 measured; 0 filtered out; finished in 21.39s

error: test failed, to rerun pass `-p neonmix-desktop-service --test lifecycle`

