    Checking neonmix-core v0.1.0 (/Volumes/projects-mac/NeonMix/crates/audio-core)
    Checking neonmix-identity v0.1.0 (/Volumes/projects-mac/NeonMix/crates/identity)
   Compiling neonmix-i18n v0.1.0 (/Volumes/projects-mac/NeonMix/crates/i18n)
   Compiling neonmix-desktop v0.1.0 (/Volumes/projects-mac/NeonMix/apps/desktop)
    Checking neonmix-airplay-adapter v0.1.0 (/Volumes/projects-mac/NeonMix/crates/airplay-adapter)
    Checking neonmix-io v0.1.0 (/Volumes/projects-mac/NeonMix/crates/audio-io)
    Checking neonmix-media v0.1.0 (/Volumes/projects-mac/NeonMix/crates/media)
    Checking neonmix-desktop-service v0.1.0 (/Volumes/projects-mac/NeonMix/crates/desktop-service)
    Checking neonmix-macos v0.1.0 (/Volumes/projects-mac/NeonMix/adapters/macos)
    Checking neonmix-hub v0.1.0 (/Volumes/projects-mac/NeonMix/apps/hub)
error[E0369]: no implementation for `&str | &str`
   --> crates/desktop-service/src/daemon.rs:383:25
    |
382 |                     "media_application"
    |                     ------------------- &str
383 |                         | "desired_config_sequence"
    |                         ^ ------------------------- &str

For more information about this error, try `rustc --explain E0369`.
error: could not compile `neonmix-desktop-service` (lib) due to 1 previous error
warning: build failed, waiting for other jobs to finish...
