    Checking neonmix-control v0.1.0 (/Volumes/projects-mac/NeonMix/crates/control)
    Checking neonmix-identity v0.1.0 (/Volumes/projects-mac/NeonMix/crates/identity)
   Compiling neonmix-hub v0.1.0 (/Volumes/projects-mac/NeonMix/apps/hub)
   Compiling neonmix-desktop v0.1.0 (/Volumes/projects-mac/NeonMix/apps/desktop)
    Checking neonmix-desktop-service v0.1.0 (/Volumes/projects-mac/NeonMix/crates/desktop-service)
    Checking neonmix-media v0.1.0 (/Volumes/projects-mac/NeonMix/crates/media)
error: large size difference between variants
   --> apps/desktop/src/main.rs:120:1
    |
120 | /  enum Work {
121 | |      Boot,
122 | |/     Poll {
123 | ||         credential: PathBuf,
124 | ||         hub: Option<String>,
125 | ||     },
    | ||_____- the second-largest variant contains at least 48 bytes
126 | |      Action(Request),
    | |      --------------- the largest variant contains at least 264 bytes
127 | |  }
    | |__^ the entire enum is at least 264 bytes
    |
    = help: for further information visit https://rust-lang.github.io/rust-clippy/rust-1.95.0/index.html#large_enum_variant
    = note: `-D clippy::large-enum-variant` implied by `-D warnings`
    = help: to override `-D warnings` add `#[allow(clippy::large_enum_variant)]`
help: consider boxing the large fields or introducing indirection in some other way to reduce the total size of the enum
    |
126 -     Action(Request),
126 +     Action(Box<Request>),
    |

error: could not compile `neonmix-desktop` (bin "neonmix-desktop") due to 1 previous error
warning: build failed, waiting for other jobs to finish...
error: could not compile `neonmix-desktop` (bin "neonmix-desktop" test) due to 1 previous error
