    Checking neonmix-control v0.1.0 (/Volumes/projects-mac/NeonMix/crates/control)
   Compiling neonmix-hub v0.1.0 (/Volumes/projects-mac/NeonMix/apps/hub)
error: large size difference between variants
   --> crates/control/src/lib.rs:316:1
    |
316 | / pub enum Preparation {
317 | |     Replay(Receipt),
    | |     --------------- the second-largest variant contains at least 64 bytes
318 | |     Prepared(PreparedCommand),
    | |     ------------------------- the largest variant contains at least 624 bytes
319 | | }
    | |_^ the entire enum is at least 624 bytes
    |
    = help: for further information visit https://rust-lang.github.io/rust-clippy/rust-1.95.0/index.html#large_enum_variant
    = note: `-D clippy::large-enum-variant` implied by `-D warnings`
    = help: to override `-D warnings` add `#[allow(clippy::large_enum_variant)]`
help: consider boxing the large fields or introducing indirection in some other way to reduce the total size of the enum
    |
318 -     Prepared(PreparedCommand),
318 +     Prepared(Box<PreparedCommand>),
    |

error: could not compile `neonmix-control` (lib test) due to 1 previous error
warning: build failed, waiting for other jobs to finish...
error: could not compile `neonmix-control` (lib) due to 1 previous error
