    Checking neonmix-core v0.1.0 (/Volumes/projects-mac/NeonMix/crates/audio-core)
   Compiling neonmix-i18n v0.1.0 (/Volumes/projects-mac/NeonMix/crates/i18n)
   Compiling neonmix-hub v0.1.0 (/Volumes/projects-mac/NeonMix/apps/hub)
   Compiling neonmix-desktop v0.1.0 (/Volumes/projects-mac/NeonMix/apps/desktop)
    Checking neonmix-airplay-adapter v0.1.0 (/Volumes/projects-mac/NeonMix/crates/airplay-adapter)
    Checking neonmix-io v0.1.0 (/Volumes/projects-mac/NeonMix/crates/audio-io)
    Checking neonmix-media v0.1.0 (/Volumes/projects-mac/NeonMix/crates/media)
    Checking neonmix-desktop-service v0.1.0 (/Volumes/projects-mac/NeonMix/crates/desktop-service)
    Checking neonmix-macos v0.1.0 (/Volumes/projects-mac/NeonMix/adapters/macos)
error: variable does not need to be mutable
    --> apps/hub/src/server.rs:1566:35
     |
1566 |             let (shared, headers, mut start, mut mixer) = shared_fixture();
     |                                   ----^^^^^
     |                                   |
     |                                   help: remove this `mut`
     |
     = note: `-D unused-mut` implied by `-D warnings`
     = help: to override `-D warnings` add `#[allow(unused_mut)]`

error: could not compile `neonmix-hub` (bin "neonmix-hub" test) due to 1 previous error
warning: build failed, waiting for other jobs to finish...
