   Compiling neonmix-core v0.1.0 (/Volumes/projects-mac/NeonMix/crates/audio-core)
   Compiling neonmix-i18n v0.1.0 (/Volumes/projects-mac/NeonMix/crates/i18n)
   Compiling neonmix-desktop v0.1.0 (/Volumes/projects-mac/NeonMix/apps/desktop)
   Compiling neonmix-hub v0.1.0 (/Volumes/projects-mac/NeonMix/apps/hub)
   Compiling neonmix-airplay-adapter v0.1.0 (/Volumes/projects-mac/NeonMix/crates/airplay-adapter)
   Compiling neonmix-io v0.1.0 (/Volumes/projects-mac/NeonMix/crates/audio-io)
   Compiling neonmix-media v0.1.0 (/Volumes/projects-mac/NeonMix/crates/media)
   Compiling neonmix-desktop-service v0.1.0 (/Volumes/projects-mac/NeonMix/crates/desktop-service)
   Compiling neonmix-macos v0.1.0 (/Volumes/projects-mac/NeonMix/adapters/macos)
error[E0425]: cannot find value `session_id` in this scope
    --> apps/hub/src/airplay_api.rs:1678:25
     |
1678 |                         session_id,
     |                         ^^^^^^^^^^
     |
help: a local variable with a similar name exists
     |
1678 -                         session_id,
1678 +                         session,
     |

For more information about this error, try `rustc --explain E0425`.
error: could not compile `neonmix-hub` (bin "neonmix-hub" test) due to 1 previous error
warning: build failed, waiting for other jobs to finish...
