    Checking neonmix-control v0.1.0 (/Volumes/projects-mac/NeonMix/crates/control)
    Checking neonmix-airplay-adapter v0.1.0 (/Volumes/projects-mac/NeonMix/crates/airplay-adapter)
    Checking neonmix-identity v0.1.0 (/Volumes/projects-mac/NeonMix/crates/identity)
   Compiling neonmix-desktop v0.1.0 (/Volumes/projects-mac/NeonMix/apps/desktop)
   Compiling neonmix-hub v0.1.0 (/Volumes/projects-mac/NeonMix/apps/hub)
    Checking neonmix-media v0.1.0 (/Volumes/projects-mac/NeonMix/crates/media)
    Checking neonmix-desktop-service v0.1.0 (/Volumes/projects-mac/NeonMix/crates/desktop-service)
error[E0308]: `?` operator has incompatible types
  --> crates/desktop-service/src/intent.rs:78:33
   |
78 |       command.expected_revision = view["revision"]
   |  _________________________________^
79 | |         .as_u64()
80 | |         .ok_or("invalid_backend_response")?;
   | |___________________________________________^ expected `Option<u64>`, found `u64`
   |
   = note: `?` operator cannot convert from `u64` to `std::option::Option<u64>`
   = note: expected enum `std::option::Option<u64>`
              found type `u64`
help: try wrapping the expression in `Some`
   |
78 ~     command.expected_revision = Some(view["revision"]
79 |         .as_u64()
80 ~         .ok_or("invalid_backend_response")?);
   |

For more information about this error, try `rustc --explain E0308`.
error: could not compile `neonmix-desktop-service` (lib) due to 1 previous error
warning: build failed, waiting for other jobs to finish...
error: could not compile `neonmix-desktop-service` (lib test) due to 1 previous error
error[E0308]: mismatched types
   --> apps/hub/src/airplay_api.rs:324:37
    |
324 |     if command.expected_revision != e.airplay.revision {
    |        -------------------------    ^^^^^^^^^^^^^^^^^^ expected `Option<u64>`, found `u64`
    |        |
    |        expected because this is `std::option::Option<u64>`
    |
    = note: expected enum `std::option::Option<u64>`
               found type `u64`
help: try wrapping the expression in `Some`
    |
324 |     if command.expected_revision != Some(e.airplay.revision) {
    |                                     +++++                  +

error: could not compile `neonmix-hub` (bin "neonmix-hub") due to 1 previous error
error: could not compile `neonmix-hub` (bin "neonmix-hub" test) due to 1 previous error
