    Checking neonmix-desktop-service v0.1.0 (/Volumes/projects-mac/NeonMix/crates/desktop-service)
   Compiling neonmix-desktop v0.1.0 (/Volumes/projects-mac/NeonMix/apps/desktop)
error[E0433]: cannot find type `Instant` in this scope
   --> crates/desktop-service/src/daemon.rs:211:48
    |
211 |             current.metrics_observed_at = Some(Instant::now());
    |                                                ^^^^^^^ use of undeclared type `Instant`
    |
help: consider importing this struct
    |
  1 + use std::time::Instant;
    |

error[E0433]: cannot find type `Instant` in this scope
   --> crates/desktop-service/src/daemon.rs:211:48
    |
211 |             current.metrics_observed_at = Some(Instant::now());
    |                                                ^^^^^^^ use of undeclared type `Instant`
    |
    = note: struct `crate::managed::ready_tests::Instant` exists but is inaccessible
help: consider importing this struct
    |
  1 + use std::time::Instant;
    |

For more information about this error, try `rustc --explain E0433`.
error: could not compile `neonmix-desktop-service` (lib) due to 1 previous error
warning: build failed, waiting for other jobs to finish...
error: could not compile `neonmix-desktop-service` (lib test) due to 1 previous error
