    Checking neonmix-core v0.1.0 (/Volumes/projects-mac/NeonMix/crates/audio-core)
    Checking neonmix-control v0.1.0 (/Volumes/projects-mac/NeonMix/crates/control)
    Checking neonmix-lifecycle v0.1.0 (/Volumes/projects-mac/NeonMix/crates/lifecycle)
    Checking neonmix-identity v0.1.0 (/Volumes/projects-mac/NeonMix/crates/identity)
   Compiling neonmix-i18n v0.1.0 (/Volumes/projects-mac/NeonMix/crates/i18n)
   Compiling neonmix-desktop v0.1.0 (/Volumes/projects-mac/NeonMix/apps/desktop)
    Checking neonmix-airplay-adapter v0.1.0 (/Volumes/projects-mac/NeonMix/crates/airplay-adapter)
    Checking neonmix-desktop-service v0.1.0 (/Volumes/projects-mac/NeonMix/crates/desktop-service)
error[E0433]: cannot find type `Authority` in this scope
    --> apps/desktop/src/main.rs:2867:25
     |
2867 |         let authority = Authority::new(
     |                         ^^^^^^^^^ use of undeclared type `Authority`

error: method `last_received` is never used
  --> apps/desktop/src/measurement.rs:84:12
   |
50 | impl ObservationClock {
   | --------------------- method in this implementation
...
84 |     pub fn last_received(&self) -> Option<Instant> {
   |            ^^^^^^^^^^^^^
   |
   = note: `-D dead-code` implied by `-D warnings`
   = help: to override `-D warnings` add `#[expect(dead_code)]` or `#[allow(dead_code)]`

For more information about this error, try `rustc --explain E0433`.
error: could not compile `neonmix-desktop` (bin "neonmix-desktop" test) due to 1 previous error
warning: build failed, waiting for other jobs to finish...
error: could not compile `neonmix-desktop` (bin "neonmix-desktop") due to 1 previous error
