   Compiling neonmix-desktop v0.1.0 (/Volumes/projects-mac/NeonMix/apps/desktop)
    Finished `test` profile [unoptimized + debuginfo] target(s) in 2.06s
     Running unittests src/main.rs (target/debug/deps/neonmix_desktop-5052d7cba9beba85)

running 74 tests
test commands_tests::airplay_v3_regular_mix_uses_config_and_runtime_conditions_while_solo_uses_runtime_only ... ok
test commands_tests::application_ack_from_another_runtime_cannot_settle_saved_field_and_room_switch_clears_watch ... ok
test commands_tests::airplay_v3_confirmation_retains_original_versions_and_command_id_after_refresh ... ok
test commands_tests::saved_field_waits_for_scoped_callback_ack_and_exposes_stall_or_unknown_without_resending ... ok
test commands_tests::airplay_mute_then_gain_and_solo_then_gain_emit_independent_patches ... ok
test commands_tests::context_change_cancels_queued_fields_and_does_not_retarget_inflight_reply_or_undo ... ok
test commands_tests::acknowledgement_does_not_erase_a_newer_drag_draft_and_removed_session_clears_its_draft ... ok
test emblem::tests::same_room_same_emblem_and_rooms_differ ... ok
test events::tests::diff_names_joins_changes_leaves_and_output_in_order ... ok
test commands_tests::delayed_first_write_preserves_b_gain_c_mute_b_solo_and_fair_order ... ok
test commands_tests::undo_rechecks_field_after_a_wait_and_preserves_other_fields ... ok
test events::tests::list_keeps_the_newest_events ... ok
test events::tests::switching_locale_rerenders_existing_history_without_new_events ... ok
test commands_tests::unknown_reconciles_the_same_envelope_and_only_acknowledgement_creates_undo ... ok
test flow::localization_tests::source_accessible_name_follows_locale_and_preserves_user_content ... ok
test flow::tests::nodes_never_overlap_or_leave_the_canvas ... ok
test history::tests::series_keeps_only_the_window_and_dropped_keys ... ok
test commands_tests::legacy_resolution_freezes_one_fresh_payload_and_is_cancelled_on_context_change ... ok
test commands_tests::terminal_target_is_a_barrier_and_capacity_never_evicts_another_channel ... ok
test commands_tests::undo_is_invalidated_in_acknowledgement_and_restore_windows_and_on_session_reuse ... ok
test animation::tests::one_shot_plays_on_change_not_on_first_sight ... ok
test animation::tests::live_motion_repaints_only_while_active_and_not_reduced ... ok
test flow::localization_tests::particle_at_mute_gate_endpoint_keeps_opacity_nonnegative ... ok
test measurement::tests::explicit_unavailable_keeps_age_and_cannot_turn_into_zero ... ok
test i18n_tests::field_focus_selection_disclosure_and_scroll_persist_across_rendered_language_frames ... ok
test measurement::tests::failures_and_snapshot_activity_never_refresh_last_good_measurement ... ok
test pages::airplay::name_tests::names_use_utf8_byte_bounds_and_success_does_not_erase_newer_drafts ... ok
test pages::airplay::name_tests::alias_display_never_changes_session_control_identity ... ok
test pages::diagnostics::observation_health_tests::cumulative_errors_are_not_permanent_current_failure_and_new_increment_is_visible ... ok
test pages::diagnostics::observation_health_tests::available_zero_missing_unavailable_and_stale_are_distinct ... ok
test pages::diagnostics::observation_health_tests::one_missing_receiver_or_queue_field_does_not_fabricate_zero_or_hide_valid_output ... ok
test pages::mixer::multi_airplay_tests::meters_and_mix_follow_stream_ids_when_receiver_order_changes ... ok
test i18n_tests::current_frame_accessibility_names_change_while_source_node_ids_stay_stable ... ok
test i18n_tests::palette_preserves_query_and_selected_command_identity_across_language_switch ... ok
test localization::tests::locale_commit_waits_for_ime_and_retains_generation_when_unchanged ... ok
test i18n_tests::actions_started_in_chinese_finish_in_the_current_english_locale ... ok
test localization::tests::detection_empty_failure_manual_override_and_auto_return_are_distinct ... ok
test i18n_tests::language_popup_opens_with_keyboard_and_escape_returns_focus_to_same_selector ... ok
test tests::commands_use_authoritative_revision_and_duplicate_submission_is_blocked ... ok
test tests::chinese_composition_preserves_draft_without_enter_submission ... ok
test tests::cancel_modal_keeps_accesskit_focus_in_the_published_tree ... ok
test tests::english_header_and_long_room_badge_keep_about_content_inside_the_central_panel ... ok
test tests::fresh_native_get_cannot_refresh_failed_diagnostic_clock_or_feed_old_meters_into_history ... ok
test preferences::tests::newer_version_is_never_overwritten_and_memory_choice_survives_failure ... ok
test tests::inflight_write_keeps_controls_enabled_and_sends_latest_intent_later ... ok
test tests::long_error_at_minimum_width_keeps_page_content_on_screen ... ok
test preferences::tests::legacy_unknown_language_and_interleaved_updates_preserve_fields ... ok
test tests::fader_click_never_jumps_gain_and_double_click_resets_to_unity ... ok
test preferences::tests::old_plain_writer_mode_is_migrated_without_relaxing_new_files_or_links ... ok
test tests::live_graph_names_every_node_for_assistive_tech ... ok
test tests::one_failed_airplay_or_diagnostics_read_keeps_the_room_on_screen ... ok
test preferences::tests::malformed_and_oversized_files_do_not_get_overwritten_on_load ... ok
test tests::polling_does_not_lock_forms_and_stop_has_priority_over_pending_start ... ok
test tests::named_fields_publish_accessible_labels_without_exposing_password_text ... ok
test tests::restore_sends_the_inverse_change_against_a_fresh_revision ... ok
test tests::mixer_keyboard_handles_empty_removed_and_stale_selection_in_both_layouts ... ok
test tests::stopped_local_hub_is_not_polled_for_room_state ... ok
test tests::stopping_an_inflight_start_uses_the_independent_path_and_keeps_unknown_results_visible ... ok
test tests::two_failed_ipc_calls_do_not_prove_that_background_audio_stopped ... ok
test theme::tests::cached_font_bytes_are_read_once_and_reused ... ok
test tests::airplay_source_is_visible_searchable_and_admin_controls_follow_room_permissions ... ok
test i18n_tests::fifty_language_switches_preserve_drafts_targets_timers_and_backend_sessions ... ok
test theme::tests::fluent_direction_isolates_are_invisible_egui_glyphs ... ok
test tests::palette_enter_during_ime_composition_does_not_run_an_action ... ok
test widgets::localization_tests::translated_inline_title_keeps_identity_and_focus ... ok
test tests::sidebar_fits_seven_pages_and_actions_in_the_minimum_window ... ok
test widgets::localization_tests::translated_field_labels_keep_focus_draft_and_identity ... ok
test widgets::localization_tests::keyboard_combo_selection_closes_popup_and_returns_focus ... ok
test tests::pages_handle_missing_loading_failed_and_stale_states ... ok
test tests::mixer_arrows_follow_the_fader_direction_of_the_layout ... ok
test widgets::localization_tests::identical_display_labels_do_not_alias_business_field_ids ... ok
test tests::live_graph_moves_only_while_signal_flows ... ok
test i18n_tests::dual_language_eight_surfaces_cover_empty_full_busy_and_stale_states ... ok
test i18n_tests::long_user_names_and_double_scale_keep_actions_and_page_names_reachable ... ok

test result: ok. 74 passed; 0 failed; 0 ignored; 0 measured; 0 filtered out; finished in 0.55s

     Running unittests src/lib.rs (target/debug/deps/neonmix_desktop_service-ed47ed4c7ccbec1b)

running 16 tests
test daemon::discovery_tests::discovery_empty_completion_clears_removed_candidates_and_supports_single_line_output ... ok
test intent::tests::legacy_patch_requires_runtime_session_and_unchanged_undo_field ... ok
test intent::tests::legacy_patch_uses_one_fresh_revision_and_preserves_unmodified_fields ... ok
test daemon::discovery_tests::discovery_incomplete_or_malformed_output_is_an_error ... ok
test daemon::discovery_tests::discovery_returns_the_final_candidate_snapshot_instead_of_transient_events ... ok
test daemon::discovery_tests::unsupported_device_format_has_a_specific_redacted_error ... ok
test daemon::discovery_tests::receiver_pins_only_survive_authenticated_control_replies ... ok
test daemon::discovery_tests::persistent_fault_keeps_semantics_through_eof_and_unexpected_exit_noise ... ok
test managed::tests::cancelled_stop_completes_and_fifty_restarts_are_graceful ... ignored, requires the project-local neonmix-lifecycle-probe fixture
test managed::tests::failed_runtime_drop_keeps_guardian_alive_until_its_hung_media_exits ... ignored, requires the project-local neonmix-lifecycle-probe fixture
test managed::tests::hung_process_is_forced_with_a_bounded_wait ... ignored, requires the project-local neonmix-lifecycle-probe fixture
test manager::tests::accepted_stop_fences_queued_start_and_duplicate_stop_reuses_the_operation ... ok
test guardian::cleanup_tests::another_owner_lock_prevents_cleanup_and_file_replacement_does_not_get_deleted ... ok
test guardian::cleanup_tests::cleanup_keeps_persistent_identity_and_removes_only_captured_temporary_keys ... ok
test guardian::cleanup_tests::receiver_directory_symlink_fails_closed_without_deleting_other_directory_keys ... ok
test managed::ready_tests::five_real_child_startup_cases_use_latched_readiness_and_confirmed_exit ... ok

test result: ok. 13 passed; 0 failed; 3 ignored; 0 measured; 0 filtered out; finished in 2.38s

     Running unittests src/bin/neonmix-background.rs (target/debug/deps/neonmix_background-47fc6d8f9b9427e0)

running 0 tests

test result: ok. 0 passed; 0 failed; 0 ignored; 0 measured; 0 filtered out; finished in 0.00s

     Running unittests src/bin/neonmix-config-transaction-probe.rs (target/debug/deps/neonmix_config_transaction_probe-bdcb73dc6b22870e)

running 0 tests

test result: ok. 0 passed; 0 failed; 0 ignored; 0 measured; 0 filtered out; finished in 0.00s

     Running unittests src/bin/neonmix-guardian.rs (target/debug/deps/neonmix_guardian-576b7d13818356ed)

running 0 tests

test result: ok. 0 passed; 0 failed; 0 ignored; 0 measured; 0 filtered out; finished in 0.00s

     Running tests/fault_contract.rs (target/debug/deps/fault_contract-9985f154257ee9ae)

running 6 tests
test fault_does_not_bypass_diagnostic_export_whitelist ... ok
test real_reply_serialization_covers_all_four_client_backend_combinations ... ok
test real_persistent_status_serialization_is_compatible_in_both_directions ... ok
test disconnected_client_receives_public_connection_code_without_paths ... ok
test closed_fault_parameters_reject_unknown_types_secrets_and_invalid_ports ... ok
test all_codes_round_trip_and_legacy_mapping_never_uses_translated_sentences ... ok

test result: ok. 6 passed; 0 failed; 0 ignored; 0 measured; 0 filtered out; finished in 0.00s

     Running tests/lifecycle.rs (target/debug/deps/lifecycle-6da8a49d4e97e72d)

running 16 tests
test private_transport_rejects_unknown_commands_versions_oversize_paths_and_double_daemon ... ok
test metadata_versions_and_admin_aliases_fail_closed_without_loading_secrets ... ok
test ipc_settings_and_background_restart_use_the_same_recoverable_config_owner ... ok
test invitations_are_ephemeral_repeatable_and_export_contains_no_untrusted_strings ... ok
test bound_intent_rejects_identity_swap_and_preserves_id_and_frozen_credential_metadata ... ok
test disconnected_stop_client_still_reaps_and_late_ready_cannot_restart_media ... ok
test output_ipc_forwards_frozen_id_and_native_sync_uses_the_acknowledged_object ... ok
test forgetting_a_sender_stops_media_disables_persisted_binding_and_removes_profile ... ok
test ready_followed_by_stats_is_immediately_ready_through_real_ipc ... ok
test frozen_lifecycle_identity_and_stop_generation_reject_late_start_and_wrong_instance_stop ... ok
test status_stays_available_during_a_hung_ordinary_query_and_stop_interrupts_it ... ok
test structured_faults_take_priority_and_unknown_stderr_is_never_a_ui_message ... ok
test urgent_stop_interrupts_a_hung_read_only_query_and_reaps_its_process ... ok
test ui_disconnect_reopen_stop_shutdown_and_failed_media_are_authoritative ... ok
test stalled_partial_request_times_out_without_blocking_authoritative_status ... ok
test slow_remote_mutation_and_full_ordinary_quota_do_not_block_status_or_stop ... ok

test result: ok. 16 passed; 0 failed; 0 ignored; 0 measured; 0 filtered out; finished in 20.98s

     Running tests/redaction.rs (target/debug/deps/redaction-8b9f27e2053d246e)

running 5 tests
test airplay_timing_export_preserves_numbers_and_excludes_device_identity ... ok
test healthy_optional_error_stays_empty_and_secret_errors_are_removed ... ok
test numeric_phase_diagnostics_survive_but_malformed_error_arrays_are_removed ... ok
test multi_receiver_aliases_and_profile_key_fields_never_enter_diagnostics ... ok
test diagnostic_pin_and_nested_error_payloads_are_always_redacted ... ok

test result: ok. 5 passed; 0 failed; 0 ignored; 0 measured; 0 filtered out; finished in 0.00s

     Running tests/windows_native_ipc.rs (target/debug/deps/windows_native_ipc-38cb0984945d01f5)

running 0 tests

test result: ok. 0 passed; 0 failed; 0 ignored; 0 measured; 0 filtered out; finished in 0.00s

   Doc-tests neonmix_desktop_service

running 0 tests

test result: ok. 0 passed; 0 failed; 0 ignored; 0 measured; 0 filtered out; finished in 0.00s

