   Compiling bindgen v0.72.1
   Compiling zbus-lockstep-macros v0.4.4
   Compiling zbus-lockstep v0.4.4
   Compiling getrandom v0.3.4
   Compiling zerotrie v0.2.5
   Compiling potential_utf v0.1.6
   Compiling x11-dl v2.21.0
   Compiling thiserror-impl v2.0.21
   Compiling percent-encoding v2.3.2
   Compiling icu_properties_data v2.3.0
   Compiling parking_lot_core v0.9.12
   Compiling utf8_iter v1.0.4
   Compiling xcursor v0.3.11
   Compiling linux-raw-sys v0.4.15
   Compiling xkeysym v0.2.1
   Compiling libspa-sys v0.10.1
   Compiling cursor-icon v1.2.0
   Compiling simd-adler32 v0.3.10
   Compiling icu_normalizer_data v2.3.0
   Compiling wayland-csd-frame v0.3.0
   Compiling rustix v0.38.44
   Compiling wayland-cursor v0.31.14
   Compiling icu_collections v2.3.0
   Compiling thiserror v2.0.21
   Compiling icu_provider v2.3.1
   Compiling ahash v0.8.12
   Compiling atspi-common v0.6.0
   Compiling wayland-protocols-wlr v0.3.12
   Compiling memmap2 v0.9.11
   Compiling scopeguard v1.2.0
   Compiling adler2 v2.0.1
   Compiling accesskit v0.17.1
   Compiling crc32fast v1.5.2
   Compiling lock_api v0.4.14
   Compiling calloop v0.13.0
   Compiling gethostname v1.1.0
   Compiling foldhash v0.1.5
   Compiling ttf-parser v0.25.1
   Compiling as-raw-xcb-connection v1.0.1
   Compiling smithay-client-toolkit v0.19.2
   Compiling arrayvec v0.7.8
   Compiling x11rb-protocol v0.13.2
   Compiling immutable-chunkmap v2.1.4
   Compiling owned_ttf_parser v0.25.1
   Compiling hashbrown v0.15.5
   Compiling icu_normalizer v2.3.0
   Compiling calloop-wayland-source v0.3.0
   Compiling parking_lot v0.12.5
   Compiling icu_properties v2.3.0
   Compiling miniz_oxide v0.9.1
   Compiling atspi-proxies v0.6.0
   Compiling x11rb v0.13.2
   Compiling pipewire-sys v0.10.1
   Compiling emath v0.31.1
   Compiling libspa v0.10.1
   Compiling winit v0.30.13
   Compiling alsa-sys v0.4.0
   Compiling raw-window-handle v0.6.2
   Compiling ab_glyph_rasterizer v0.1.10
   Compiling ab_glyph v0.2.32
   Compiling ecolor v0.31.1
   Compiling atspi-connection v0.6.0
   Compiling flate2 v1.1.10
   Compiling idna_adapter v1.2.2
   Compiling accesskit_consumer v0.26.0
   Compiling miniz_oxide v0.8.9
   Compiling fdeflate v0.3.7
   Compiling xkbcommon-dl v0.4.2
   Compiling glutin_glx_sys v0.6.1
   Compiling glutin_egl_sys v0.7.1
   Compiling num-integer v0.1.47
   Compiling wayland-protocols-plasma v0.3.12
   Compiling calloop v0.14.4
   Compiling nom v8.0.0
   Compiling pxfm v0.1.30
   Compiling smol_str v0.2.2
   Compiling dpi v0.1.2
   Compiling smithay-client-toolkit v0.20.0
   Compiling profiling v1.0.18
   Compiling epaint_default_fonts v0.31.1
   Compiling cookie-factory v0.3.3
   Compiling nohash-hasher v0.2.0
   Compiling epaint v0.31.1
   Compiling moxcms v0.8.1
   Compiling calloop-wayland-source v0.4.1
   Compiling rubato v0.16.2
   Compiling png v0.18.1
   Compiling accesskit_atspi_common v0.10.1
   Compiling idna v1.1.0
   Compiling atspi v0.22.0
   Compiling form_urlencoded v1.2.2
   Compiling wayland-protocols-misc v0.3.12
   Compiling wayland-protocols-experimental v20250721.0.1
   Compiling glutin v0.32.3
   Compiling utf8parse v0.2.2
   Compiling zmij v1.0.23
   Compiling cpal v0.18.2 (/home/parallels/NeonMix/vendor/cpal)
   Compiling byteorder-lite v0.1.0
   Compiling rtrb v0.3.2
   Compiling image v0.25.10
   Compiling neonmix-core v0.1.0 (/home/parallels/NeonMix/crates/audio-core)
   Compiling anstyle-parse v1.0.0
   Compiling url v2.5.8
   Compiling alsa v0.11.0
   Compiling pipewire v0.10.0
   Compiling accesskit_unix v0.13.1
   Compiling egui v0.31.1
   Compiling glutin-winit v0.5.0
   Compiling dasp_sample v0.11.0
   Compiling serde_json v1.0.151
   Compiling colorchoice v1.0.5
   Compiling anstyle v1.0.14
   Compiling anstyle-query v1.1.5
   Compiling is_terminal_polyfill v1.70.2
   Compiling anstream v1.0.0
   Compiling accesskit_winit v0.23.1
   Compiling webbrowser v1.2.4
   Compiling smithay-clipboard v0.7.3
   Compiling arboard v3.6.1
   Compiling litrs v1.0.0
   Compiling web-time v1.1.0
   Compiling glow v0.16.0
   Compiling clap_lex v1.1.1
   Compiling itoa v1.0.18
   Compiling strsim v0.11.1
   Compiling egui_glow v0.31.1
   Compiling clap_builder v4.6.7
   Compiling egui-winit v0.31.1
   Compiling document-features v0.2.12
   Compiling neonmix-io v0.1.0 (/home/parallels/NeonMix/crates/audio-io)
   Compiling clap_derive v4.6.7
   Compiling clap v4.6.7
   Compiling neonmix-linux v0.1.0 (/home/parallels/NeonMix/adapters/linux)
   Compiling eframe v0.31.1
   Compiling neonmix-audio v0.1.0 (/home/parallels/NeonMix/apps/audio)
   Compiling neonmix-desktop v0.1.0 (/home/parallels/NeonMix/apps/desktop)
    Finished `release` profile [optimized + debuginfo] target(s) in 1m 37s
