    Checking mio v1.2.3
    Checking tympan-aspl v0.1.0 (/Volumes/projects-mac/NeonMix/vendor/tympan-aspl)
    Checking neonmix-media v0.1.0 (/Volumes/projects-mac/NeonMix/crates/media)
   Compiling neonmix-hub v0.1.0 (/Volumes/projects-mac/NeonMix/apps/hub)
    Checking tokio v1.53.1
    Checking neonmix-hal v0.1.0 (/Volumes/projects-mac/NeonMix/drivers/macos/hal)
    Checking tokio-util v0.7.19
    Checking tokio-rustls v0.26.6
    Checking tower v0.5.3
    Checking fs-err v3.3.1
    Checking neonmix-audio v0.1.0 (/Volumes/projects-mac/NeonMix/apps/audio)
    Checking tokio-tungstenite v0.29.0
    Checking h2 v0.4.19
    Checking tower-http v0.6.11
    Checking hyper v1.11.1
    Checking hyper-util v0.1.21
    Checking hyper-rustls v0.27.10
    Checking axum-server v0.7.3
    Checking axum v0.8.9
    Checking reqwest v0.12.28
    Finished `dev` profile [unoptimized + debuginfo] target(s) in 6.78s
